Archive member included because of file (symbol)

/usr/lib/gcc/avr/4.8.1/avr5/libgcc.a(_udivmodhi4.o)
                              placaAdicionalChopper.o (__udivmodhi4)
/usr/lib/gcc/avr/4.8.1/avr5/libgcc.a(_udivmodsi4.o)
                              placaAdicionalChopper.o (__udivmodsi4)
/usr/lib/gcc/avr/4.8.1/avr5/libgcc.a(_exit.o)
                              /usr/lib/gcc/avr/4.8.1/../../../avr/lib/avr5/crtm328p.o (exit)
/usr/lib/gcc/avr/4.8.1/avr5/libgcc.a(_tablejump.o)
                              ATmega328.o (__tablejump2__)
/usr/lib/gcc/avr/4.8.1/avr5/libgcc.a(_copy_data.o)
                              placaAdicionalChopper.o (__do_copy_data)
/usr/lib/gcc/avr/4.8.1/avr5/libgcc.a(_clear_bss.o)
                              placaAdicionalChopper.o (__do_clear_bss)
/usr/lib/gcc/avr/4.8.1/avr5/libgcc.a(_ashrdi3.o)
                              ATmega328.o (__lshrdi3)
/usr/lib/gcc/avr/4.8.1/../../../avr/lib/avr5/libc.a(iob.o)
                              ATmega328.o (__iob)

Allocating common symbols
Common symbol       size              file

usartReceiverBuffer
                    0x32              ATmega328.o
usartReceiverBufferNextWrite
                    0x1               ATmega328.o
usartReceiverBufferLength
                    0x1               ATmega328.o
usartReceiverBufferNextRead
                    0x1               ATmega328.o
__iob               0x6               /usr/lib/gcc/avr/4.8.1/../../../avr/lib/avr5/libc.a(iob.o)

Memory Configuration

Name             Origin             Length             Attributes
text             0x0000000000000000 0x0000000000020000 xr
data             0x0000000000800060 0x000000000000ffa0 rw !x
eeprom           0x0000000000810000 0x0000000000010000 rw !x
fuse             0x0000000000820000 0x0000000000000400 rw !x
lock             0x0000000000830000 0x0000000000000400 rw !x
signature        0x0000000000840000 0x0000000000000400 rw !x
user_signatures  0x0000000000850000 0x0000000000000400 rw !x
*default*        0x0000000000000000 0xffffffffffffffff

Linker script and memory map

Address of section .data set to 0x800100
LOAD /usr/lib/gcc/avr/4.8.1/../../../avr/lib/avr5/crtm328p.o
LOAD placaAdicionalChopper.o
LOAD ATmega328.o
START GROUP
LOAD /usr/lib/gcc/avr/4.8.1/avr5/libgcc.a
LOAD /usr/lib/gcc/avr/4.8.1/../../../avr/lib/avr5/libm.a
LOAD /usr/lib/gcc/avr/4.8.1/../../../avr/lib/avr5/libc.a
END GROUP

.hash
 *(.hash)

.dynsym
 *(.dynsym)

.dynstr
 *(.dynstr)

.gnu.version
 *(.gnu.version)

.gnu.version_d
 *(.gnu.version_d)

.gnu.version_r
 *(.gnu.version_r)

.rel.init
 *(.rel.init)

.rela.init
 *(.rela.init)

.rel.text
 *(.rel.text)
 *(.rel.text.*)
 *(.rel.gnu.linkonce.t*)

.rela.text
 *(.rela.text)
 *(.rela.text.*)
 *(.rela.gnu.linkonce.t*)

.rel.fini
 *(.rel.fini)

.rela.fini
 *(.rela.fini)

.rel.rodata
 *(.rel.rodata)
 *(.rel.rodata.*)
 *(.rel.gnu.linkonce.r*)

.rela.rodata
 *(.rela.rodata)
 *(.rela.rodata.*)
 *(.rela.gnu.linkonce.r*)

.rel.data
 *(.rel.data)
 *(.rel.data.*)
 *(.rel.gnu.linkonce.d*)

.rela.data
 *(.rela.data)
 *(.rela.data.*)
 *(.rela.gnu.linkonce.d*)

.rel.ctors
 *(.rel.ctors)

.rela.ctors
 *(.rela.ctors)

.rel.dtors
 *(.rel.dtors)

.rela.dtors
 *(.rela.dtors)

.rel.got
 *(.rel.got)

.rela.got
 *(.rela.got)

.rel.bss
 *(.rel.bss)

.rela.bss
 *(.rela.bss)

.rel.plt
 *(.rel.plt)

.rela.plt
 *(.rela.plt)

.text           0x0000000000000000     0x149e
 *(.vectors)
 .vectors       0x0000000000000000       0x68 /usr/lib/gcc/avr/4.8.1/../../../avr/lib/avr5/crtm328p.o
                0x0000000000000000                __vectors
                0x0000000000000000                __vector_default
 *(.vectors)
 *(.progmem.gcc*)
 .progmem.gcc_sw_table
                0x0000000000000068       0x30 ATmega328.o
                0x0000000000000098                . = ALIGN (0x2)
                0x0000000000000098                __trampolines_start = .
 *(.trampolines)
 .trampolines   0x0000000000000098        0x0 linker stubs
 *(.trampolines*)
                0x0000000000000098                __trampolines_end = .
 *(.progmem*)
                0x0000000000000098                . = ALIGN (0x2)
 *(.jumptables)
 *(.jumptables*)
 *(.lowtext)
 *(.lowtext*)
                0x0000000000000098                __ctors_start = .
 *(.ctors)
                0x0000000000000098                __ctors_end = .
                0x0000000000000098                __dtors_start = .
 *(.dtors)
                0x0000000000000098                __dtors_end = .
 SORT(*)(.ctors)
 SORT(*)(.dtors)
 *(.init0)
 .init0         0x0000000000000098        0x0 /usr/lib/gcc/avr/4.8.1/../../../avr/lib/avr5/crtm328p.o
                0x0000000000000098                __init
 *(.init0)
 *(.init1)
 *(.init1)
 *(.init2)
 .init2         0x0000000000000098        0xc /usr/lib/gcc/avr/4.8.1/../../../avr/lib/avr5/crtm328p.o
 *(.init2)
 *(.init3)
 *(.init3)
 *(.init4)
 .init4         0x00000000000000a4       0x16 /usr/lib/gcc/avr/4.8.1/avr5/libgcc.a(_copy_data.o)
                0x00000000000000a4                __do_copy_data
 .init4         0x00000000000000ba       0x10 /usr/lib/gcc/avr/4.8.1/avr5/libgcc.a(_clear_bss.o)
                0x00000000000000ba                __do_clear_bss
 *(.init4)
 *(.init5)
 *(.init5)
 *(.init6)
 *(.init6)
 *(.init7)
 *(.init7)
 *(.init8)
 *(.init8)
 *(.init9)
 .init9         0x00000000000000ca        0x8 /usr/lib/gcc/avr/4.8.1/../../../avr/lib/avr5/crtm328p.o
 *(.init9)
 *(.text)
 .text          0x00000000000000d2        0x4 /usr/lib/gcc/avr/4.8.1/../../../avr/lib/avr5/crtm328p.o
                0x00000000000000d2                __vector_22
                0x00000000000000d2                __vector_1
                0x00000000000000d2                __vector_24
                0x00000000000000d2                __bad_interrupt
                0x00000000000000d2                __vector_6
                0x00000000000000d2                __vector_3
                0x00000000000000d2                __vector_23
                0x00000000000000d2                __vector_25
                0x00000000000000d2                __vector_13
                0x00000000000000d2                __vector_17
                0x00000000000000d2                __vector_19
                0x00000000000000d2                __vector_7
                0x00000000000000d2                __vector_5
                0x00000000000000d2                __vector_4
                0x00000000000000d2                __vector_9
                0x00000000000000d2                __vector_2
                0x00000000000000d2                __vector_15
                0x00000000000000d2                __vector_8
                0x00000000000000d2                __vector_14
                0x00000000000000d2                __vector_10
                0x00000000000000d2                __vector_16
                0x00000000000000d2                __vector_18
                0x00000000000000d2                __vector_20
 .text          0x00000000000000d6      0x15e placaAdicionalChopper.o
                0x00000000000000d6                seta_dc
                0x0000000000000124                __vector_21
                0x00000000000001e2                __vector_11
                0x0000000000000212                __vector_12
 .text          0x0000000000000234     0x10e4 ATmega328.o
                0x0000000000000234                usartReceiveStd
                0x0000000000000244                globalInterruptEnable
                0x0000000000000248                globalInterruptDisable
                0x000000000000024c                systemClockSetPrescaler
                0x0000000000000298                eepromSetOperationMode
                0x00000000000002aa                eepromReadyActivateInterrupt
                0x00000000000002ae                eepromReadyDeactivateInterrupt
                0x00000000000002b2                eepromWrite
                0x00000000000002cc                eepromRead
                0x00000000000002dc                globalPullUpEnable
                0x00000000000002e4                pullUpDisable
                0x00000000000002ec                int0Config
                0x000000000000034a                int0ActivateInterrupt
                0x000000000000034e                int0DeactivateInterrupt
                0x0000000000000352                int0ClearInterruptRequest
                0x0000000000000356                int1Config
                0x00000000000003b4                int1ActivateInterrupt
                0x00000000000003b8                int1DeactivateInterrupt
                0x00000000000003bc                int1ClearInterruptRequest
                0x00000000000003c0                pcint7_0Enable
                0x00000000000003cc                pcint7_0Disable
                0x00000000000003d8                pcint7_0ClearInterruptRequest
                0x00000000000003dc                pcint0ActivateInterrupt
                0x0000000000000418                pcint0DeactivateInterrupt
                0x0000000000000424                pcint1ActivateInterrupt
                0x0000000000000460                pcint1DeactivateInterrupt
                0x000000000000046c                pcint2ActivateInterrupt
                0x00000000000004a8                pcint2DeactivateInterrupt
                0x00000000000004b4                pcint3ActivateInterrupt
                0x00000000000004f0                pcint3DeactivateInterrupt
                0x00000000000004fc                pcint4ActivateInterrupt
                0x0000000000000538                pcint4DeactivateInterrupt
                0x0000000000000544                pcint5ActivateInterrupt
                0x0000000000000580                pcint5DeactivateInterrupt
                0x000000000000058c                pcint6ActivateInterrupt
                0x00000000000005c8                pcint6DeactivateInterrupt
                0x00000000000005d4                pcint7ActivateInterrupt
                0x0000000000000610                pcint7DeactivateInterrupt
                0x000000000000061c                pcint14_8Enable
                0x0000000000000628                pcint14_8Disable
                0x0000000000000634                pcint14_8ClearInterruptRequest
                0x0000000000000638                pcint8ActivateInterrupt
                0x0000000000000674                pcint8DeactivateInterrupt
                0x0000000000000680                pcint9ActivateInterrupt
                0x00000000000006bc                pcint9DeactivateInterrupt
                0x00000000000006c8                pcint10ActivateInterrupt
                0x0000000000000704                pcint10DeactivateInterrupt
                0x0000000000000710                pcint11ActivateInterrupt
                0x000000000000074c                pcint11DeactivateInterrupt
                0x0000000000000758                pcint12ActivateInterrupt
                0x0000000000000794                pcint12DeactivateInterrupt
                0x00000000000007a0                pcint13ActivateInterrupt
                0x00000000000007dc                pcint13DeactivateInterrupt
                0x00000000000007e8                pcint14ActivateInterrupt
                0x0000000000000824                pcint14DeactivateInterrupt
                0x0000000000000830                pcint23_16Enable
                0x000000000000083c                pcint23_16Disable
                0x0000000000000848                pcint23_16ClearInterruptRequest
                0x000000000000084c                pcint16ActivateInterrupt
                0x0000000000000888                pcint16DeactivateInterrupt
                0x0000000000000894                pcint17ActivateInterrupt
                0x00000000000008d0                pcint17DeactivateInterrupt
                0x00000000000008dc                pcint18ActivateInterrupt
                0x0000000000000918                pcint18DeactivateInterrupt
                0x0000000000000924                pcint19ActivateInterrupt
                0x0000000000000960                pcint19DeactivateInterrupt
                0x000000000000096c                pcint20ActivateInterrupt
                0x00000000000009a8                pcint20DeactivateInterrupt
                0x00000000000009b4                pcint21ActivateInterrupt
                0x00000000000009f0                pcint21DeactivateInterrupt
                0x00000000000009fc                pcint22ActivateInterrupt
                0x0000000000000a38                pcint22DeactivateInterrupt
                0x0000000000000a44                pcint23ActivateInterrupt
                0x0000000000000a80                pcint23DeactivateInterrupt
                0x0000000000000a8c                timer0Config
                0x0000000000000b08                timer0OutputConfig
                0x0000000000000b5a                timer0ActivateOverflowInterrupt
                0x0000000000000b66                timer0DeactivateOverflowInterrupt
                0x0000000000000b72                timer0ClearOverflowInterruptRequest
                0x0000000000000b76                timer0ActivateCompareAInterrupt
                0x0000000000000b82                timer0DeactivateCompareAInterrupt
                0x0000000000000b8e                timer0ClearCompareAInterruptRequest
                0x0000000000000b92                timer0ActivateCompareBInterrupt
                0x0000000000000b9e                timer0DeactivateCompareBInterrupt
                0x0000000000000baa                timer0ClearCompareBInterruptRequest
                0x0000000000000bae                timer0ForceCompareA
                0x0000000000000bb6                timer0ForceCompareB
                0x0000000000000bbe                timer0SetCounterValue
                0x0000000000000bc2                timer0GetCounterValue
                0x0000000000000bc6                timer0SetCompareAValue
                0x0000000000000bca                timer0GetCompareAValue
                0x0000000000000bce                timer0SetCompareBValue
                0x0000000000000bd2                timer0GetCompareBValue
                0x0000000000000bd6                timer1Config
                0x0000000000000c10                timer1OutputConfig
                0x0000000000000c3c                timer1InputCaptureNoiseCancelerConfig
                0x0000000000000c4c                timer1ActivateOverflowInterrupt
                0x0000000000000c5a                timer1DeactivateOverflowInterrupt
                0x0000000000000c68                timer1ClearOverflowInterruptRequest
                0x0000000000000c6e                timer1ActivateCompareAInterrupt
                0x0000000000000c7c                timer1DeactivateCompareAInterrupt
                0x0000000000000c8a                timer1ClearCompareAInterruptRequest
                0x0000000000000c90                timer1ActivateCompareBInterrupt
                0x0000000000000c9e                timer1DeactivateCompareBInterrupt
                0x0000000000000cac                timer1ClearCompareBInterruptRequest
                0x0000000000000cb2                timer1ActivateInputCaptureInterrupt
                0x0000000000000cc0                timer1DeactivateInputCaptureInterrupt
                0x0000000000000cce                timer1ClearInputCaptureInterruptRequest
                0x0000000000000cd4                timer1ForceCompareA
                0x0000000000000ce2                timer1ForceCompareB
                0x0000000000000cf0                timer1SetCounterValue
                0x0000000000000d02                timer1GetCounterValue
                0x0000000000000d0c                timer1SetCompareAValue
                0x0000000000000d1e                timer1GetCompareAValue
                0x0000000000000d28                timer1SetCompareBValue
                0x0000000000000d3a                timer1GetCompareBValue
                0x0000000000000d44                timer1SetInputCaptureValue
                0x0000000000000d56                timer1GetInputCaptureValue
                0x0000000000000d60                timer2Config
                0x0000000000000d90                timer2OutputConfig
                0x0000000000000dbc                timer2ActivateOverflowInterrupt
                0x0000000000000dca                timer2DeactivateOverflowInterrupt
                0x0000000000000dd8                timer2ClearOverflowInterruptRequest
                0x0000000000000dde                timer2ActivateCompareAInterrupt
                0x0000000000000dec                timer2DeactivateCompareAInterrupt
                0x0000000000000dfa                timer2ClearCompareAInterruptRequest
                0x0000000000000e00                timer2ActivateCompareBInterrupt
                0x0000000000000e0e                timer2DeactivateCompareBInterrupt
                0x0000000000000e1c                timer2ClearCompareBInterruptRequest
                0x0000000000000e22                timer2ForceCompareA
                0x0000000000000e30                timer2ForceCompareB
                0x0000000000000e3e                timer2SetCounterValue
                0x0000000000000e46                timer2GetCounterValue
                0x0000000000000e4c                timer2SetCompareAValue
                0x0000000000000e54                timer2GetCompareAValue
                0x0000000000000e5a                timer2SetCompareBValue
                0x0000000000000e62                timer2GetCompareBValue
                0x0000000000000e68                adcConfig
                0x0000000000000eea                adcSelectChannel
                0x0000000000000efa                adcEnableDigitalInput
                0x0000000000000f0a                adcDisableDigitalInput
                0x0000000000000f18                adcDataPresentation
                0x0000000000000f32                adcEnable
                0x0000000000000f40                adcDisable
                0x0000000000000f4e                adcClearInterruptRequest
                0x0000000000000f5c                adcActivateInterrupt
                0x0000000000000f6a                adcDeactivateInterrupt
                0x0000000000000f78                adcStartConversion
                0x0000000000000f86                adcIsBusy
                0x0000000000000f92                adcWaitUntilConversionFinish
                0x0000000000000f9e                usartConfig
                0x00000000000010a8                usartEnableReceiver
                0x00000000000010b6                usartDisableReceiver
                0x00000000000010c4                usartEnableTransmitter
                0x00000000000010d2                usartDisableTransmitter
                0x00000000000010e0                usartActivateReceptionCompleteInterrupt
                0x00000000000010ee                usartDeactivateReceptionCompleteInterrupt
                0x00000000000010fc                usartActivateTransmissionCompleteInterrupt
                0x000000000000110a                usartDeactivateTransmissionCompleteInterrupt
                0x0000000000001118                usartActivateBufferEmptyInterrupt
                0x0000000000001126                usartDeactivateBufferEmptyInterrupt
                0x0000000000001134                usartStdio
                0x0000000000001154                usartIsReceptionComplete
                0x0000000000001160                usartIsTransmissionComplete
                0x000000000000116c                usartIsBufferEmpty
                0x0000000000001178                usartTransmitStd
                0x000000000000118e                usartCheckError
                0x00000000000011b8                usartTransmit
                0x00000000000011ce                usartTransmit9bits
                0x0000000000001200                usartReceive
                0x0000000000001212                usartReceive9bits
                0x0000000000001238                usartClearReceptionBuffer
                0x0000000000001248                usartAddDataToReceiverBuffer
                0x00000000000012a8                usartGetDataFromReceiverBuffer
                0x00000000000012ec                usartIsReceiverBufferEmpty
                0x00000000000012f8                usartGetCurrentBaudRate
                0x0000000000001300                spiInit
                0x0000000000001302                spiMasterTransmit
                0x000000000000130e                spiSlaveTransmit
 .text          0x0000000000001318        0x0 /usr/lib/gcc/avr/4.8.1/avr5/libgcc.a(_udivmodhi4.o)
 .text          0x0000000000001318        0x0 /usr/lib/gcc/avr/4.8.1/avr5/libgcc.a(_udivmodsi4.o)
 .text          0x0000000000001318        0x0 /usr/lib/gcc/avr/4.8.1/avr5/libgcc.a(_exit.o)
 .text          0x0000000000001318        0x0 /usr/lib/gcc/avr/4.8.1/avr5/libgcc.a(_tablejump.o)
 .text          0x0000000000001318        0x0 /usr/lib/gcc/avr/4.8.1/avr5/libgcc.a(_copy_data.o)
 .text          0x0000000000001318        0x0 /usr/lib/gcc/avr/4.8.1/avr5/libgcc.a(_clear_bss.o)
 .text          0x0000000000001318        0x0 /usr/lib/gcc/avr/4.8.1/avr5/libgcc.a(_ashrdi3.o)
 .text          0x0000000000001318        0x0 /usr/lib/gcc/avr/4.8.1/../../../avr/lib/avr5/libc.a(iob.o)
                0x0000000000001318                . = ALIGN (0x2)
 *(.text.*)
 .text.startup  0x0000000000001318       0xce placaAdicionalChopper.o
                0x0000000000001318                main
 .text.libgcc.mul
                0x00000000000013e6        0x0 /usr/lib/gcc/avr/4.8.1/avr5/libgcc.a(_udivmodhi4.o)
 .text.libgcc.div
                0x00000000000013e6       0x28 /usr/lib/gcc/avr/4.8.1/avr5/libgcc.a(_udivmodhi4.o)
                0x00000000000013e6                __udivmodhi4
 .text.libgcc   0x000000000000140e        0x0 /usr/lib/gcc/avr/4.8.1/avr5/libgcc.a(_udivmodhi4.o)
 .text.libgcc.prologue
                0x000000000000140e        0x0 /usr/lib/gcc/avr/4.8.1/avr5/libgcc.a(_udivmodhi4.o)
 .text.libgcc.builtins
                0x000000000000140e        0x0 /usr/lib/gcc/avr/4.8.1/avr5/libgcc.a(_udivmodhi4.o)
 .text.libgcc.fmul
                0x000000000000140e        0x0 /usr/lib/gcc/avr/4.8.1/avr5/libgcc.a(_udivmodhi4.o)
 .text.libgcc.fixed
                0x000000000000140e        0x0 /usr/lib/gcc/avr/4.8.1/avr5/libgcc.a(_udivmodhi4.o)
 .text.libgcc.mul
                0x000000000000140e        0x0 /usr/lib/gcc/avr/4.8.1/avr5/libgcc.a(_udivmodsi4.o)
 .text.libgcc.div
                0x000000000000140e       0x44 /usr/lib/gcc/avr/4.8.1/avr5/libgcc.a(_udivmodsi4.o)
                0x000000000000140e                __udivmodsi4
 .text.libgcc   0x0000000000001452        0x0 /usr/lib/gcc/avr/4.8.1/avr5/libgcc.a(_udivmodsi4.o)
 .text.libgcc.prologue
                0x0000000000001452        0x0 /usr/lib/gcc/avr/4.8.1/avr5/libgcc.a(_udivmodsi4.o)
 .text.libgcc.builtins
                0x0000000000001452        0x0 /usr/lib/gcc/avr/4.8.1/avr5/libgcc.a(_udivmodsi4.o)
 .text.libgcc.fmul
                0x0000000000001452        0x0 /usr/lib/gcc/avr/4.8.1/avr5/libgcc.a(_udivmodsi4.o)
 .text.libgcc.fixed
                0x0000000000001452        0x0 /usr/lib/gcc/avr/4.8.1/avr5/libgcc.a(_udivmodsi4.o)
 .text.libgcc.mul
                0x0000000000001452        0x0 /usr/lib/gcc/avr/4.8.1/avr5/libgcc.a(_exit.o)
 .text.libgcc.div
                0x0000000000001452        0x0 /usr/lib/gcc/avr/4.8.1/avr5/libgcc.a(_exit.o)
 .text.libgcc   0x0000000000001452        0x0 /usr/lib/gcc/avr/4.8.1/avr5/libgcc.a(_exit.o)
 .text.libgcc.prologue
                0x0000000000001452        0x0 /usr/lib/gcc/avr/4.8.1/avr5/libgcc.a(_exit.o)
 .text.libgcc.builtins
                0x0000000000001452        0x0 /usr/lib/gcc/avr/4.8.1/avr5/libgcc.a(_exit.o)
 .text.libgcc.fmul
                0x0000000000001452        0x0 /usr/lib/gcc/avr/4.8.1/avr5/libgcc.a(_exit.o)
 .text.libgcc.fixed
                0x0000000000001452        0x0 /usr/lib/gcc/avr/4.8.1/avr5/libgcc.a(_exit.o)
 .text.libgcc.mul
                0x0000000000001452        0x0 /usr/lib/gcc/avr/4.8.1/avr5/libgcc.a(_tablejump.o)
 .text.libgcc.div
                0x0000000000001452        0x0 /usr/lib/gcc/avr/4.8.1/avr5/libgcc.a(_tablejump.o)
 .text.libgcc   0x0000000000001452        0xc /usr/lib/gcc/avr/4.8.1/avr5/libgcc.a(_tablejump.o)
                0x0000000000001452                __tablejump2__
                0x0000000000001456                __tablejump__
 .text.libgcc.prologue
                0x000000000000145e        0x0 /usr/lib/gcc/avr/4.8.1/avr5/libgcc.a(_tablejump.o)
 .text.libgcc.builtins
                0x000000000000145e        0x0 /usr/lib/gcc/avr/4.8.1/avr5/libgcc.a(_tablejump.o)
 .text.libgcc.fmul
                0x000000000000145e        0x0 /usr/lib/gcc/avr/4.8.1/avr5/libgcc.a(_tablejump.o)
 .text.libgcc.fixed
                0x000000000000145e        0x0 /usr/lib/gcc/avr/4.8.1/avr5/libgcc.a(_tablejump.o)
 .text.libgcc.mul
                0x000000000000145e        0x0 /usr/lib/gcc/avr/4.8.1/avr5/libgcc.a(_copy_data.o)
 .text.libgcc.div
                0x000000000000145e        0x0 /usr/lib/gcc/avr/4.8.1/avr5/libgcc.a(_copy_data.o)
 .text.libgcc   0x000000000000145e        0x0 /usr/lib/gcc/avr/4.8.1/avr5/libgcc.a(_copy_data.o)
 .text.libgcc.prologue
                0x000000000000145e        0x0 /usr/lib/gcc/avr/4.8.1/avr5/libgcc.a(_copy_data.o)
 .text.libgcc.builtins
                0x000000000000145e        0x0 /usr/lib/gcc/avr/4.8.1/avr5/libgcc.a(_copy_data.o)
 .text.libgcc.fmul
                0x000000000000145e        0x0 /usr/lib/gcc/avr/4.8.1/avr5/libgcc.a(_copy_data.o)
 .text.libgcc.fixed
                0x000000000000145e        0x0 /usr/lib/gcc/avr/4.8.1/avr5/libgcc.a(_copy_data.o)
 .text.libgcc.mul
                0x000000000000145e        0x0 /usr/lib/gcc/avr/4.8.1/avr5/libgcc.a(_clear_bss.o)
 .text.libgcc.div
                0x000000000000145e        0x0 /usr/lib/gcc/avr/4.8.1/avr5/libgcc.a(_clear_bss.o)
 .text.libgcc   0x000000000000145e        0x0 /usr/lib/gcc/avr/4.8.1/avr5/libgcc.a(_clear_bss.o)
 .text.libgcc.prologue
                0x000000000000145e        0x0 /usr/lib/gcc/avr/4.8.1/avr5/libgcc.a(_clear_bss.o)
 .text.libgcc.builtins
                0x000000000000145e        0x0 /usr/lib/gcc/avr/4.8.1/avr5/libgcc.a(_clear_bss.o)
 .text.libgcc.fmul
                0x000000000000145e        0x0 /usr/lib/gcc/avr/4.8.1/avr5/libgcc.a(_clear_bss.o)
 .text.libgcc.fixed
                0x000000000000145e        0x0 /usr/lib/gcc/avr/4.8.1/avr5/libgcc.a(_clear_bss.o)
 .text.libgcc.mul
                0x000000000000145e        0x0 /usr/lib/gcc/avr/4.8.1/avr5/libgcc.a(_ashrdi3.o)
 .text.libgcc.div
                0x000000000000145e        0x0 /usr/lib/gcc/avr/4.8.1/avr5/libgcc.a(_ashrdi3.o)
 .text.libgcc   0x000000000000145e        0x0 /usr/lib/gcc/avr/4.8.1/avr5/libgcc.a(_ashrdi3.o)
 .text.libgcc.prologue
                0x000000000000145e        0x0 /usr/lib/gcc/avr/4.8.1/avr5/libgcc.a(_ashrdi3.o)
 .text.libgcc.builtins
                0x000000000000145e       0x3c /usr/lib/gcc/avr/4.8.1/avr5/libgcc.a(_ashrdi3.o)
                0x000000000000145e                __ashrdi3
                0x0000000000001462                __lshrdi3
 .text.libgcc.fmul
                0x000000000000149a        0x0 /usr/lib/gcc/avr/4.8.1/avr5/libgcc.a(_ashrdi3.o)
 .text.libgcc.fixed
                0x000000000000149a        0x0 /usr/lib/gcc/avr/4.8.1/avr5/libgcc.a(_ashrdi3.o)
                0x000000000000149a                . = ALIGN (0x2)
 *(.fini9)
 .fini9         0x000000000000149a        0x0 /usr/lib/gcc/avr/4.8.1/avr5/libgcc.a(_exit.o)
                0x000000000000149a                exit
                0x000000000000149a                _exit
 *(.fini9)
 *(.fini8)
 *(.fini8)
 *(.fini7)
 *(.fini7)
 *(.fini6)
 *(.fini6)
 *(.fini5)
 *(.fini5)
 *(.fini4)
 *(.fini4)
 *(.fini3)
 *(.fini3)
 *(.fini2)
 *(.fini2)
 *(.fini1)
 *(.fini1)
 *(.fini0)
 .fini0         0x000000000000149a        0x4 /usr/lib/gcc/avr/4.8.1/avr5/libgcc.a(_exit.o)
 *(.fini0)
                0x000000000000149e                _etext = .

.data           0x0000000000800100       0x1c load address 0x000000000000149e
                0x0000000000800100                PROVIDE (__data_start, .)
 *(.data)
 .data          0x0000000000800100        0x0 /usr/lib/gcc/avr/4.8.1/../../../avr/lib/avr5/crtm328p.o
 .data          0x0000000000800100        0xe placaAdicionalChopper.o
                0x0000000000800100                minVotage
                0x0000000000800101                voltage
                0x0000000000800102                maxTemp
                0x0000000000800103                temperature
                0x0000000000800104                dms
                0x0000000000800105                on
                0x0000000000800106                maxDV
                0x0000000000800107                maxDC
                0x0000000000800108                minDC
                0x0000000000800109                maxCurrent
                0x000000000080010a                freq
                0x000000000080010c                mode
                0x000000000080010d                channel
 .data          0x000000000080010e        0xe ATmega328.o
                0x000000000080010e                usartStream
 .data          0x000000000080011c        0x0 /usr/lib/gcc/avr/4.8.1/avr5/libgcc.a(_udivmodhi4.o)
 .data          0x000000000080011c        0x0 /usr/lib/gcc/avr/4.8.1/avr5/libgcc.a(_udivmodsi4.o)
 .data          0x000000000080011c        0x0 /usr/lib/gcc/avr/4.8.1/avr5/libgcc.a(_exit.o)
 .data          0x000000000080011c        0x0 /usr/lib/gcc/avr/4.8.1/avr5/libgcc.a(_tablejump.o)
 .data          0x000000000080011c        0x0 /usr/lib/gcc/avr/4.8.1/avr5/libgcc.a(_copy_data.o)
 .data          0x000000000080011c        0x0 /usr/lib/gcc/avr/4.8.1/avr5/libgcc.a(_clear_bss.o)
 .data          0x000000000080011c        0x0 /usr/lib/gcc/avr/4.8.1/avr5/libgcc.a(_ashrdi3.o)
 .data          0x000000000080011c        0x0 /usr/lib/gcc/avr/4.8.1/../../../avr/lib/avr5/libc.a(iob.o)
 *(.data*)
 *(.rodata)
 *(.rodata*)
 *(.gnu.linkonce.d*)
                0x000000000080011c                . = ALIGN (0x2)
                0x000000000080011c                _edata = .
                0x000000000080011c                PROVIDE (__data_end, .)

.bss            0x000000000080011c       0x3e
                0x000000000080011c                PROVIDE (__bss_start, .)
 *(.bss)
 .bss           0x000000000080011c        0x0 /usr/lib/gcc/avr/4.8.1/../../../avr/lib/avr5/crtm328p.o
 .bss           0x000000000080011c        0x3 placaAdicionalChopper.o
                0x000000000080011c                dcReq
                0x000000000080011d                dc
                0x000000000080011e                current
 .bss           0x000000000080011f        0x0 ATmega328.o
 .bss           0x000000000080011f        0x0 /usr/lib/gcc/avr/4.8.1/avr5/libgcc.a(_udivmodhi4.o)
 .bss           0x000000000080011f        0x0 /usr/lib/gcc/avr/4.8.1/avr5/libgcc.a(_udivmodsi4.o)
 .bss           0x000000000080011f        0x0 /usr/lib/gcc/avr/4.8.1/avr5/libgcc.a(_exit.o)
 .bss           0x000000000080011f        0x0 /usr/lib/gcc/avr/4.8.1/avr5/libgcc.a(_tablejump.o)
 .bss           0x000000000080011f        0x0 /usr/lib/gcc/avr/4.8.1/avr5/libgcc.a(_copy_data.o)
 .bss           0x000000000080011f        0x0 /usr/lib/gcc/avr/4.8.1/avr5/libgcc.a(_clear_bss.o)
 .bss           0x000000000080011f        0x0 /usr/lib/gcc/avr/4.8.1/avr5/libgcc.a(_ashrdi3.o)
 .bss           0x000000000080011f        0x0 /usr/lib/gcc/avr/4.8.1/../../../avr/lib/avr5/libc.a(iob.o)
 *(.bss*)
 *(COMMON)
 COMMON         0x000000000080011f       0x35 ATmega328.o
                0x000000000080011f                usartReceiverBuffer
                0x0000000000800151                usartReceiverBufferNextWrite
                0x0000000000800152                usartReceiverBufferLength
                0x0000000000800153                usartReceiverBufferNextRead
 COMMON         0x0000000000800154        0x6 /usr/lib/gcc/avr/4.8.1/../../../avr/lib/avr5/libc.a(iob.o)
                0x0000000000800154                __iob
                0x000000000080015a                PROVIDE (__bss_end, .)
                0x000000000000149e                __data_load_start = LOADADDR (.data)
                0x00000000000014ba                __data_load_end = (__data_load_start + SIZEOF (.data))

.noinit         0x000000000080015a        0x0
                0x000000000080015a                PROVIDE (__noinit_start, .)
 *(.noinit*)
                0x000000000080015a                PROVIDE (__noinit_end, .)
                0x000000000080015a                _end = .
                0x000000000080015a                PROVIDE (__heap_start, .)

.eeprom         0x0000000000810000        0x0
 *(.eeprom*)
                0x0000000000810000                __eeprom_end = .

.fuse
 *(.fuse)
 *(.lfuse)
 *(.hfuse)
 *(.efuse)

.lock
 *(.lock*)

.signature
 *(.signature*)

.user_signatures
 *(.user_signatures*)

.stab
 *(.stab)

.stabstr
 *(.stabstr)

.stab.excl
 *(.stab.excl)

.stab.exclstr
 *(.stab.exclstr)

.stab.index
 *(.stab.index)

.stab.indexstr
 *(.stab.indexstr)

.comment        0x0000000000000000       0x11
 *(.comment)
 .comment       0x0000000000000000       0x11 placaAdicionalChopper.o
                                         0x12 (size before relaxing)
 .comment       0x0000000000000000       0x12 ATmega328.o
 .comment       0x0000000000000000       0x12 /usr/lib/gcc/avr/4.8.1/../../../avr/lib/avr5/libc.a(iob.o)

.note.gnu.build-id
 *(.note.gnu.build-id)

.debug
 *(.debug)

.line
 *(.line)

.debug_srcinfo
 *(.debug_srcinfo)

.debug_sfnames
 *(.debug_sfnames)

.debug_aranges  0x0000000000000000       0x48
 *(.debug_aranges)
 .debug_aranges
                0x0000000000000000       0x28 placaAdicionalChopper.o
 .debug_aranges
                0x0000000000000028       0x20 ATmega328.o

.debug_pubnames
 *(.debug_pubnames)

.debug_info     0x0000000000000000     0x2aa9
 *(.debug_info .gnu.linkonce.wi.*)
 .debug_info    0x0000000000000000      0x68a placaAdicionalChopper.o
 .debug_info    0x000000000000068a     0x241f ATmega328.o

.debug_abbrev   0x0000000000000000      0x532
 *(.debug_abbrev)
 .debug_abbrev  0x0000000000000000      0x1bb placaAdicionalChopper.o
 .debug_abbrev  0x00000000000001bb      0x377 ATmega328.o

.debug_line     0x0000000000000000      0x704
 *(.debug_line .debug_line.* .debug_line_end)
 .debug_line    0x0000000000000000       0xfa placaAdicionalChopper.o
 .debug_line    0x00000000000000fa      0x60a ATmega328.o

.debug_frame    0x0000000000000000      0xc8c
 *(.debug_frame)
 .debug_frame   0x0000000000000000       0xd4 placaAdicionalChopper.o
 .debug_frame   0x00000000000000d4      0xbb8 ATmega328.o

.debug_str      0x0000000000000000     0x2436
 *(.debug_str)
 .debug_str     0x0000000000000000      0xa47 placaAdicionalChopper.o
                                        0xa80 (size before relaxing)
 .debug_str     0x0000000000000a47     0x19ef ATmega328.o
                                       0x2440 (size before relaxing)

.debug_loc      0x0000000000000000     0x14a0
 *(.debug_loc)
 .debug_loc     0x0000000000000000      0x1cc placaAdicionalChopper.o
 .debug_loc     0x00000000000001cc     0x12d4 ATmega328.o

.debug_macinfo
 *(.debug_macinfo)

.debug_weaknames
 *(.debug_weaknames)

.debug_funcnames
 *(.debug_funcnames)

.debug_typenames
 *(.debug_typenames)

.debug_varnames
 *(.debug_varnames)

.debug_pubtypes
 *(.debug_pubtypes)

.debug_ranges   0x0000000000000000       0x30
 *(.debug_ranges)
 .debug_ranges  0x0000000000000000       0x30 placaAdicionalChopper.o

.debug_macro
 *(.debug_macro)
OUTPUT(placaAdicionalChopper.elf elf32-avr)
LOAD linker stubs
