Archive member included because of file (symbol)

/usr/lib/gcc/avr/4.8.1/avr5/libgcc.a(_udivmodhi4.o)
                              placaAdicionalChopper.o (__udivmodhi4)
/usr/lib/gcc/avr/4.8.1/avr5/libgcc.a(_udivmodsi4.o)
                              placaAdicionalChopper.o (__udivmodsi4)
/usr/lib/gcc/avr/4.8.1/avr5/libgcc.a(_exit.o)
                              /usr/lib/gcc/avr/4.8.1/../../../avr/lib/avr5/crtm328p.o (exit)
/usr/lib/gcc/avr/4.8.1/avr5/libgcc.a(_tablejump.o)
                              placaAdicionalChopper.o (__tablejump2__)
/usr/lib/gcc/avr/4.8.1/avr5/libgcc.a(_copy_data.o)
                              placaAdicionalChopper.o (__do_copy_data)
/usr/lib/gcc/avr/4.8.1/avr5/libgcc.a(_clear_bss.o)
                              placaAdicionalChopper.o (__do_clear_bss)
/usr/lib/gcc/avr/4.8.1/avr5/libgcc.a(_ashrdi3.o)
                              ATmega328.o (__lshrdi3)
/usr/lib/gcc/avr/4.8.1/../../../avr/lib/avr5/libc.a(strcat.o)
                              placaAdicionalChopper.o (strcat)
/usr/lib/gcc/avr/4.8.1/../../../avr/lib/avr5/libc.a(strcpy.o)
                              placaAdicionalChopper.o (strcpy)
/usr/lib/gcc/avr/4.8.1/../../../avr/lib/avr5/libc.a(iob.o)
                              ATmega328.o (__iob)

Allocating common symbols
Common symbol       size              file

usartReceiverBuffer
                    0x32              ATmega328.o
flags               0x1               placaAdicionalChopper.o
usartReceiverBufferNextWrite
                    0x1               ATmega328.o
usartReceiverBufferLength
                    0x1               ATmega328.o
usartReceiverBufferNextRead
                    0x1               ATmega328.o
__iob               0x6               /usr/lib/gcc/avr/4.8.1/../../../avr/lib/avr5/libc.a(iob.o)
status              0x8               placaAdicionalChopper.o

Memory Configuration

Name             Origin             Length             Attributes
text             0x0000000000000000 0x0000000000020000 xr
data             0x0000000000800060 0x000000000000ffa0 rw !x
eeprom           0x0000000000810000 0x0000000000010000 rw !x
fuse             0x0000000000820000 0x0000000000000400 rw !x
lock             0x0000000000830000 0x0000000000000400 rw !x
signature        0x0000000000840000 0x0000000000000400 rw !x
user_signatures  0x0000000000850000 0x0000000000000400 rw !x
*default*        0x0000000000000000 0xffffffffffffffff

Linker script and memory map

Address of section .data set to 0x800100
LOAD /usr/lib/gcc/avr/4.8.1/../../../avr/lib/avr5/crtm328p.o
LOAD placaAdicionalChopper.o
LOAD ATmega328.o
START GROUP
LOAD /usr/lib/gcc/avr/4.8.1/avr5/libgcc.a
LOAD /usr/lib/gcc/avr/4.8.1/../../../avr/lib/avr5/libm.a
LOAD /usr/lib/gcc/avr/4.8.1/../../../avr/lib/avr5/libc.a
END GROUP

.hash
 *(.hash)

.dynsym
 *(.dynsym)

.dynstr
 *(.dynstr)

.gnu.version
 *(.gnu.version)

.gnu.version_d
 *(.gnu.version_d)

.gnu.version_r
 *(.gnu.version_r)

.rel.init
 *(.rel.init)

.rela.init
 *(.rela.init)

.rel.text
 *(.rel.text)
 *(.rel.text.*)
 *(.rel.gnu.linkonce.t*)

.rela.text
 *(.rela.text)
 *(.rela.text.*)
 *(.rela.gnu.linkonce.t*)

.rel.fini
 *(.rel.fini)

.rela.fini
 *(.rela.fini)

.rel.rodata
 *(.rel.rodata)
 *(.rel.rodata.*)
 *(.rel.gnu.linkonce.r*)

.rela.rodata
 *(.rela.rodata)
 *(.rela.rodata.*)
 *(.rela.gnu.linkonce.r*)

.rel.data
 *(.rel.data)
 *(.rel.data.*)
 *(.rel.gnu.linkonce.d*)

.rela.data
 *(.rela.data)
 *(.rela.data.*)
 *(.rela.gnu.linkonce.d*)

.rel.ctors
 *(.rel.ctors)

.rela.ctors
 *(.rela.ctors)

.rel.dtors
 *(.rel.dtors)

.rela.dtors
 *(.rela.dtors)

.rel.got
 *(.rel.got)

.rela.got
 *(.rela.got)

.rel.bss
 *(.rel.bss)

.rela.bss
 *(.rela.bss)

.rel.plt
 *(.rel.plt)

.rela.plt
 *(.rela.plt)

.text           0x0000000000000000     0x1b1c
 *(.vectors)
 .vectors       0x0000000000000000       0x68 /usr/lib/gcc/avr/4.8.1/../../../avr/lib/avr5/crtm328p.o
                0x0000000000000000                __vectors
                0x0000000000000000                __vector_default
 *(.vectors)
 *(.progmem.gcc*)
 .progmem.gcc_sw_table
                0x0000000000000068       0x30 placaAdicionalChopper.o
 .progmem.gcc_sw_table
                0x0000000000000098       0x30 ATmega328.o
                0x00000000000000c8                . = ALIGN (0x2)
                0x00000000000000c8                __trampolines_start = .
 *(.trampolines)
 .trampolines   0x00000000000000c8        0x0 linker stubs
 *(.trampolines*)
                0x00000000000000c8                __trampolines_end = .
 *(.progmem*)
                0x00000000000000c8                . = ALIGN (0x2)
 *(.jumptables)
 *(.jumptables*)
 *(.lowtext)
 *(.lowtext*)
                0x00000000000000c8                __ctors_start = .
 *(.ctors)
                0x00000000000000c8                __ctors_end = .
                0x00000000000000c8                __dtors_start = .
 *(.dtors)
                0x00000000000000c8                __dtors_end = .
 SORT(*)(.ctors)
 SORT(*)(.dtors)
 *(.init0)
 .init0         0x00000000000000c8        0x0 /usr/lib/gcc/avr/4.8.1/../../../avr/lib/avr5/crtm328p.o
                0x00000000000000c8                __init
 *(.init0)
 *(.init1)
 *(.init1)
 *(.init2)
 .init2         0x00000000000000c8        0xc /usr/lib/gcc/avr/4.8.1/../../../avr/lib/avr5/crtm328p.o
 *(.init2)
 *(.init3)
 *(.init3)
 *(.init4)
 .init4         0x00000000000000d4       0x16 /usr/lib/gcc/avr/4.8.1/avr5/libgcc.a(_copy_data.o)
                0x00000000000000d4                __do_copy_data
 .init4         0x00000000000000ea       0x10 /usr/lib/gcc/avr/4.8.1/avr5/libgcc.a(_clear_bss.o)
                0x00000000000000ea                __do_clear_bss
 *(.init4)
 *(.init5)
 *(.init5)
 *(.init6)
 *(.init6)
 *(.init7)
 *(.init7)
 *(.init8)
 *(.init8)
 *(.init9)
 .init9         0x00000000000000fa        0x8 /usr/lib/gcc/avr/4.8.1/../../../avr/lib/avr5/crtm328p.o
 *(.init9)
 *(.text)
 .text          0x0000000000000102        0x4 /usr/lib/gcc/avr/4.8.1/../../../avr/lib/avr5/crtm328p.o
                0x0000000000000102                __vector_22
                0x0000000000000102                __vector_1
                0x0000000000000102                __vector_24
                0x0000000000000102                __bad_interrupt
                0x0000000000000102                __vector_6
                0x0000000000000102                __vector_3
                0x0000000000000102                __vector_23
                0x0000000000000102                __vector_25
                0x0000000000000102                __vector_13
                0x0000000000000102                __vector_17
                0x0000000000000102                __vector_19
                0x0000000000000102                __vector_7
                0x0000000000000102                __vector_5
                0x0000000000000102                __vector_4
                0x0000000000000102                __vector_9
                0x0000000000000102                __vector_2
                0x0000000000000102                __vector_15
                0x0000000000000102                __vector_8
                0x0000000000000102                __vector_14
                0x0000000000000102                __vector_10
                0x0000000000000102                __vector_20
 .text          0x0000000000000106      0x476 placaAdicionalChopper.o
                0x0000000000000106                seta_dc
                0x0000000000000150                esvaziaBuffer
                0x0000000000000160                stringTransmit
                0x0000000000000190                uint16ToString4
                0x00000000000001f8                uint8ToString4
                0x000000000000024e                string4ToUint16
                0x00000000000002a4                string4Touint8
                0x00000000000002c8                __vector_21
                0x000000000000039c                __vector_11
                0x00000000000003c4                __vector_12
                0x00000000000003e6                __vector_16
                0x0000000000000530                __vector_18
 .text          0x000000000000057c     0x10e4 ATmega328.o
                0x000000000000057c                usartReceiveStd
                0x000000000000058c                globalInterruptEnable
                0x0000000000000590                globalInterruptDisable
                0x0000000000000594                systemClockSetPrescaler
                0x00000000000005e0                eepromSetOperationMode
                0x00000000000005f2                eepromReadyActivateInterrupt
                0x00000000000005f6                eepromReadyDeactivateInterrupt
                0x00000000000005fa                eepromWrite
                0x0000000000000614                eepromRead
                0x0000000000000624                globalPullUpEnable
                0x000000000000062c                pullUpDisable
                0x0000000000000634                int0Config
                0x0000000000000692                int0ActivateInterrupt
                0x0000000000000696                int0DeactivateInterrupt
                0x000000000000069a                int0ClearInterruptRequest
                0x000000000000069e                int1Config
                0x00000000000006fc                int1ActivateInterrupt
                0x0000000000000700                int1DeactivateInterrupt
                0x0000000000000704                int1ClearInterruptRequest
                0x0000000000000708                pcint7_0Enable
                0x0000000000000714                pcint7_0Disable
                0x0000000000000720                pcint7_0ClearInterruptRequest
                0x0000000000000724                pcint0ActivateInterrupt
                0x0000000000000760                pcint0DeactivateInterrupt
                0x000000000000076c                pcint1ActivateInterrupt
                0x00000000000007a8                pcint1DeactivateInterrupt
                0x00000000000007b4                pcint2ActivateInterrupt
                0x00000000000007f0                pcint2DeactivateInterrupt
                0x00000000000007fc                pcint3ActivateInterrupt
                0x0000000000000838                pcint3DeactivateInterrupt
                0x0000000000000844                pcint4ActivateInterrupt
                0x0000000000000880                pcint4DeactivateInterrupt
                0x000000000000088c                pcint5ActivateInterrupt
                0x00000000000008c8                pcint5DeactivateInterrupt
                0x00000000000008d4                pcint6ActivateInterrupt
                0x0000000000000910                pcint6DeactivateInterrupt
                0x000000000000091c                pcint7ActivateInterrupt
                0x0000000000000958                pcint7DeactivateInterrupt
                0x0000000000000964                pcint14_8Enable
                0x0000000000000970                pcint14_8Disable
                0x000000000000097c                pcint14_8ClearInterruptRequest
                0x0000000000000980                pcint8ActivateInterrupt
                0x00000000000009bc                pcint8DeactivateInterrupt
                0x00000000000009c8                pcint9ActivateInterrupt
                0x0000000000000a04                pcint9DeactivateInterrupt
                0x0000000000000a10                pcint10ActivateInterrupt
                0x0000000000000a4c                pcint10DeactivateInterrupt
                0x0000000000000a58                pcint11ActivateInterrupt
                0x0000000000000a94                pcint11DeactivateInterrupt
                0x0000000000000aa0                pcint12ActivateInterrupt
                0x0000000000000adc                pcint12DeactivateInterrupt
                0x0000000000000ae8                pcint13ActivateInterrupt
                0x0000000000000b24                pcint13DeactivateInterrupt
                0x0000000000000b30                pcint14ActivateInterrupt
                0x0000000000000b6c                pcint14DeactivateInterrupt
                0x0000000000000b78                pcint23_16Enable
                0x0000000000000b84                pcint23_16Disable
                0x0000000000000b90                pcint23_16ClearInterruptRequest
                0x0000000000000b94                pcint16ActivateInterrupt
                0x0000000000000bd0                pcint16DeactivateInterrupt
                0x0000000000000bdc                pcint17ActivateInterrupt
                0x0000000000000c18                pcint17DeactivateInterrupt
                0x0000000000000c24                pcint18ActivateInterrupt
                0x0000000000000c60                pcint18DeactivateInterrupt
                0x0000000000000c6c                pcint19ActivateInterrupt
                0x0000000000000ca8                pcint19DeactivateInterrupt
                0x0000000000000cb4                pcint20ActivateInterrupt
                0x0000000000000cf0                pcint20DeactivateInterrupt
                0x0000000000000cfc                pcint21ActivateInterrupt
                0x0000000000000d38                pcint21DeactivateInterrupt
                0x0000000000000d44                pcint22ActivateInterrupt
                0x0000000000000d80                pcint22DeactivateInterrupt
                0x0000000000000d8c                pcint23ActivateInterrupt
                0x0000000000000dc8                pcint23DeactivateInterrupt
                0x0000000000000dd4                timer0Config
                0x0000000000000e50                timer0OutputConfig
                0x0000000000000ea2                timer0ActivateOverflowInterrupt
                0x0000000000000eae                timer0DeactivateOverflowInterrupt
                0x0000000000000eba                timer0ClearOverflowInterruptRequest
                0x0000000000000ebe                timer0ActivateCompareAInterrupt
                0x0000000000000eca                timer0DeactivateCompareAInterrupt
                0x0000000000000ed6                timer0ClearCompareAInterruptRequest
                0x0000000000000eda                timer0ActivateCompareBInterrupt
                0x0000000000000ee6                timer0DeactivateCompareBInterrupt
                0x0000000000000ef2                timer0ClearCompareBInterruptRequest
                0x0000000000000ef6                timer0ForceCompareA
                0x0000000000000efe                timer0ForceCompareB
                0x0000000000000f06                timer0SetCounterValue
                0x0000000000000f0a                timer0GetCounterValue
                0x0000000000000f0e                timer0SetCompareAValue
                0x0000000000000f12                timer0GetCompareAValue
                0x0000000000000f16                timer0SetCompareBValue
                0x0000000000000f1a                timer0GetCompareBValue
                0x0000000000000f1e                timer1Config
                0x0000000000000f58                timer1OutputConfig
                0x0000000000000f84                timer1InputCaptureNoiseCancelerConfig
                0x0000000000000f94                timer1ActivateOverflowInterrupt
                0x0000000000000fa2                timer1DeactivateOverflowInterrupt
                0x0000000000000fb0                timer1ClearOverflowInterruptRequest
                0x0000000000000fb6                timer1ActivateCompareAInterrupt
                0x0000000000000fc4                timer1DeactivateCompareAInterrupt
                0x0000000000000fd2                timer1ClearCompareAInterruptRequest
                0x0000000000000fd8                timer1ActivateCompareBInterrupt
                0x0000000000000fe6                timer1DeactivateCompareBInterrupt
                0x0000000000000ff4                timer1ClearCompareBInterruptRequest
                0x0000000000000ffa                timer1ActivateInputCaptureInterrupt
                0x0000000000001008                timer1DeactivateInputCaptureInterrupt
                0x0000000000001016                timer1ClearInputCaptureInterruptRequest
                0x000000000000101c                timer1ForceCompareA
                0x000000000000102a                timer1ForceCompareB
                0x0000000000001038                timer1SetCounterValue
                0x000000000000104a                timer1GetCounterValue
                0x0000000000001054                timer1SetCompareAValue
                0x0000000000001066                timer1GetCompareAValue
                0x0000000000001070                timer1SetCompareBValue
                0x0000000000001082                timer1GetCompareBValue
                0x000000000000108c                timer1SetInputCaptureValue
                0x000000000000109e                timer1GetInputCaptureValue
                0x00000000000010a8                timer2Config
                0x00000000000010d8                timer2OutputConfig
                0x0000000000001104                timer2ActivateOverflowInterrupt
                0x0000000000001112                timer2DeactivateOverflowInterrupt
                0x0000000000001120                timer2ClearOverflowInterruptRequest
                0x0000000000001126                timer2ActivateCompareAInterrupt
                0x0000000000001134                timer2DeactivateCompareAInterrupt
                0x0000000000001142                timer2ClearCompareAInterruptRequest
                0x0000000000001148                timer2ActivateCompareBInterrupt
                0x0000000000001156                timer2DeactivateCompareBInterrupt
                0x0000000000001164                timer2ClearCompareBInterruptRequest
                0x000000000000116a                timer2ForceCompareA
                0x0000000000001178                timer2ForceCompareB
                0x0000000000001186                timer2SetCounterValue
                0x000000000000118e                timer2GetCounterValue
                0x0000000000001194                timer2SetCompareAValue
                0x000000000000119c                timer2GetCompareAValue
                0x00000000000011a2                timer2SetCompareBValue
                0x00000000000011aa                timer2GetCompareBValue
                0x00000000000011b0                adcConfig
                0x0000000000001232                adcSelectChannel
                0x0000000000001242                adcEnableDigitalInput
                0x0000000000001252                adcDisableDigitalInput
                0x0000000000001260                adcDataPresentation
                0x000000000000127a                adcEnable
                0x0000000000001288                adcDisable
                0x0000000000001296                adcClearInterruptRequest
                0x00000000000012a4                adcActivateInterrupt
                0x00000000000012b2                adcDeactivateInterrupt
                0x00000000000012c0                adcStartConversion
                0x00000000000012ce                adcIsBusy
                0x00000000000012da                adcWaitUntilConversionFinish
                0x00000000000012e6                usartConfig
                0x00000000000013f0                usartEnableReceiver
                0x00000000000013fe                usartDisableReceiver
                0x000000000000140c                usartEnableTransmitter
                0x000000000000141a                usartDisableTransmitter
                0x0000000000001428                usartActivateReceptionCompleteInterrupt
                0x0000000000001436                usartDeactivateReceptionCompleteInterrupt
                0x0000000000001444                usartActivateTransmissionCompleteInterrupt
                0x0000000000001452                usartDeactivateTransmissionCompleteInterrupt
                0x0000000000001460                usartActivateBufferEmptyInterrupt
                0x000000000000146e                usartDeactivateBufferEmptyInterrupt
                0x000000000000147c                usartStdio
                0x000000000000149c                usartIsReceptionComplete
                0x00000000000014a8                usartIsTransmissionComplete
                0x00000000000014b4                usartIsBufferEmpty
                0x00000000000014c0                usartTransmitStd
                0x00000000000014d6                usartCheckError
                0x0000000000001500                usartTransmit
                0x0000000000001516                usartTransmit9bits
                0x0000000000001548                usartReceive
                0x000000000000155a                usartReceive9bits
                0x0000000000001580                usartClearReceptionBuffer
                0x0000000000001590                usartAddDataToReceiverBuffer
                0x00000000000015f0                usartGetDataFromReceiverBuffer
                0x0000000000001634                usartIsReceiverBufferEmpty
                0x0000000000001640                usartGetCurrentBaudRate
                0x0000000000001648                spiInit
                0x000000000000164a                spiMasterTransmit
                0x0000000000001656                spiSlaveTransmit
 .text          0x0000000000001660        0x0 /usr/lib/gcc/avr/4.8.1/avr5/libgcc.a(_udivmodhi4.o)
 .text          0x0000000000001660        0x0 /usr/lib/gcc/avr/4.8.1/avr5/libgcc.a(_udivmodsi4.o)
 .text          0x0000000000001660        0x0 /usr/lib/gcc/avr/4.8.1/avr5/libgcc.a(_exit.o)
 .text          0x0000000000001660        0x0 /usr/lib/gcc/avr/4.8.1/avr5/libgcc.a(_tablejump.o)
 .text          0x0000000000001660        0x0 /usr/lib/gcc/avr/4.8.1/avr5/libgcc.a(_copy_data.o)
 .text          0x0000000000001660        0x0 /usr/lib/gcc/avr/4.8.1/avr5/libgcc.a(_clear_bss.o)
 .text          0x0000000000001660        0x0 /usr/lib/gcc/avr/4.8.1/avr5/libgcc.a(_ashrdi3.o)
 .text          0x0000000000001660        0x0 /usr/lib/gcc/avr/4.8.1/../../../avr/lib/avr5/libc.a(strcat.o)
 .text          0x0000000000001660        0x0 /usr/lib/gcc/avr/4.8.1/../../../avr/lib/avr5/libc.a(strcpy.o)
 .text          0x0000000000001660        0x0 /usr/lib/gcc/avr/4.8.1/../../../avr/lib/avr5/libc.a(iob.o)
                0x0000000000001660                . = ALIGN (0x2)
 *(.text.*)
 .text.startup  0x0000000000001660      0x3e0 placaAdicionalChopper.o
                0x0000000000001660                main
 .text.libgcc.mul
                0x0000000000001a40        0x0 /usr/lib/gcc/avr/4.8.1/avr5/libgcc.a(_udivmodhi4.o)
 .text.libgcc.div
                0x0000000000001a40       0x28 /usr/lib/gcc/avr/4.8.1/avr5/libgcc.a(_udivmodhi4.o)
                0x0000000000001a40                __udivmodhi4
 .text.libgcc   0x0000000000001a68        0x0 /usr/lib/gcc/avr/4.8.1/avr5/libgcc.a(_udivmodhi4.o)
 .text.libgcc.prologue
                0x0000000000001a68        0x0 /usr/lib/gcc/avr/4.8.1/avr5/libgcc.a(_udivmodhi4.o)
 .text.libgcc.builtins
                0x0000000000001a68        0x0 /usr/lib/gcc/avr/4.8.1/avr5/libgcc.a(_udivmodhi4.o)
 .text.libgcc.fmul
                0x0000000000001a68        0x0 /usr/lib/gcc/avr/4.8.1/avr5/libgcc.a(_udivmodhi4.o)
 .text.libgcc.fixed
                0x0000000000001a68        0x0 /usr/lib/gcc/avr/4.8.1/avr5/libgcc.a(_udivmodhi4.o)
 .text.libgcc.mul
                0x0000000000001a68        0x0 /usr/lib/gcc/avr/4.8.1/avr5/libgcc.a(_udivmodsi4.o)
 .text.libgcc.div
                0x0000000000001a68       0x44 /usr/lib/gcc/avr/4.8.1/avr5/libgcc.a(_udivmodsi4.o)
                0x0000000000001a68                __udivmodsi4
 .text.libgcc   0x0000000000001aac        0x0 /usr/lib/gcc/avr/4.8.1/avr5/libgcc.a(_udivmodsi4.o)
 .text.libgcc.prologue
                0x0000000000001aac        0x0 /usr/lib/gcc/avr/4.8.1/avr5/libgcc.a(_udivmodsi4.o)
 .text.libgcc.builtins
                0x0000000000001aac        0x0 /usr/lib/gcc/avr/4.8.1/avr5/libgcc.a(_udivmodsi4.o)
 .text.libgcc.fmul
                0x0000000000001aac        0x0 /usr/lib/gcc/avr/4.8.1/avr5/libgcc.a(_udivmodsi4.o)
 .text.libgcc.fixed
                0x0000000000001aac        0x0 /usr/lib/gcc/avr/4.8.1/avr5/libgcc.a(_udivmodsi4.o)
 .text.libgcc.mul
                0x0000000000001aac        0x0 /usr/lib/gcc/avr/4.8.1/avr5/libgcc.a(_exit.o)
 .text.libgcc.div
                0x0000000000001aac        0x0 /usr/lib/gcc/avr/4.8.1/avr5/libgcc.a(_exit.o)
 .text.libgcc   0x0000000000001aac        0x0 /usr/lib/gcc/avr/4.8.1/avr5/libgcc.a(_exit.o)
 .text.libgcc.prologue
                0x0000000000001aac        0x0 /usr/lib/gcc/avr/4.8.1/avr5/libgcc.a(_exit.o)
 .text.libgcc.builtins
                0x0000000000001aac        0x0 /usr/lib/gcc/avr/4.8.1/avr5/libgcc.a(_exit.o)
 .text.libgcc.fmul
                0x0000000000001aac        0x0 /usr/lib/gcc/avr/4.8.1/avr5/libgcc.a(_exit.o)
 .text.libgcc.fixed
                0x0000000000001aac        0x0 /usr/lib/gcc/avr/4.8.1/avr5/libgcc.a(_exit.o)
 .text.libgcc.mul
                0x0000000000001aac        0x0 /usr/lib/gcc/avr/4.8.1/avr5/libgcc.a(_tablejump.o)
 .text.libgcc.div
                0x0000000000001aac        0x0 /usr/lib/gcc/avr/4.8.1/avr5/libgcc.a(_tablejump.o)
 .text.libgcc   0x0000000000001aac        0xc /usr/lib/gcc/avr/4.8.1/avr5/libgcc.a(_tablejump.o)
                0x0000000000001aac                __tablejump2__
                0x0000000000001ab0                __tablejump__
 .text.libgcc.prologue
                0x0000000000001ab8        0x0 /usr/lib/gcc/avr/4.8.1/avr5/libgcc.a(_tablejump.o)
 .text.libgcc.builtins
                0x0000000000001ab8        0x0 /usr/lib/gcc/avr/4.8.1/avr5/libgcc.a(_tablejump.o)
 .text.libgcc.fmul
                0x0000000000001ab8        0x0 /usr/lib/gcc/avr/4.8.1/avr5/libgcc.a(_tablejump.o)
 .text.libgcc.fixed
                0x0000000000001ab8        0x0 /usr/lib/gcc/avr/4.8.1/avr5/libgcc.a(_tablejump.o)
 .text.libgcc.mul
                0x0000000000001ab8        0x0 /usr/lib/gcc/avr/4.8.1/avr5/libgcc.a(_copy_data.o)
 .text.libgcc.div
                0x0000000000001ab8        0x0 /usr/lib/gcc/avr/4.8.1/avr5/libgcc.a(_copy_data.o)
 .text.libgcc   0x0000000000001ab8        0x0 /usr/lib/gcc/avr/4.8.1/avr5/libgcc.a(_copy_data.o)
 .text.libgcc.prologue
                0x0000000000001ab8        0x0 /usr/lib/gcc/avr/4.8.1/avr5/libgcc.a(_copy_data.o)
 .text.libgcc.builtins
                0x0000000000001ab8        0x0 /usr/lib/gcc/avr/4.8.1/avr5/libgcc.a(_copy_data.o)
 .text.libgcc.fmul
                0x0000000000001ab8        0x0 /usr/lib/gcc/avr/4.8.1/avr5/libgcc.a(_copy_data.o)
 .text.libgcc.fixed
                0x0000000000001ab8        0x0 /usr/lib/gcc/avr/4.8.1/avr5/libgcc.a(_copy_data.o)
 .text.libgcc.mul
                0x0000000000001ab8        0x0 /usr/lib/gcc/avr/4.8.1/avr5/libgcc.a(_clear_bss.o)
 .text.libgcc.div
                0x0000000000001ab8        0x0 /usr/lib/gcc/avr/4.8.1/avr5/libgcc.a(_clear_bss.o)
 .text.libgcc   0x0000000000001ab8        0x0 /usr/lib/gcc/avr/4.8.1/avr5/libgcc.a(_clear_bss.o)
 .text.libgcc.prologue
                0x0000000000001ab8        0x0 /usr/lib/gcc/avr/4.8.1/avr5/libgcc.a(_clear_bss.o)
 .text.libgcc.builtins
                0x0000000000001ab8        0x0 /usr/lib/gcc/avr/4.8.1/avr5/libgcc.a(_clear_bss.o)
 .text.libgcc.fmul
                0x0000000000001ab8        0x0 /usr/lib/gcc/avr/4.8.1/avr5/libgcc.a(_clear_bss.o)
 .text.libgcc.fixed
                0x0000000000001ab8        0x0 /usr/lib/gcc/avr/4.8.1/avr5/libgcc.a(_clear_bss.o)
 .text.libgcc.mul
                0x0000000000001ab8        0x0 /usr/lib/gcc/avr/4.8.1/avr5/libgcc.a(_ashrdi3.o)
 .text.libgcc.div
                0x0000000000001ab8        0x0 /usr/lib/gcc/avr/4.8.1/avr5/libgcc.a(_ashrdi3.o)
 .text.libgcc   0x0000000000001ab8        0x0 /usr/lib/gcc/avr/4.8.1/avr5/libgcc.a(_ashrdi3.o)
 .text.libgcc.prologue
                0x0000000000001ab8        0x0 /usr/lib/gcc/avr/4.8.1/avr5/libgcc.a(_ashrdi3.o)
 .text.libgcc.builtins
                0x0000000000001ab8       0x3c /usr/lib/gcc/avr/4.8.1/avr5/libgcc.a(_ashrdi3.o)
                0x0000000000001ab8                __ashrdi3
                0x0000000000001abc                __lshrdi3
 .text.libgcc.fmul
                0x0000000000001af4        0x0 /usr/lib/gcc/avr/4.8.1/avr5/libgcc.a(_ashrdi3.o)
 .text.libgcc.fixed
                0x0000000000001af4        0x0 /usr/lib/gcc/avr/4.8.1/avr5/libgcc.a(_ashrdi3.o)
 .text.avr-libc
                0x0000000000001af4       0x16 /usr/lib/gcc/avr/4.8.1/../../../avr/lib/avr5/libc.a(strcat.o)
                0x0000000000001af4                strcat
 .text.avr-libc
                0x0000000000001b0a        0xe /usr/lib/gcc/avr/4.8.1/../../../avr/lib/avr5/libc.a(strcpy.o)
                0x0000000000001b0a                strcpy
                0x0000000000001b18                . = ALIGN (0x2)
 *(.fini9)
 .fini9         0x0000000000001b18        0x0 /usr/lib/gcc/avr/4.8.1/avr5/libgcc.a(_exit.o)
                0x0000000000001b18                exit
                0x0000000000001b18                _exit
 *(.fini9)
 *(.fini8)
 *(.fini8)
 *(.fini7)
 *(.fini7)
 *(.fini6)
 *(.fini6)
 *(.fini5)
 *(.fini5)
 *(.fini4)
 *(.fini4)
 *(.fini3)
 *(.fini3)
 *(.fini2)
 *(.fini2)
 *(.fini1)
 *(.fini1)
 *(.fini0)
 .fini0         0x0000000000001b18        0x4 /usr/lib/gcc/avr/4.8.1/avr5/libgcc.a(_exit.o)
 *(.fini0)
                0x0000000000001b1c                _etext = .

.data           0x0000000000800100       0x34 load address 0x0000000000001b1c
                0x0000000000800100                PROVIDE (__data_start, .)
 *(.data)
 .data          0x0000000000800100        0x0 /usr/lib/gcc/avr/4.8.1/../../../avr/lib/avr5/crtm328p.o
 .data          0x0000000000800100        0x9 placaAdicionalChopper.o
                0x0000000000800100                minVoltage
                0x0000000000800101                criticalTemp
                0x0000000000800102                maxTemp
                0x0000000000800103                maxDV
                0x0000000000800104                maxDC
                0x0000000000800105                minDC
                0x0000000000800106                maxCurrent
                0x0000000000800107                cont
 .data          0x0000000000800109        0xe ATmega328.o
                0x0000000000800109                usartStream
 .data          0x0000000000800117        0x0 /usr/lib/gcc/avr/4.8.1/avr5/libgcc.a(_udivmodhi4.o)
 .data          0x0000000000800117        0x0 /usr/lib/gcc/avr/4.8.1/avr5/libgcc.a(_udivmodsi4.o)
 .data          0x0000000000800117        0x0 /usr/lib/gcc/avr/4.8.1/avr5/libgcc.a(_exit.o)
 .data          0x0000000000800117        0x0 /usr/lib/gcc/avr/4.8.1/avr5/libgcc.a(_tablejump.o)
 .data          0x0000000000800117        0x0 /usr/lib/gcc/avr/4.8.1/avr5/libgcc.a(_copy_data.o)
 .data          0x0000000000800117        0x0 /usr/lib/gcc/avr/4.8.1/avr5/libgcc.a(_clear_bss.o)
 .data          0x0000000000800117        0x0 /usr/lib/gcc/avr/4.8.1/avr5/libgcc.a(_ashrdi3.o)
 .data          0x0000000000800117        0x0 /usr/lib/gcc/avr/4.8.1/../../../avr/lib/avr5/libc.a(strcat.o)
 .data          0x0000000000800117        0x0 /usr/lib/gcc/avr/4.8.1/../../../avr/lib/avr5/libc.a(strcpy.o)
 .data          0x0000000000800117        0x0 /usr/lib/gcc/avr/4.8.1/../../../avr/lib/avr5/libc.a(iob.o)
 *(.data*)
 *(.rodata)
 *(.rodata*)
 .rodata.str1.1
                0x0000000000800117       0x1d placaAdicionalChopper.o
 *(.gnu.linkonce.d*)
                0x0000000000800134                . = ALIGN (0x2)
                0x0000000000800134                _edata = .
                0x0000000000800134                PROVIDE (__data_end, .)

.bss            0x0000000000800134       0x46
                0x0000000000800134                PROVIDE (__bss_start, .)
 *(.bss)
 .bss           0x0000000000800134        0x0 /usr/lib/gcc/avr/4.8.1/../../../avr/lib/avr5/crtm328p.o
 .bss           0x0000000000800134        0x2 placaAdicionalChopper.o
                0x0000000000800134                dcReq
                0x0000000000800135                channel
 .bss           0x0000000000800136        0x0 ATmega328.o
 .bss           0x0000000000800136        0x0 /usr/lib/gcc/avr/4.8.1/avr5/libgcc.a(_udivmodhi4.o)
 .bss           0x0000000000800136        0x0 /usr/lib/gcc/avr/4.8.1/avr5/libgcc.a(_udivmodsi4.o)
 .bss           0x0000000000800136        0x0 /usr/lib/gcc/avr/4.8.1/avr5/libgcc.a(_exit.o)
 .bss           0x0000000000800136        0x0 /usr/lib/gcc/avr/4.8.1/avr5/libgcc.a(_tablejump.o)
 .bss           0x0000000000800136        0x0 /usr/lib/gcc/avr/4.8.1/avr5/libgcc.a(_copy_data.o)
 .bss           0x0000000000800136        0x0 /usr/lib/gcc/avr/4.8.1/avr5/libgcc.a(_clear_bss.o)
 .bss           0x0000000000800136        0x0 /usr/lib/gcc/avr/4.8.1/avr5/libgcc.a(_ashrdi3.o)
 .bss           0x0000000000800136        0x0 /usr/lib/gcc/avr/4.8.1/../../../avr/lib/avr5/libc.a(strcat.o)
 .bss           0x0000000000800136        0x0 /usr/lib/gcc/avr/4.8.1/../../../avr/lib/avr5/libc.a(strcpy.o)
 .bss           0x0000000000800136        0x0 /usr/lib/gcc/avr/4.8.1/../../../avr/lib/avr5/libc.a(iob.o)
 *(.bss*)
 *(COMMON)
 COMMON         0x0000000000800136        0x9 placaAdicionalChopper.o
                0x0000000000800136                flags
                0x0000000000800137                status
 COMMON         0x000000000080013f       0x35 ATmega328.o
                0x000000000080013f                usartReceiverBuffer
                0x0000000000800171                usartReceiverBufferNextWrite
                0x0000000000800172                usartReceiverBufferLength
                0x0000000000800173                usartReceiverBufferNextRead
 COMMON         0x0000000000800174        0x6 /usr/lib/gcc/avr/4.8.1/../../../avr/lib/avr5/libc.a(iob.o)
                0x0000000000800174                __iob
                0x000000000080017a                PROVIDE (__bss_end, .)
                0x0000000000001b1c                __data_load_start = LOADADDR (.data)
                0x0000000000001b50                __data_load_end = (__data_load_start + SIZEOF (.data))

.noinit         0x000000000080017a        0x0
                0x000000000080017a                PROVIDE (__noinit_start, .)
 *(.noinit*)
                0x000000000080017a                PROVIDE (__noinit_end, .)
                0x000000000080017a                _end = .
                0x000000000080017a                PROVIDE (__heap_start, .)

.eeprom         0x0000000000810000        0x0
 *(.eeprom*)
                0x0000000000810000                __eeprom_end = .

.fuse
 *(.fuse)
 *(.lfuse)
 *(.hfuse)
 *(.efuse)

.lock
 *(.lock*)

.signature
 *(.signature*)

.user_signatures
 *(.user_signatures*)

.stab
 *(.stab)

.stabstr
 *(.stabstr)

.stab.excl
 *(.stab.excl)

.stab.exclstr
 *(.stab.exclstr)

.stab.index
 *(.stab.index)

.stab.indexstr
 *(.stab.indexstr)

.comment        0x0000000000000000       0x11
 *(.comment)
 .comment       0x0000000000000000       0x11 placaAdicionalChopper.o
                                         0x12 (size before relaxing)
 .comment       0x0000000000000000       0x12 ATmega328.o
 .comment       0x0000000000000000       0x12 /usr/lib/gcc/avr/4.8.1/../../../avr/lib/avr5/libc.a(iob.o)

.note.gnu.build-id
 *(.note.gnu.build-id)

.debug
 *(.debug)

.line
 *(.line)

.debug_srcinfo
 *(.debug_srcinfo)

.debug_sfnames
 *(.debug_sfnames)

.debug_aranges  0x0000000000000000       0x48
 *(.debug_aranges)
 .debug_aranges
                0x0000000000000000       0x28 placaAdicionalChopper.o
 .debug_aranges
                0x0000000000000028       0x20 ATmega328.o

.debug_pubnames
 *(.debug_pubnames)

.debug_info     0x0000000000000000     0x33a4
 *(.debug_info .gnu.linkonce.wi.*)
 .debug_info    0x0000000000000000      0xf85 placaAdicionalChopper.o
 .debug_info    0x0000000000000f85     0x241f ATmega328.o

.debug_abbrev   0x0000000000000000      0x6c5
 *(.debug_abbrev)
 .debug_abbrev  0x0000000000000000      0x34e placaAdicionalChopper.o
 .debug_abbrev  0x000000000000034e      0x377 ATmega328.o

.debug_line     0x0000000000000000      0x816
 *(.debug_line .debug_line.* .debug_line_end)
 .debug_line    0x0000000000000000      0x20c placaAdicionalChopper.o
 .debug_line    0x000000000000020c      0x60a ATmega328.o

.debug_frame    0x0000000000000000      0xde8
 *(.debug_frame)
 .debug_frame   0x0000000000000000      0x230 placaAdicionalChopper.o
 .debug_frame   0x0000000000000230      0xbb8 ATmega328.o

.debug_str      0x0000000000000000     0x2576
 *(.debug_str)
 .debug_str     0x0000000000000000     0x10a7 placaAdicionalChopper.o
                                       0x1103 (size before relaxing)
 .debug_str     0x00000000000010a7     0x14cf ATmega328.o
                                       0x2440 (size before relaxing)

.debug_loc      0x0000000000000000     0x1af1
 *(.debug_loc)
 .debug_loc     0x0000000000000000      0x81d placaAdicionalChopper.o
 .debug_loc     0x000000000000081d     0x12d4 ATmega328.o

.debug_macinfo
 *(.debug_macinfo)

.debug_weaknames
 *(.debug_weaknames)

.debug_funcnames
 *(.debug_funcnames)

.debug_typenames
 *(.debug_typenames)

.debug_varnames
 *(.debug_varnames)

.debug_pubtypes
 *(.debug_pubtypes)

.debug_ranges   0x0000000000000000       0x48
 *(.debug_ranges)
 .debug_ranges  0x0000000000000000       0x48 placaAdicionalChopper.o

.debug_macro
 *(.debug_macro)
OUTPUT(placaAdicionalChopper.elf elf32-avr)
LOAD linker stubs
