Archive member included because of file (symbol)

/usr/lib/gcc/avr/4.8.1/avr5/libgcc.a(_udivmodhi4.o)
                              placaAdicionalChopper.o (__udivmodhi4)
/usr/lib/gcc/avr/4.8.1/avr5/libgcc.a(_udivmodsi4.o)
                              placaAdicionalChopper.o (__udivmodsi4)
/usr/lib/gcc/avr/4.8.1/avr5/libgcc.a(_exit.o)
                              /usr/lib/gcc/avr/4.8.1/../../../avr/lib/avr5/crtm328p.o (exit)
/usr/lib/gcc/avr/4.8.1/avr5/libgcc.a(_tablejump.o)
                              ATmega328.o (__tablejump2__)
/usr/lib/gcc/avr/4.8.1/avr5/libgcc.a(_copy_data.o)
                              placaAdicionalChopper.o (__do_copy_data)
/usr/lib/gcc/avr/4.8.1/avr5/libgcc.a(_clear_bss.o)
                              placaAdicionalChopper.o (__do_clear_bss)
/usr/lib/gcc/avr/4.8.1/avr5/libgcc.a(_ashrdi3.o)
                              ATmega328.o (__lshrdi3)
/usr/lib/gcc/avr/4.8.1/../../../avr/lib/avr5/libc.a(iob.o)
                              ATmega328.o (__iob)

Allocating common symbols
Common symbol       size              file

usartReceiverBuffer
                    0x32              ATmega328.o
usartReceiverBufferNextWrite
                    0x1               ATmega328.o
usartReceiverBufferLength
                    0x1               ATmega328.o
usartReceiverBufferNextRead
                    0x1               ATmega328.o
__iob               0x6               /usr/lib/gcc/avr/4.8.1/../../../avr/lib/avr5/libc.a(iob.o)

Memory Configuration

Name             Origin             Length             Attributes
text             0x0000000000000000 0x0000000000020000 xr
data             0x0000000000800060 0x000000000000ffa0 rw !x
eeprom           0x0000000000810000 0x0000000000010000 rw !x
fuse             0x0000000000820000 0x0000000000000400 rw !x
lock             0x0000000000830000 0x0000000000000400 rw !x
signature        0x0000000000840000 0x0000000000000400 rw !x
user_signatures  0x0000000000850000 0x0000000000000400 rw !x
*default*        0x0000000000000000 0xffffffffffffffff

Linker script and memory map

Address of section .data set to 0x800100
LOAD /usr/lib/gcc/avr/4.8.1/../../../avr/lib/avr5/crtm328p.o
LOAD placaAdicionalChopper.o
LOAD ATmega328.o
START GROUP
LOAD /usr/lib/gcc/avr/4.8.1/avr5/libgcc.a
LOAD /usr/lib/gcc/avr/4.8.1/../../../avr/lib/avr5/libm.a
LOAD /usr/lib/gcc/avr/4.8.1/../../../avr/lib/avr5/libc.a
END GROUP

.hash
 *(.hash)

.dynsym
 *(.dynsym)

.dynstr
 *(.dynstr)

.gnu.version
 *(.gnu.version)

.gnu.version_d
 *(.gnu.version_d)

.gnu.version_r
 *(.gnu.version_r)

.rel.init
 *(.rel.init)

.rela.init
 *(.rela.init)

.rel.text
 *(.rel.text)
 *(.rel.text.*)
 *(.rel.gnu.linkonce.t*)

.rela.text
 *(.rela.text)
 *(.rela.text.*)
 *(.rela.gnu.linkonce.t*)

.rel.fini
 *(.rel.fini)

.rela.fini
 *(.rela.fini)

.rel.rodata
 *(.rel.rodata)
 *(.rel.rodata.*)
 *(.rel.gnu.linkonce.r*)

.rela.rodata
 *(.rela.rodata)
 *(.rela.rodata.*)
 *(.rela.gnu.linkonce.r*)

.rel.data
 *(.rel.data)
 *(.rel.data.*)
 *(.rel.gnu.linkonce.d*)

.rela.data
 *(.rela.data)
 *(.rela.data.*)
 *(.rela.gnu.linkonce.d*)

.rel.ctors
 *(.rel.ctors)

.rela.ctors
 *(.rela.ctors)

.rel.dtors
 *(.rel.dtors)

.rela.dtors
 *(.rela.dtors)

.rel.got
 *(.rel.got)

.rela.got
 *(.rela.got)

.rel.bss
 *(.rel.bss)

.rela.bss
 *(.rela.bss)

.rel.plt
 *(.rel.plt)

.rela.plt
 *(.rela.plt)

.text           0x0000000000000000     0x1544
 *(.vectors)
 .vectors       0x0000000000000000       0x68 /usr/lib/gcc/avr/4.8.1/../../../avr/lib/avr5/crtm328p.o
                0x0000000000000000                __vectors
                0x0000000000000000                __vector_default
 *(.vectors)
 *(.progmem.gcc*)
 .progmem.gcc_sw_table
                0x0000000000000068       0x30 ATmega328.o
                0x0000000000000098                . = ALIGN (0x2)
                0x0000000000000098                __trampolines_start = .
 *(.trampolines)
 .trampolines   0x0000000000000098        0x0 linker stubs
 *(.trampolines*)
                0x0000000000000098                __trampolines_end = .
 *(.progmem*)
                0x0000000000000098                . = ALIGN (0x2)
 *(.jumptables)
 *(.jumptables*)
 *(.lowtext)
 *(.lowtext*)
                0x0000000000000098                __ctors_start = .
 *(.ctors)
                0x0000000000000098                __ctors_end = .
                0x0000000000000098                __dtors_start = .
 *(.dtors)
                0x0000000000000098                __dtors_end = .
 SORT(*)(.ctors)
 SORT(*)(.dtors)
 *(.init0)
 .init0         0x0000000000000098        0x0 /usr/lib/gcc/avr/4.8.1/../../../avr/lib/avr5/crtm328p.o
                0x0000000000000098                __init
 *(.init0)
 *(.init1)
 *(.init1)
 *(.init2)
 .init2         0x0000000000000098        0xc /usr/lib/gcc/avr/4.8.1/../../../avr/lib/avr5/crtm328p.o
 *(.init2)
 *(.init3)
 *(.init3)
 *(.init4)
 .init4         0x00000000000000a4       0x16 /usr/lib/gcc/avr/4.8.1/avr5/libgcc.a(_copy_data.o)
                0x00000000000000a4                __do_copy_data
 .init4         0x00000000000000ba       0x10 /usr/lib/gcc/avr/4.8.1/avr5/libgcc.a(_clear_bss.o)
                0x00000000000000ba                __do_clear_bss
 *(.init4)
 *(.init5)
 *(.init5)
 *(.init6)
 *(.init6)
 *(.init7)
 *(.init7)
 *(.init8)
 *(.init8)
 *(.init9)
 .init9         0x00000000000000ca        0x8 /usr/lib/gcc/avr/4.8.1/../../../avr/lib/avr5/crtm328p.o
 *(.init9)
 *(.text)
 .text          0x00000000000000d2        0x4 /usr/lib/gcc/avr/4.8.1/../../../avr/lib/avr5/crtm328p.o
                0x00000000000000d2                __vector_22
                0x00000000000000d2                __vector_1
                0x00000000000000d2                __vector_24
                0x00000000000000d2                __bad_interrupt
                0x00000000000000d2                __vector_6
                0x00000000000000d2                __vector_3
                0x00000000000000d2                __vector_23
                0x00000000000000d2                __vector_25
                0x00000000000000d2                __vector_13
                0x00000000000000d2                __vector_17
                0x00000000000000d2                __vector_19
                0x00000000000000d2                __vector_7
                0x00000000000000d2                __vector_5
                0x00000000000000d2                __vector_4
                0x00000000000000d2                __vector_9
                0x00000000000000d2                __vector_2
                0x00000000000000d2                __vector_15
                0x00000000000000d2                __vector_8
                0x00000000000000d2                __vector_14
                0x00000000000000d2                __vector_10
                0x00000000000000d2                __vector_18
                0x00000000000000d2                __vector_20
 .text          0x00000000000000d6      0x220 placaAdicionalChopper.o
                0x00000000000000d6                seta_dc
                0x0000000000000124                __vector_21
                0x00000000000001d0                __vector_11
                0x0000000000000200                __vector_12
                0x0000000000000222                __vector_16
 .text          0x00000000000002f6     0x10e4 ATmega328.o
                0x00000000000002f6                usartReceiveStd
                0x0000000000000306                globalInterruptEnable
                0x000000000000030a                globalInterruptDisable
                0x000000000000030e                systemClockSetPrescaler
                0x000000000000035a                eepromSetOperationMode
                0x000000000000036c                eepromReadyActivateInterrupt
                0x0000000000000370                eepromReadyDeactivateInterrupt
                0x0000000000000374                eepromWrite
                0x000000000000038e                eepromRead
                0x000000000000039e                globalPullUpEnable
                0x00000000000003a6                pullUpDisable
                0x00000000000003ae                int0Config
                0x000000000000040c                int0ActivateInterrupt
                0x0000000000000410                int0DeactivateInterrupt
                0x0000000000000414                int0ClearInterruptRequest
                0x0000000000000418                int1Config
                0x0000000000000476                int1ActivateInterrupt
                0x000000000000047a                int1DeactivateInterrupt
                0x000000000000047e                int1ClearInterruptRequest
                0x0000000000000482                pcint7_0Enable
                0x000000000000048e                pcint7_0Disable
                0x000000000000049a                pcint7_0ClearInterruptRequest
                0x000000000000049e                pcint0ActivateInterrupt
                0x00000000000004da                pcint0DeactivateInterrupt
                0x00000000000004e6                pcint1ActivateInterrupt
                0x0000000000000522                pcint1DeactivateInterrupt
                0x000000000000052e                pcint2ActivateInterrupt
                0x000000000000056a                pcint2DeactivateInterrupt
                0x0000000000000576                pcint3ActivateInterrupt
                0x00000000000005b2                pcint3DeactivateInterrupt
                0x00000000000005be                pcint4ActivateInterrupt
                0x00000000000005fa                pcint4DeactivateInterrupt
                0x0000000000000606                pcint5ActivateInterrupt
                0x0000000000000642                pcint5DeactivateInterrupt
                0x000000000000064e                pcint6ActivateInterrupt
                0x000000000000068a                pcint6DeactivateInterrupt
                0x0000000000000696                pcint7ActivateInterrupt
                0x00000000000006d2                pcint7DeactivateInterrupt
                0x00000000000006de                pcint14_8Enable
                0x00000000000006ea                pcint14_8Disable
                0x00000000000006f6                pcint14_8ClearInterruptRequest
                0x00000000000006fa                pcint8ActivateInterrupt
                0x0000000000000736                pcint8DeactivateInterrupt
                0x0000000000000742                pcint9ActivateInterrupt
                0x000000000000077e                pcint9DeactivateInterrupt
                0x000000000000078a                pcint10ActivateInterrupt
                0x00000000000007c6                pcint10DeactivateInterrupt
                0x00000000000007d2                pcint11ActivateInterrupt
                0x000000000000080e                pcint11DeactivateInterrupt
                0x000000000000081a                pcint12ActivateInterrupt
                0x0000000000000856                pcint12DeactivateInterrupt
                0x0000000000000862                pcint13ActivateInterrupt
                0x000000000000089e                pcint13DeactivateInterrupt
                0x00000000000008aa                pcint14ActivateInterrupt
                0x00000000000008e6                pcint14DeactivateInterrupt
                0x00000000000008f2                pcint23_16Enable
                0x00000000000008fe                pcint23_16Disable
                0x000000000000090a                pcint23_16ClearInterruptRequest
                0x000000000000090e                pcint16ActivateInterrupt
                0x000000000000094a                pcint16DeactivateInterrupt
                0x0000000000000956                pcint17ActivateInterrupt
                0x0000000000000992                pcint17DeactivateInterrupt
                0x000000000000099e                pcint18ActivateInterrupt
                0x00000000000009da                pcint18DeactivateInterrupt
                0x00000000000009e6                pcint19ActivateInterrupt
                0x0000000000000a22                pcint19DeactivateInterrupt
                0x0000000000000a2e                pcint20ActivateInterrupt
                0x0000000000000a6a                pcint20DeactivateInterrupt
                0x0000000000000a76                pcint21ActivateInterrupt
                0x0000000000000ab2                pcint21DeactivateInterrupt
                0x0000000000000abe                pcint22ActivateInterrupt
                0x0000000000000afa                pcint22DeactivateInterrupt
                0x0000000000000b06                pcint23ActivateInterrupt
                0x0000000000000b42                pcint23DeactivateInterrupt
                0x0000000000000b4e                timer0Config
                0x0000000000000bca                timer0OutputConfig
                0x0000000000000c1c                timer0ActivateOverflowInterrupt
                0x0000000000000c28                timer0DeactivateOverflowInterrupt
                0x0000000000000c34                timer0ClearOverflowInterruptRequest
                0x0000000000000c38                timer0ActivateCompareAInterrupt
                0x0000000000000c44                timer0DeactivateCompareAInterrupt
                0x0000000000000c50                timer0ClearCompareAInterruptRequest
                0x0000000000000c54                timer0ActivateCompareBInterrupt
                0x0000000000000c60                timer0DeactivateCompareBInterrupt
                0x0000000000000c6c                timer0ClearCompareBInterruptRequest
                0x0000000000000c70                timer0ForceCompareA
                0x0000000000000c78                timer0ForceCompareB
                0x0000000000000c80                timer0SetCounterValue
                0x0000000000000c84                timer0GetCounterValue
                0x0000000000000c88                timer0SetCompareAValue
                0x0000000000000c8c                timer0GetCompareAValue
                0x0000000000000c90                timer0SetCompareBValue
                0x0000000000000c94                timer0GetCompareBValue
                0x0000000000000c98                timer1Config
                0x0000000000000cd2                timer1OutputConfig
                0x0000000000000cfe                timer1InputCaptureNoiseCancelerConfig
                0x0000000000000d0e                timer1ActivateOverflowInterrupt
                0x0000000000000d1c                timer1DeactivateOverflowInterrupt
                0x0000000000000d2a                timer1ClearOverflowInterruptRequest
                0x0000000000000d30                timer1ActivateCompareAInterrupt
                0x0000000000000d3e                timer1DeactivateCompareAInterrupt
                0x0000000000000d4c                timer1ClearCompareAInterruptRequest
                0x0000000000000d52                timer1ActivateCompareBInterrupt
                0x0000000000000d60                timer1DeactivateCompareBInterrupt
                0x0000000000000d6e                timer1ClearCompareBInterruptRequest
                0x0000000000000d74                timer1ActivateInputCaptureInterrupt
                0x0000000000000d82                timer1DeactivateInputCaptureInterrupt
                0x0000000000000d90                timer1ClearInputCaptureInterruptRequest
                0x0000000000000d96                timer1ForceCompareA
                0x0000000000000da4                timer1ForceCompareB
                0x0000000000000db2                timer1SetCounterValue
                0x0000000000000dc4                timer1GetCounterValue
                0x0000000000000dce                timer1SetCompareAValue
                0x0000000000000de0                timer1GetCompareAValue
                0x0000000000000dea                timer1SetCompareBValue
                0x0000000000000dfc                timer1GetCompareBValue
                0x0000000000000e06                timer1SetInputCaptureValue
                0x0000000000000e18                timer1GetInputCaptureValue
                0x0000000000000e22                timer2Config
                0x0000000000000e52                timer2OutputConfig
                0x0000000000000e7e                timer2ActivateOverflowInterrupt
                0x0000000000000e8c                timer2DeactivateOverflowInterrupt
                0x0000000000000e9a                timer2ClearOverflowInterruptRequest
                0x0000000000000ea0                timer2ActivateCompareAInterrupt
                0x0000000000000eae                timer2DeactivateCompareAInterrupt
                0x0000000000000ebc                timer2ClearCompareAInterruptRequest
                0x0000000000000ec2                timer2ActivateCompareBInterrupt
                0x0000000000000ed0                timer2DeactivateCompareBInterrupt
                0x0000000000000ede                timer2ClearCompareBInterruptRequest
                0x0000000000000ee4                timer2ForceCompareA
                0x0000000000000ef2                timer2ForceCompareB
                0x0000000000000f00                timer2SetCounterValue
                0x0000000000000f08                timer2GetCounterValue
                0x0000000000000f0e                timer2SetCompareAValue
                0x0000000000000f16                timer2GetCompareAValue
                0x0000000000000f1c                timer2SetCompareBValue
                0x0000000000000f24                timer2GetCompareBValue
                0x0000000000000f2a                adcConfig
                0x0000000000000fac                adcSelectChannel
                0x0000000000000fbc                adcEnableDigitalInput
                0x0000000000000fcc                adcDisableDigitalInput
                0x0000000000000fda                adcDataPresentation
                0x0000000000000ff4                adcEnable
                0x0000000000001002                adcDisable
                0x0000000000001010                adcClearInterruptRequest
                0x000000000000101e                adcActivateInterrupt
                0x000000000000102c                adcDeactivateInterrupt
                0x000000000000103a                adcStartConversion
                0x0000000000001048                adcIsBusy
                0x0000000000001054                adcWaitUntilConversionFinish
                0x0000000000001060                usartConfig
                0x000000000000116a                usartEnableReceiver
                0x0000000000001178                usartDisableReceiver
                0x0000000000001186                usartEnableTransmitter
                0x0000000000001194                usartDisableTransmitter
                0x00000000000011a2                usartActivateReceptionCompleteInterrupt
                0x00000000000011b0                usartDeactivateReceptionCompleteInterrupt
                0x00000000000011be                usartActivateTransmissionCompleteInterrupt
                0x00000000000011cc                usartDeactivateTransmissionCompleteInterrupt
                0x00000000000011da                usartActivateBufferEmptyInterrupt
                0x00000000000011e8                usartDeactivateBufferEmptyInterrupt
                0x00000000000011f6                usartStdio
                0x0000000000001216                usartIsReceptionComplete
                0x0000000000001222                usartIsTransmissionComplete
                0x000000000000122e                usartIsBufferEmpty
                0x000000000000123a                usartTransmitStd
                0x0000000000001250                usartCheckError
                0x000000000000127a                usartTransmit
                0x0000000000001290                usartTransmit9bits
                0x00000000000012c2                usartReceive
                0x00000000000012d4                usartReceive9bits
                0x00000000000012fa                usartClearReceptionBuffer
                0x000000000000130a                usartAddDataToReceiverBuffer
                0x000000000000136a                usartGetDataFromReceiverBuffer
                0x00000000000013ae                usartIsReceiverBufferEmpty
                0x00000000000013ba                usartGetCurrentBaudRate
                0x00000000000013c2                spiInit
                0x00000000000013c4                spiMasterTransmit
                0x00000000000013d0                spiSlaveTransmit
 .text          0x00000000000013da        0x0 /usr/lib/gcc/avr/4.8.1/avr5/libgcc.a(_udivmodhi4.o)
 .text          0x00000000000013da        0x0 /usr/lib/gcc/avr/4.8.1/avr5/libgcc.a(_udivmodsi4.o)
 .text          0x00000000000013da        0x0 /usr/lib/gcc/avr/4.8.1/avr5/libgcc.a(_exit.o)
 .text          0x00000000000013da        0x0 /usr/lib/gcc/avr/4.8.1/avr5/libgcc.a(_tablejump.o)
 .text          0x00000000000013da        0x0 /usr/lib/gcc/avr/4.8.1/avr5/libgcc.a(_copy_data.o)
 .text          0x00000000000013da        0x0 /usr/lib/gcc/avr/4.8.1/avr5/libgcc.a(_clear_bss.o)
 .text          0x00000000000013da        0x0 /usr/lib/gcc/avr/4.8.1/avr5/libgcc.a(_ashrdi3.o)
 .text          0x00000000000013da        0x0 /usr/lib/gcc/avr/4.8.1/../../../avr/lib/avr5/libc.a(iob.o)
                0x00000000000013da                . = ALIGN (0x2)
 *(.text.*)
 .text.startup  0x00000000000013da       0xb2 placaAdicionalChopper.o
                0x00000000000013da                main
 .text.libgcc.mul
                0x000000000000148c        0x0 /usr/lib/gcc/avr/4.8.1/avr5/libgcc.a(_udivmodhi4.o)
 .text.libgcc.div
                0x000000000000148c       0x28 /usr/lib/gcc/avr/4.8.1/avr5/libgcc.a(_udivmodhi4.o)
                0x000000000000148c                __udivmodhi4
 .text.libgcc   0x00000000000014b4        0x0 /usr/lib/gcc/avr/4.8.1/avr5/libgcc.a(_udivmodhi4.o)
 .text.libgcc.prologue
                0x00000000000014b4        0x0 /usr/lib/gcc/avr/4.8.1/avr5/libgcc.a(_udivmodhi4.o)
 .text.libgcc.builtins
                0x00000000000014b4        0x0 /usr/lib/gcc/avr/4.8.1/avr5/libgcc.a(_udivmodhi4.o)
 .text.libgcc.fmul
                0x00000000000014b4        0x0 /usr/lib/gcc/avr/4.8.1/avr5/libgcc.a(_udivmodhi4.o)
 .text.libgcc.fixed
                0x00000000000014b4        0x0 /usr/lib/gcc/avr/4.8.1/avr5/libgcc.a(_udivmodhi4.o)
 .text.libgcc.mul
                0x00000000000014b4        0x0 /usr/lib/gcc/avr/4.8.1/avr5/libgcc.a(_udivmodsi4.o)
 .text.libgcc.div
                0x00000000000014b4       0x44 /usr/lib/gcc/avr/4.8.1/avr5/libgcc.a(_udivmodsi4.o)
                0x00000000000014b4                __udivmodsi4
 .text.libgcc   0x00000000000014f8        0x0 /usr/lib/gcc/avr/4.8.1/avr5/libgcc.a(_udivmodsi4.o)
 .text.libgcc.prologue
                0x00000000000014f8        0x0 /usr/lib/gcc/avr/4.8.1/avr5/libgcc.a(_udivmodsi4.o)
 .text.libgcc.builtins
                0x00000000000014f8        0x0 /usr/lib/gcc/avr/4.8.1/avr5/libgcc.a(_udivmodsi4.o)
 .text.libgcc.fmul
                0x00000000000014f8        0x0 /usr/lib/gcc/avr/4.8.1/avr5/libgcc.a(_udivmodsi4.o)
 .text.libgcc.fixed
                0x00000000000014f8        0x0 /usr/lib/gcc/avr/4.8.1/avr5/libgcc.a(_udivmodsi4.o)
 .text.libgcc.mul
                0x00000000000014f8        0x0 /usr/lib/gcc/avr/4.8.1/avr5/libgcc.a(_exit.o)
 .text.libgcc.div
                0x00000000000014f8        0x0 /usr/lib/gcc/avr/4.8.1/avr5/libgcc.a(_exit.o)
 .text.libgcc   0x00000000000014f8        0x0 /usr/lib/gcc/avr/4.8.1/avr5/libgcc.a(_exit.o)
 .text.libgcc.prologue
                0x00000000000014f8        0x0 /usr/lib/gcc/avr/4.8.1/avr5/libgcc.a(_exit.o)
 .text.libgcc.builtins
                0x00000000000014f8        0x0 /usr/lib/gcc/avr/4.8.1/avr5/libgcc.a(_exit.o)
 .text.libgcc.fmul
                0x00000000000014f8        0x0 /usr/lib/gcc/avr/4.8.1/avr5/libgcc.a(_exit.o)
 .text.libgcc.fixed
                0x00000000000014f8        0x0 /usr/lib/gcc/avr/4.8.1/avr5/libgcc.a(_exit.o)
 .text.libgcc.mul
                0x00000000000014f8        0x0 /usr/lib/gcc/avr/4.8.1/avr5/libgcc.a(_tablejump.o)
 .text.libgcc.div
                0x00000000000014f8        0x0 /usr/lib/gcc/avr/4.8.1/avr5/libgcc.a(_tablejump.o)
 .text.libgcc   0x00000000000014f8        0xc /usr/lib/gcc/avr/4.8.1/avr5/libgcc.a(_tablejump.o)
                0x00000000000014f8                __tablejump2__
                0x00000000000014fc                __tablejump__
 .text.libgcc.prologue
                0x0000000000001504        0x0 /usr/lib/gcc/avr/4.8.1/avr5/libgcc.a(_tablejump.o)
 .text.libgcc.builtins
                0x0000000000001504        0x0 /usr/lib/gcc/avr/4.8.1/avr5/libgcc.a(_tablejump.o)
 .text.libgcc.fmul
                0x0000000000001504        0x0 /usr/lib/gcc/avr/4.8.1/avr5/libgcc.a(_tablejump.o)
 .text.libgcc.fixed
                0x0000000000001504        0x0 /usr/lib/gcc/avr/4.8.1/avr5/libgcc.a(_tablejump.o)
 .text.libgcc.mul
                0x0000000000001504        0x0 /usr/lib/gcc/avr/4.8.1/avr5/libgcc.a(_copy_data.o)
 .text.libgcc.div
                0x0000000000001504        0x0 /usr/lib/gcc/avr/4.8.1/avr5/libgcc.a(_copy_data.o)
 .text.libgcc   0x0000000000001504        0x0 /usr/lib/gcc/avr/4.8.1/avr5/libgcc.a(_copy_data.o)
 .text.libgcc.prologue
                0x0000000000001504        0x0 /usr/lib/gcc/avr/4.8.1/avr5/libgcc.a(_copy_data.o)
 .text.libgcc.builtins
                0x0000000000001504        0x0 /usr/lib/gcc/avr/4.8.1/avr5/libgcc.a(_copy_data.o)
 .text.libgcc.fmul
                0x0000000000001504        0x0 /usr/lib/gcc/avr/4.8.1/avr5/libgcc.a(_copy_data.o)
 .text.libgcc.fixed
                0x0000000000001504        0x0 /usr/lib/gcc/avr/4.8.1/avr5/libgcc.a(_copy_data.o)
 .text.libgcc.mul
                0x0000000000001504        0x0 /usr/lib/gcc/avr/4.8.1/avr5/libgcc.a(_clear_bss.o)
 .text.libgcc.div
                0x0000000000001504        0x0 /usr/lib/gcc/avr/4.8.1/avr5/libgcc.a(_clear_bss.o)
 .text.libgcc   0x0000000000001504        0x0 /usr/lib/gcc/avr/4.8.1/avr5/libgcc.a(_clear_bss.o)
 .text.libgcc.prologue
                0x0000000000001504        0x0 /usr/lib/gcc/avr/4.8.1/avr5/libgcc.a(_clear_bss.o)
 .text.libgcc.builtins
                0x0000000000001504        0x0 /usr/lib/gcc/avr/4.8.1/avr5/libgcc.a(_clear_bss.o)
 .text.libgcc.fmul
                0x0000000000001504        0x0 /usr/lib/gcc/avr/4.8.1/avr5/libgcc.a(_clear_bss.o)
 .text.libgcc.fixed
                0x0000000000001504        0x0 /usr/lib/gcc/avr/4.8.1/avr5/libgcc.a(_clear_bss.o)
 .text.libgcc.mul
                0x0000000000001504        0x0 /usr/lib/gcc/avr/4.8.1/avr5/libgcc.a(_ashrdi3.o)
 .text.libgcc.div
                0x0000000000001504        0x0 /usr/lib/gcc/avr/4.8.1/avr5/libgcc.a(_ashrdi3.o)
 .text.libgcc   0x0000000000001504        0x0 /usr/lib/gcc/avr/4.8.1/avr5/libgcc.a(_ashrdi3.o)
 .text.libgcc.prologue
                0x0000000000001504        0x0 /usr/lib/gcc/avr/4.8.1/avr5/libgcc.a(_ashrdi3.o)
 .text.libgcc.builtins
                0x0000000000001504       0x3c /usr/lib/gcc/avr/4.8.1/avr5/libgcc.a(_ashrdi3.o)
                0x0000000000001504                __ashrdi3
                0x0000000000001508                __lshrdi3
 .text.libgcc.fmul
                0x0000000000001540        0x0 /usr/lib/gcc/avr/4.8.1/avr5/libgcc.a(_ashrdi3.o)
 .text.libgcc.fixed
                0x0000000000001540        0x0 /usr/lib/gcc/avr/4.8.1/avr5/libgcc.a(_ashrdi3.o)
                0x0000000000001540                . = ALIGN (0x2)
 *(.fini9)
 .fini9         0x0000000000001540        0x0 /usr/lib/gcc/avr/4.8.1/avr5/libgcc.a(_exit.o)
                0x0000000000001540                exit
                0x0000000000001540                _exit
 *(.fini9)
 *(.fini8)
 *(.fini8)
 *(.fini7)
 *(.fini7)
 *(.fini6)
 *(.fini6)
 *(.fini5)
 *(.fini5)
 *(.fini4)
 *(.fini4)
 *(.fini3)
 *(.fini3)
 *(.fini2)
 *(.fini2)
 *(.fini1)
 *(.fini1)
 *(.fini0)
 .fini0         0x0000000000001540        0x4 /usr/lib/gcc/avr/4.8.1/avr5/libgcc.a(_exit.o)
 *(.fini0)
                0x0000000000001544                _etext = .

.data           0x0000000000800100       0x1a load address 0x0000000000001544
                0x0000000000800100                PROVIDE (__data_start, .)
 *(.data)
 .data          0x0000000000800100        0x0 /usr/lib/gcc/avr/4.8.1/../../../avr/lib/avr5/crtm328p.o
 .data          0x0000000000800100        0xc placaAdicionalChopper.o
                0x0000000000800100                minVotage
                0x0000000000800101                voltage
                0x0000000000800102                criticalTemp
                0x0000000000800103                maxTemp
                0x0000000000800104                temperature
                0x0000000000800105                maxDV
                0x0000000000800106                maxDC
                0x0000000000800107                minDC
                0x0000000000800108                maxCurrent
                0x0000000000800109                freq
                0x000000000080010b                channel
 .data          0x000000000080010c        0xe ATmega328.o
                0x000000000080010c                usartStream
 .data          0x000000000080011a        0x0 /usr/lib/gcc/avr/4.8.1/avr5/libgcc.a(_udivmodhi4.o)
 .data          0x000000000080011a        0x0 /usr/lib/gcc/avr/4.8.1/avr5/libgcc.a(_udivmodsi4.o)
 .data          0x000000000080011a        0x0 /usr/lib/gcc/avr/4.8.1/avr5/libgcc.a(_exit.o)
 .data          0x000000000080011a        0x0 /usr/lib/gcc/avr/4.8.1/avr5/libgcc.a(_tablejump.o)
 .data          0x000000000080011a        0x0 /usr/lib/gcc/avr/4.8.1/avr5/libgcc.a(_copy_data.o)
 .data          0x000000000080011a        0x0 /usr/lib/gcc/avr/4.8.1/avr5/libgcc.a(_clear_bss.o)
 .data          0x000000000080011a        0x0 /usr/lib/gcc/avr/4.8.1/avr5/libgcc.a(_ashrdi3.o)
 .data          0x000000000080011a        0x0 /usr/lib/gcc/avr/4.8.1/../../../avr/lib/avr5/libc.a(iob.o)
 *(.data*)
 *(.rodata)
 *(.rodata*)
 *(.gnu.linkonce.d*)
                0x000000000080011a                . = ALIGN (0x2)
                0x000000000080011a                _edata = .
                0x000000000080011a                PROVIDE (__data_end, .)

.bss            0x000000000080011a       0x42
                0x000000000080011a                PROVIDE (__bss_start, .)
 *(.bss)
 .bss           0x000000000080011a        0x0 /usr/lib/gcc/avr/4.8.1/../../../avr/lib/avr5/crtm328p.o
 .bss           0x000000000080011a        0x7 placaAdicionalChopper.o
                0x000000000080011a                dms
                0x000000000080011b                on
                0x000000000080011c                dcReq
                0x000000000080011d                dc
                0x000000000080011e                current
                0x000000000080011f                cont
 .bss           0x0000000000800121        0x0 ATmega328.o
 .bss           0x0000000000800121        0x0 /usr/lib/gcc/avr/4.8.1/avr5/libgcc.a(_udivmodhi4.o)
 .bss           0x0000000000800121        0x0 /usr/lib/gcc/avr/4.8.1/avr5/libgcc.a(_udivmodsi4.o)
 .bss           0x0000000000800121        0x0 /usr/lib/gcc/avr/4.8.1/avr5/libgcc.a(_exit.o)
 .bss           0x0000000000800121        0x0 /usr/lib/gcc/avr/4.8.1/avr5/libgcc.a(_tablejump.o)
 .bss           0x0000000000800121        0x0 /usr/lib/gcc/avr/4.8.1/avr5/libgcc.a(_copy_data.o)
 .bss           0x0000000000800121        0x0 /usr/lib/gcc/avr/4.8.1/avr5/libgcc.a(_clear_bss.o)
 .bss           0x0000000000800121        0x0 /usr/lib/gcc/avr/4.8.1/avr5/libgcc.a(_ashrdi3.o)
 .bss           0x0000000000800121        0x0 /usr/lib/gcc/avr/4.8.1/../../../avr/lib/avr5/libc.a(iob.o)
 *(.bss*)
 *(COMMON)
 COMMON         0x0000000000800121       0x35 ATmega328.o
                0x0000000000800121                usartReceiverBuffer
                0x0000000000800153                usartReceiverBufferNextWrite
                0x0000000000800154                usartReceiverBufferLength
                0x0000000000800155                usartReceiverBufferNextRead
 COMMON         0x0000000000800156        0x6 /usr/lib/gcc/avr/4.8.1/../../../avr/lib/avr5/libc.a(iob.o)
                0x0000000000800156                __iob
                0x000000000080015c                PROVIDE (__bss_end, .)
                0x0000000000001544                __data_load_start = LOADADDR (.data)
                0x000000000000155e                __data_load_end = (__data_load_start + SIZEOF (.data))

.noinit         0x000000000080015c        0x0
                0x000000000080015c                PROVIDE (__noinit_start, .)
 *(.noinit*)
                0x000000000080015c                PROVIDE (__noinit_end, .)
                0x000000000080015c                _end = .
                0x000000000080015c                PROVIDE (__heap_start, .)

.eeprom         0x0000000000810000        0x0
 *(.eeprom*)
                0x0000000000810000                __eeprom_end = .

.fuse
 *(.fuse)
 *(.lfuse)
 *(.hfuse)
 *(.efuse)

.lock
 *(.lock*)

.signature
 *(.signature*)

.user_signatures
 *(.user_signatures*)

.stab
 *(.stab)

.stabstr
 *(.stabstr)

.stab.excl
 *(.stab.excl)

.stab.exclstr
 *(.stab.exclstr)

.stab.index
 *(.stab.index)

.stab.indexstr
 *(.stab.indexstr)

.comment        0x0000000000000000       0x11
 *(.comment)
 .comment       0x0000000000000000       0x11 placaAdicionalChopper.o
                                         0x12 (size before relaxing)
 .comment       0x0000000000000000       0x12 ATmega328.o
 .comment       0x0000000000000000       0x12 /usr/lib/gcc/avr/4.8.1/../../../avr/lib/avr5/libc.a(iob.o)

.note.gnu.build-id
 *(.note.gnu.build-id)

.debug
 *(.debug)

.line
 *(.line)

.debug_srcinfo
 *(.debug_srcinfo)

.debug_sfnames
 *(.debug_sfnames)

.debug_aranges  0x0000000000000000       0x48
 *(.debug_aranges)
 .debug_aranges
                0x0000000000000000       0x28 placaAdicionalChopper.o
 .debug_aranges
                0x0000000000000028       0x20 ATmega328.o

.debug_pubnames
 *(.debug_pubnames)

.debug_info     0x0000000000000000     0x2c0a
 *(.debug_info .gnu.linkonce.wi.*)
 .debug_info    0x0000000000000000      0x7eb placaAdicionalChopper.o
 .debug_info    0x00000000000007eb     0x241f ATmega328.o

.debug_abbrev   0x0000000000000000      0x594
 *(.debug_abbrev)
 .debug_abbrev  0x0000000000000000      0x21d placaAdicionalChopper.o
 .debug_abbrev  0x000000000000021d      0x377 ATmega328.o

.debug_line     0x0000000000000000      0x746
 *(.debug_line .debug_line.* .debug_line_end)
 .debug_line    0x0000000000000000      0x13c placaAdicionalChopper.o
 .debug_line    0x000000000000013c      0x60a ATmega328.o

.debug_frame    0x0000000000000000      0xce4
 *(.debug_frame)
 .debug_frame   0x0000000000000000      0x12c placaAdicionalChopper.o
 .debug_frame   0x000000000000012c      0xbb8 ATmega328.o

.debug_str      0x0000000000000000     0x249f
 *(.debug_str)
 .debug_str     0x0000000000000000      0xbc5 placaAdicionalChopper.o
                                        0xc04 (size before relaxing)
 .debug_str     0x0000000000000bc5     0x18da ATmega328.o
                                       0x2440 (size before relaxing)

.debug_loc      0x0000000000000000     0x156b
 *(.debug_loc)
 .debug_loc     0x0000000000000000      0x297 placaAdicionalChopper.o
 .debug_loc     0x0000000000000297     0x12d4 ATmega328.o

.debug_macinfo
 *(.debug_macinfo)

.debug_weaknames
 *(.debug_weaknames)

.debug_funcnames
 *(.debug_funcnames)

.debug_typenames
 *(.debug_typenames)

.debug_varnames
 *(.debug_varnames)

.debug_pubtypes
 *(.debug_pubtypes)

.debug_ranges   0x0000000000000000       0x30
 *(.debug_ranges)
 .debug_ranges  0x0000000000000000       0x30 placaAdicionalChopper.o

.debug_macro
 *(.debug_macro)
OUTPUT(placaAdicionalChopper.elf elf32-avr)
LOAD linker stubs
