Archive member included because of file (symbol)

/usr/lib/gcc/avr/4.8.2/avr5/libgcc.a(_udivmodhi4.o)
                              placaAdicionalChopper.o (__udivmodhi4)
/usr/lib/gcc/avr/4.8.2/avr5/libgcc.a(_udivmodsi4.o)
                              placaAdicionalChopper.o (__udivmodsi4)
/usr/lib/gcc/avr/4.8.2/avr5/libgcc.a(_exit.o)
                              /usr/lib/gcc/avr/4.8.2/../../../avr/lib/avr5/crtm328p.o (exit)
/usr/lib/gcc/avr/4.8.2/avr5/libgcc.a(_tablejump.o)
                              placaAdicionalChopper.o (__tablejump2__)
/usr/lib/gcc/avr/4.8.2/avr5/libgcc.a(_copy_data.o)
                              placaAdicionalChopper.o (__do_copy_data)
/usr/lib/gcc/avr/4.8.2/avr5/libgcc.a(_clear_bss.o)
                              placaAdicionalChopper.o (__do_clear_bss)
/usr/lib/gcc/avr/4.8.2/avr5/libgcc.a(_ashrdi3.o)
                              ATmega328.o (__lshrdi3)
/usr/lib/gcc/avr/4.8.2/../../../avr/lib/avr5/libc.a(strcat.o)
                              placaAdicionalChopper.o (strcat)
/usr/lib/gcc/avr/4.8.2/../../../avr/lib/avr5/libc.a(strcpy.o)
                              placaAdicionalChopper.o (strcpy)
/usr/lib/gcc/avr/4.8.2/../../../avr/lib/avr5/libc.a(iob.o)
                              ATmega328.o (__iob)

Allocating common symbols
Common symbol       size              file

usartReceiverBuffer
                    0x32              ATmega328.o
flags               0x1               placaAdicionalChopper.o
usartReceiverBufferNextWrite
                    0x1               ATmega328.o
usartReceiverBufferLength
                    0x1               ATmega328.o
usartReceiverBufferNextRead
                    0x1               ATmega328.o
__iob               0x6               /usr/lib/gcc/avr/4.8.2/../../../avr/lib/avr5/libc.a(iob.o)
status              0x7               placaAdicionalChopper.o

Memory Configuration

Name             Origin             Length             Attributes
text             0x0000000000000000 0x0000000000020000 xr
data             0x0000000000800060 0x000000000000ffa0 rw !x
eeprom           0x0000000000810000 0x0000000000010000 rw !x
fuse             0x0000000000820000 0x0000000000000400 rw !x
lock             0x0000000000830000 0x0000000000000400 rw !x
signature        0x0000000000840000 0x0000000000000400 rw !x
user_signatures  0x0000000000850000 0x0000000000000400 rw !x
*default*        0x0000000000000000 0xffffffffffffffff

Linker script and memory map

Address of section .data set to 0x800100
LOAD /usr/lib/gcc/avr/4.8.2/../../../avr/lib/avr5/crtm328p.o
LOAD placaAdicionalChopper.o
LOAD ATmega328.o
START GROUP
LOAD /usr/lib/gcc/avr/4.8.2/avr5/libgcc.a
LOAD /usr/lib/gcc/avr/4.8.2/../../../avr/lib/avr5/libm.a
LOAD /usr/lib/gcc/avr/4.8.2/../../../avr/lib/avr5/libc.a
END GROUP

.hash
 *(.hash)

.dynsym
 *(.dynsym)

.dynstr
 *(.dynstr)

.gnu.version
 *(.gnu.version)

.gnu.version_d
 *(.gnu.version_d)

.gnu.version_r
 *(.gnu.version_r)

.rel.init
 *(.rel.init)

.rela.init
 *(.rela.init)

.rel.text
 *(.rel.text)
 *(.rel.text.*)
 *(.rel.gnu.linkonce.t*)

.rela.text
 *(.rela.text)
 *(.rela.text.*)
 *(.rela.gnu.linkonce.t*)

.rel.fini
 *(.rel.fini)

.rela.fini
 *(.rela.fini)

.rel.rodata
 *(.rel.rodata)
 *(.rel.rodata.*)
 *(.rel.gnu.linkonce.r*)

.rela.rodata
 *(.rela.rodata)
 *(.rela.rodata.*)
 *(.rela.gnu.linkonce.r*)

.rel.data
 *(.rel.data)
 *(.rel.data.*)
 *(.rel.gnu.linkonce.d*)

.rela.data
 *(.rela.data)
 *(.rela.data.*)
 *(.rela.gnu.linkonce.d*)

.rel.ctors
 *(.rel.ctors)

.rela.ctors
 *(.rela.ctors)

.rel.dtors
 *(.rel.dtors)

.rela.dtors
 *(.rela.dtors)

.rel.got
 *(.rel.got)

.rela.got
 *(.rela.got)

.rel.bss
 *(.rel.bss)

.rela.bss
 *(.rela.bss)

.rel.plt
 *(.rel.plt)

.rela.plt
 *(.rela.plt)

.text           0x0000000000000000     0x1ba2
 *(.vectors)
 .vectors       0x0000000000000000       0x68 /usr/lib/gcc/avr/4.8.2/../../../avr/lib/avr5/crtm328p.o
                0x0000000000000000                __vectors
                0x0000000000000000                __vector_default
 *(.vectors)
 *(.progmem.gcc*)
 .progmem.gcc_sw_table
                0x0000000000000068       0x30 placaAdicionalChopper.o
 .progmem.gcc_sw_table
                0x0000000000000098       0x30 ATmega328.o
 *(.progmem*)
                0x00000000000000c8                . = ALIGN (0x2)
                0x00000000000000c8                __trampolines_start = .
 *(.trampolines)
 .trampolines   0x00000000000000c8        0x0 linker stubs
 *(.trampolines*)
                0x00000000000000c8                __trampolines_end = .
 *(.jumptables)
 *(.jumptables*)
 *(.lowtext)
 *(.lowtext*)
                0x00000000000000c8                __ctors_start = .
 *(.ctors)
                0x00000000000000c8                __ctors_end = .
                0x00000000000000c8                __dtors_start = .
 *(.dtors)
                0x00000000000000c8                __dtors_end = .
 SORT(*)(.ctors)
 SORT(*)(.dtors)
 *(.init0)
 .init0         0x00000000000000c8        0x0 /usr/lib/gcc/avr/4.8.2/../../../avr/lib/avr5/crtm328p.o
                0x00000000000000c8                __init
 *(.init0)
 *(.init1)
 *(.init1)
 *(.init2)
 .init2         0x00000000000000c8        0xc /usr/lib/gcc/avr/4.8.2/../../../avr/lib/avr5/crtm328p.o
 *(.init2)
 *(.init3)
 *(.init3)
 *(.init4)
 .init4         0x00000000000000d4       0x16 /usr/lib/gcc/avr/4.8.2/avr5/libgcc.a(_copy_data.o)
                0x00000000000000d4                __do_copy_data
 .init4         0x00000000000000ea       0x10 /usr/lib/gcc/avr/4.8.2/avr5/libgcc.a(_clear_bss.o)
                0x00000000000000ea                __do_clear_bss
 *(.init4)
 *(.init5)
 *(.init5)
 *(.init6)
 *(.init6)
 *(.init7)
 *(.init7)
 *(.init8)
 *(.init8)
 *(.init9)
 .init9         0x00000000000000fa        0x8 /usr/lib/gcc/avr/4.8.2/../../../avr/lib/avr5/crtm328p.o
 *(.init9)
 *(.text)
 .text          0x0000000000000102        0x4 /usr/lib/gcc/avr/4.8.2/../../../avr/lib/avr5/crtm328p.o
                0x0000000000000102                __vector_22
                0x0000000000000102                __vector_1
                0x0000000000000102                __vector_24
                0x0000000000000102                __bad_interrupt
                0x0000000000000102                __vector_6
                0x0000000000000102                __vector_3
                0x0000000000000102                __vector_23
                0x0000000000000102                __vector_25
                0x0000000000000102                __vector_13
                0x0000000000000102                __vector_17
                0x0000000000000102                __vector_19
                0x0000000000000102                __vector_7
                0x0000000000000102                __vector_5
                0x0000000000000102                __vector_4
                0x0000000000000102                __vector_9
                0x0000000000000102                __vector_2
                0x0000000000000102                __vector_15
                0x0000000000000102                __vector_8
                0x0000000000000102                __vector_14
                0x0000000000000102                __vector_10
                0x0000000000000102                __vector_20
 .text          0x0000000000000106      0x492 placaAdicionalChopper.o
                0x0000000000000106                seta_dc
                0x0000000000000154                esvaziaBuffer
                0x0000000000000164                stringTransmit
                0x0000000000000194                uint16ToString4
                0x00000000000001fc                uint8ToString4
                0x0000000000000252                string4ToUint16
                0x00000000000002a8                string4Touint8
                0x00000000000002cc                __vector_21
                0x000000000000039a                __vector_11
                0x00000000000003c6                __vector_12
                0x00000000000003e8                __vector_16
                0x000000000000054c                __vector_18
 .text          0x0000000000000598     0x10e4 ATmega328.o
                0x0000000000000598                usartReceiveStd
                0x00000000000005a8                globalInterruptEnable
                0x00000000000005ac                globalInterruptDisable
                0x00000000000005b0                systemClockSetPrescaler
                0x00000000000005fc                eepromSetOperationMode
                0x000000000000060e                eepromReadyActivateInterrupt
                0x0000000000000612                eepromReadyDeactivateInterrupt
                0x0000000000000616                eepromWrite
                0x0000000000000630                eepromRead
                0x0000000000000640                globalPullUpEnable
                0x0000000000000648                pullUpDisable
                0x0000000000000650                int0Config
                0x00000000000006ae                int0ActivateInterrupt
                0x00000000000006b2                int0DeactivateInterrupt
                0x00000000000006b6                int0ClearInterruptRequest
                0x00000000000006ba                int1Config
                0x0000000000000718                int1ActivateInterrupt
                0x000000000000071c                int1DeactivateInterrupt
                0x0000000000000720                int1ClearInterruptRequest
                0x0000000000000724                pcint7_0Enable
                0x0000000000000730                pcint7_0Disable
                0x000000000000073c                pcint7_0ClearInterruptRequest
                0x0000000000000740                pcint0ActivateInterrupt
                0x000000000000077c                pcint0DeactivateInterrupt
                0x0000000000000788                pcint1ActivateInterrupt
                0x00000000000007c4                pcint1DeactivateInterrupt
                0x00000000000007d0                pcint2ActivateInterrupt
                0x000000000000080c                pcint2DeactivateInterrupt
                0x0000000000000818                pcint3ActivateInterrupt
                0x0000000000000854                pcint3DeactivateInterrupt
                0x0000000000000860                pcint4ActivateInterrupt
                0x000000000000089c                pcint4DeactivateInterrupt
                0x00000000000008a8                pcint5ActivateInterrupt
                0x00000000000008e4                pcint5DeactivateInterrupt
                0x00000000000008f0                pcint6ActivateInterrupt
                0x000000000000092c                pcint6DeactivateInterrupt
                0x0000000000000938                pcint7ActivateInterrupt
                0x0000000000000974                pcint7DeactivateInterrupt
                0x0000000000000980                pcint14_8Enable
                0x000000000000098c                pcint14_8Disable
                0x0000000000000998                pcint14_8ClearInterruptRequest
                0x000000000000099c                pcint8ActivateInterrupt
                0x00000000000009d8                pcint8DeactivateInterrupt
                0x00000000000009e4                pcint9ActivateInterrupt
                0x0000000000000a20                pcint9DeactivateInterrupt
                0x0000000000000a2c                pcint10ActivateInterrupt
                0x0000000000000a68                pcint10DeactivateInterrupt
                0x0000000000000a74                pcint11ActivateInterrupt
                0x0000000000000ab0                pcint11DeactivateInterrupt
                0x0000000000000abc                pcint12ActivateInterrupt
                0x0000000000000af8                pcint12DeactivateInterrupt
                0x0000000000000b04                pcint13ActivateInterrupt
                0x0000000000000b40                pcint13DeactivateInterrupt
                0x0000000000000b4c                pcint14ActivateInterrupt
                0x0000000000000b88                pcint14DeactivateInterrupt
                0x0000000000000b94                pcint23_16Enable
                0x0000000000000ba0                pcint23_16Disable
                0x0000000000000bac                pcint23_16ClearInterruptRequest
                0x0000000000000bb0                pcint16ActivateInterrupt
                0x0000000000000bec                pcint16DeactivateInterrupt
                0x0000000000000bf8                pcint17ActivateInterrupt
                0x0000000000000c34                pcint17DeactivateInterrupt
                0x0000000000000c40                pcint18ActivateInterrupt
                0x0000000000000c7c                pcint18DeactivateInterrupt
                0x0000000000000c88                pcint19ActivateInterrupt
                0x0000000000000cc4                pcint19DeactivateInterrupt
                0x0000000000000cd0                pcint20ActivateInterrupt
                0x0000000000000d0c                pcint20DeactivateInterrupt
                0x0000000000000d18                pcint21ActivateInterrupt
                0x0000000000000d54                pcint21DeactivateInterrupt
                0x0000000000000d60                pcint22ActivateInterrupt
                0x0000000000000d9c                pcint22DeactivateInterrupt
                0x0000000000000da8                pcint23ActivateInterrupt
                0x0000000000000de4                pcint23DeactivateInterrupt
                0x0000000000000df0                timer0Config
                0x0000000000000e6c                timer0OutputConfig
                0x0000000000000ebe                timer0ActivateOverflowInterrupt
                0x0000000000000eca                timer0DeactivateOverflowInterrupt
                0x0000000000000ed6                timer0ClearOverflowInterruptRequest
                0x0000000000000eda                timer0ActivateCompareAInterrupt
                0x0000000000000ee6                timer0DeactivateCompareAInterrupt
                0x0000000000000ef2                timer0ClearCompareAInterruptRequest
                0x0000000000000ef6                timer0ActivateCompareBInterrupt
                0x0000000000000f02                timer0DeactivateCompareBInterrupt
                0x0000000000000f0e                timer0ClearCompareBInterruptRequest
                0x0000000000000f12                timer0ForceCompareA
                0x0000000000000f1a                timer0ForceCompareB
                0x0000000000000f22                timer0SetCounterValue
                0x0000000000000f26                timer0GetCounterValue
                0x0000000000000f2a                timer0SetCompareAValue
                0x0000000000000f2e                timer0GetCompareAValue
                0x0000000000000f32                timer0SetCompareBValue
                0x0000000000000f36                timer0GetCompareBValue
                0x0000000000000f3a                timer1Config
                0x0000000000000f74                timer1OutputConfig
                0x0000000000000fa0                timer1InputCaptureNoiseCancelerConfig
                0x0000000000000fb0                timer1ActivateOverflowInterrupt
                0x0000000000000fbe                timer1DeactivateOverflowInterrupt
                0x0000000000000fcc                timer1ClearOverflowInterruptRequest
                0x0000000000000fd2                timer1ActivateCompareAInterrupt
                0x0000000000000fe0                timer1DeactivateCompareAInterrupt
                0x0000000000000fee                timer1ClearCompareAInterruptRequest
                0x0000000000000ff4                timer1ActivateCompareBInterrupt
                0x0000000000001002                timer1DeactivateCompareBInterrupt
                0x0000000000001010                timer1ClearCompareBInterruptRequest
                0x0000000000001016                timer1ActivateInputCaptureInterrupt
                0x0000000000001024                timer1DeactivateInputCaptureInterrupt
                0x0000000000001032                timer1ClearInputCaptureInterruptRequest
                0x0000000000001038                timer1ForceCompareA
                0x0000000000001046                timer1ForceCompareB
                0x0000000000001054                timer1SetCounterValue
                0x0000000000001066                timer1GetCounterValue
                0x0000000000001070                timer1SetCompareAValue
                0x0000000000001082                timer1GetCompareAValue
                0x000000000000108c                timer1SetCompareBValue
                0x000000000000109e                timer1GetCompareBValue
                0x00000000000010a8                timer1SetInputCaptureValue
                0x00000000000010ba                timer1GetInputCaptureValue
                0x00000000000010c4                timer2Config
                0x00000000000010f4                timer2OutputConfig
                0x0000000000001120                timer2ActivateOverflowInterrupt
                0x000000000000112e                timer2DeactivateOverflowInterrupt
                0x000000000000113c                timer2ClearOverflowInterruptRequest
                0x0000000000001142                timer2ActivateCompareAInterrupt
                0x0000000000001150                timer2DeactivateCompareAInterrupt
                0x000000000000115e                timer2ClearCompareAInterruptRequest
                0x0000000000001164                timer2ActivateCompareBInterrupt
                0x0000000000001172                timer2DeactivateCompareBInterrupt
                0x0000000000001180                timer2ClearCompareBInterruptRequest
                0x0000000000001186                timer2ForceCompareA
                0x0000000000001194                timer2ForceCompareB
                0x00000000000011a2                timer2SetCounterValue
                0x00000000000011aa                timer2GetCounterValue
                0x00000000000011b0                timer2SetCompareAValue
                0x00000000000011b8                timer2GetCompareAValue
                0x00000000000011be                timer2SetCompareBValue
                0x00000000000011c6                timer2GetCompareBValue
                0x00000000000011cc                adcConfig
                0x000000000000124e                adcSelectChannel
                0x000000000000125e                adcEnableDigitalInput
                0x000000000000126e                adcDisableDigitalInput
                0x000000000000127c                adcDataPresentation
                0x0000000000001296                adcEnable
                0x00000000000012a4                adcDisable
                0x00000000000012b2                adcClearInterruptRequest
                0x00000000000012c0                adcActivateInterrupt
                0x00000000000012ce                adcDeactivateInterrupt
                0x00000000000012dc                adcStartConversion
                0x00000000000012ea                adcIsBusy
                0x00000000000012f6                adcWaitUntilConversionFinish
                0x0000000000001302                usartConfig
                0x000000000000140c                usartEnableReceiver
                0x000000000000141a                usartDisableReceiver
                0x0000000000001428                usartEnableTransmitter
                0x0000000000001436                usartDisableTransmitter
                0x0000000000001444                usartActivateReceptionCompleteInterrupt
                0x0000000000001452                usartDeactivateReceptionCompleteInterrupt
                0x0000000000001460                usartActivateTransmissionCompleteInterrupt
                0x000000000000146e                usartDeactivateTransmissionCompleteInterrupt
                0x000000000000147c                usartActivateBufferEmptyInterrupt
                0x000000000000148a                usartDeactivateBufferEmptyInterrupt
                0x0000000000001498                usartStdio
                0x00000000000014b8                usartIsReceptionComplete
                0x00000000000014c4                usartIsTransmissionComplete
                0x00000000000014d0                usartIsBufferEmpty
                0x00000000000014dc                usartTransmitStd
                0x00000000000014f2                usartCheckError
                0x000000000000151c                usartTransmit
                0x0000000000001532                usartTransmit9bits
                0x0000000000001564                usartReceive
                0x0000000000001576                usartReceive9bits
                0x000000000000159c                usartClearReceptionBuffer
                0x00000000000015ac                usartAddDataToReceiverBuffer
                0x000000000000160c                usartGetDataFromReceiverBuffer
                0x0000000000001650                usartIsReceiverBufferEmpty
                0x000000000000165c                usartGetCurrentBaudRate
                0x0000000000001664                spiInit
                0x0000000000001666                spiMasterTransmit
                0x0000000000001672                spiSlaveTransmit
 .text          0x000000000000167c        0x0 /usr/lib/gcc/avr/4.8.2/avr5/libgcc.a(_udivmodhi4.o)
 .text          0x000000000000167c        0x0 /usr/lib/gcc/avr/4.8.2/avr5/libgcc.a(_udivmodsi4.o)
 .text          0x000000000000167c        0x0 /usr/lib/gcc/avr/4.8.2/avr5/libgcc.a(_exit.o)
 .text          0x000000000000167c        0x0 /usr/lib/gcc/avr/4.8.2/avr5/libgcc.a(_tablejump.o)
 .text          0x000000000000167c        0x0 /usr/lib/gcc/avr/4.8.2/avr5/libgcc.a(_copy_data.o)
 .text          0x000000000000167c        0x0 /usr/lib/gcc/avr/4.8.2/avr5/libgcc.a(_clear_bss.o)
 .text          0x000000000000167c        0x0 /usr/lib/gcc/avr/4.8.2/avr5/libgcc.a(_ashrdi3.o)
 .text          0x000000000000167c        0x0 /usr/lib/gcc/avr/4.8.2/../../../avr/lib/avr5/libc.a(strcat.o)
 .text          0x000000000000167c        0x0 /usr/lib/gcc/avr/4.8.2/../../../avr/lib/avr5/libc.a(strcpy.o)
 .text          0x000000000000167c        0x0 /usr/lib/gcc/avr/4.8.2/../../../avr/lib/avr5/libc.a(iob.o)
                0x000000000000167c                . = ALIGN (0x2)
 *(.text.*)
 .text.startup  0x000000000000167c      0x44a placaAdicionalChopper.o
                0x000000000000167c                main
 .text.libgcc.mul
                0x0000000000001ac6        0x0 /usr/lib/gcc/avr/4.8.2/avr5/libgcc.a(_udivmodhi4.o)
 .text.libgcc.div
                0x0000000000001ac6       0x28 /usr/lib/gcc/avr/4.8.2/avr5/libgcc.a(_udivmodhi4.o)
                0x0000000000001ac6                __udivmodhi4
 .text.libgcc   0x0000000000001aee        0x0 /usr/lib/gcc/avr/4.8.2/avr5/libgcc.a(_udivmodhi4.o)
 .text.libgcc.prologue
                0x0000000000001aee        0x0 /usr/lib/gcc/avr/4.8.2/avr5/libgcc.a(_udivmodhi4.o)
 .text.libgcc.builtins
                0x0000000000001aee        0x0 /usr/lib/gcc/avr/4.8.2/avr5/libgcc.a(_udivmodhi4.o)
 .text.libgcc.fmul
                0x0000000000001aee        0x0 /usr/lib/gcc/avr/4.8.2/avr5/libgcc.a(_udivmodhi4.o)
 .text.libgcc.fixed
                0x0000000000001aee        0x0 /usr/lib/gcc/avr/4.8.2/avr5/libgcc.a(_udivmodhi4.o)
 .text.libgcc.mul
                0x0000000000001aee        0x0 /usr/lib/gcc/avr/4.8.2/avr5/libgcc.a(_udivmodsi4.o)
 .text.libgcc.div
                0x0000000000001aee       0x44 /usr/lib/gcc/avr/4.8.2/avr5/libgcc.a(_udivmodsi4.o)
                0x0000000000001aee                __udivmodsi4
 .text.libgcc   0x0000000000001b32        0x0 /usr/lib/gcc/avr/4.8.2/avr5/libgcc.a(_udivmodsi4.o)
 .text.libgcc.prologue
                0x0000000000001b32        0x0 /usr/lib/gcc/avr/4.8.2/avr5/libgcc.a(_udivmodsi4.o)
 .text.libgcc.builtins
                0x0000000000001b32        0x0 /usr/lib/gcc/avr/4.8.2/avr5/libgcc.a(_udivmodsi4.o)
 .text.libgcc.fmul
                0x0000000000001b32        0x0 /usr/lib/gcc/avr/4.8.2/avr5/libgcc.a(_udivmodsi4.o)
 .text.libgcc.fixed
                0x0000000000001b32        0x0 /usr/lib/gcc/avr/4.8.2/avr5/libgcc.a(_udivmodsi4.o)
 .text.libgcc.mul
                0x0000000000001b32        0x0 /usr/lib/gcc/avr/4.8.2/avr5/libgcc.a(_exit.o)
 .text.libgcc.div
                0x0000000000001b32        0x0 /usr/lib/gcc/avr/4.8.2/avr5/libgcc.a(_exit.o)
 .text.libgcc   0x0000000000001b32        0x0 /usr/lib/gcc/avr/4.8.2/avr5/libgcc.a(_exit.o)
 .text.libgcc.prologue
                0x0000000000001b32        0x0 /usr/lib/gcc/avr/4.8.2/avr5/libgcc.a(_exit.o)
 .text.libgcc.builtins
                0x0000000000001b32        0x0 /usr/lib/gcc/avr/4.8.2/avr5/libgcc.a(_exit.o)
 .text.libgcc.fmul
                0x0000000000001b32        0x0 /usr/lib/gcc/avr/4.8.2/avr5/libgcc.a(_exit.o)
 .text.libgcc.fixed
                0x0000000000001b32        0x0 /usr/lib/gcc/avr/4.8.2/avr5/libgcc.a(_exit.o)
 .text.libgcc.mul
                0x0000000000001b32        0x0 /usr/lib/gcc/avr/4.8.2/avr5/libgcc.a(_tablejump.o)
 .text.libgcc.div
                0x0000000000001b32        0x0 /usr/lib/gcc/avr/4.8.2/avr5/libgcc.a(_tablejump.o)
 .text.libgcc   0x0000000000001b32        0xc /usr/lib/gcc/avr/4.8.2/avr5/libgcc.a(_tablejump.o)
                0x0000000000001b32                __tablejump2__
                0x0000000000001b36                __tablejump__
 .text.libgcc.prologue
                0x0000000000001b3e        0x0 /usr/lib/gcc/avr/4.8.2/avr5/libgcc.a(_tablejump.o)
 .text.libgcc.builtins
                0x0000000000001b3e        0x0 /usr/lib/gcc/avr/4.8.2/avr5/libgcc.a(_tablejump.o)
 .text.libgcc.fmul
                0x0000000000001b3e        0x0 /usr/lib/gcc/avr/4.8.2/avr5/libgcc.a(_tablejump.o)
 .text.libgcc.fixed
                0x0000000000001b3e        0x0 /usr/lib/gcc/avr/4.8.2/avr5/libgcc.a(_tablejump.o)
 .text.libgcc.mul
                0x0000000000001b3e        0x0 /usr/lib/gcc/avr/4.8.2/avr5/libgcc.a(_copy_data.o)
 .text.libgcc.div
                0x0000000000001b3e        0x0 /usr/lib/gcc/avr/4.8.2/avr5/libgcc.a(_copy_data.o)
 .text.libgcc   0x0000000000001b3e        0x0 /usr/lib/gcc/avr/4.8.2/avr5/libgcc.a(_copy_data.o)
 .text.libgcc.prologue
                0x0000000000001b3e        0x0 /usr/lib/gcc/avr/4.8.2/avr5/libgcc.a(_copy_data.o)
 .text.libgcc.builtins
                0x0000000000001b3e        0x0 /usr/lib/gcc/avr/4.8.2/avr5/libgcc.a(_copy_data.o)
 .text.libgcc.fmul
                0x0000000000001b3e        0x0 /usr/lib/gcc/avr/4.8.2/avr5/libgcc.a(_copy_data.o)
 .text.libgcc.fixed
                0x0000000000001b3e        0x0 /usr/lib/gcc/avr/4.8.2/avr5/libgcc.a(_copy_data.o)
 .text.libgcc.mul
                0x0000000000001b3e        0x0 /usr/lib/gcc/avr/4.8.2/avr5/libgcc.a(_clear_bss.o)
 .text.libgcc.div
                0x0000000000001b3e        0x0 /usr/lib/gcc/avr/4.8.2/avr5/libgcc.a(_clear_bss.o)
 .text.libgcc   0x0000000000001b3e        0x0 /usr/lib/gcc/avr/4.8.2/avr5/libgcc.a(_clear_bss.o)
 .text.libgcc.prologue
                0x0000000000001b3e        0x0 /usr/lib/gcc/avr/4.8.2/avr5/libgcc.a(_clear_bss.o)
 .text.libgcc.builtins
                0x0000000000001b3e        0x0 /usr/lib/gcc/avr/4.8.2/avr5/libgcc.a(_clear_bss.o)
 .text.libgcc.fmul
                0x0000000000001b3e        0x0 /usr/lib/gcc/avr/4.8.2/avr5/libgcc.a(_clear_bss.o)
 .text.libgcc.fixed
                0x0000000000001b3e        0x0 /usr/lib/gcc/avr/4.8.2/avr5/libgcc.a(_clear_bss.o)
 .text.libgcc.mul
                0x0000000000001b3e        0x0 /usr/lib/gcc/avr/4.8.2/avr5/libgcc.a(_ashrdi3.o)
 .text.libgcc.div
                0x0000000000001b3e        0x0 /usr/lib/gcc/avr/4.8.2/avr5/libgcc.a(_ashrdi3.o)
 .text.libgcc   0x0000000000001b3e        0x0 /usr/lib/gcc/avr/4.8.2/avr5/libgcc.a(_ashrdi3.o)
 .text.libgcc.prologue
                0x0000000000001b3e        0x0 /usr/lib/gcc/avr/4.8.2/avr5/libgcc.a(_ashrdi3.o)
 .text.libgcc.builtins
                0x0000000000001b3e       0x3c /usr/lib/gcc/avr/4.8.2/avr5/libgcc.a(_ashrdi3.o)
                0x0000000000001b3e                __ashrdi3
                0x0000000000001b42                __lshrdi3
 .text.libgcc.fmul
                0x0000000000001b7a        0x0 /usr/lib/gcc/avr/4.8.2/avr5/libgcc.a(_ashrdi3.o)
 .text.libgcc.fixed
                0x0000000000001b7a        0x0 /usr/lib/gcc/avr/4.8.2/avr5/libgcc.a(_ashrdi3.o)
 .text.avr-libc
                0x0000000000001b7a       0x16 /usr/lib/gcc/avr/4.8.2/../../../avr/lib/avr5/libc.a(strcat.o)
                0x0000000000001b7a                strcat
 .text.avr-libc
                0x0000000000001b90        0xe /usr/lib/gcc/avr/4.8.2/../../../avr/lib/avr5/libc.a(strcpy.o)
                0x0000000000001b90                strcpy
                0x0000000000001b9e                . = ALIGN (0x2)
 *(.fini9)
 .fini9         0x0000000000001b9e        0x0 /usr/lib/gcc/avr/4.8.2/avr5/libgcc.a(_exit.o)
                0x0000000000001b9e                exit
                0x0000000000001b9e                _exit
 *(.fini9)
 *(.fini8)
 *(.fini8)
 *(.fini7)
 *(.fini7)
 *(.fini6)
 *(.fini6)
 *(.fini5)
 *(.fini5)
 *(.fini4)
 *(.fini4)
 *(.fini3)
 *(.fini3)
 *(.fini2)
 *(.fini2)
 *(.fini1)
 *(.fini1)
 *(.fini0)
 .fini0         0x0000000000001b9e        0x4 /usr/lib/gcc/avr/4.8.2/avr5/libgcc.a(_exit.o)
 *(.fini0)
                0x0000000000001ba2                _etext = .

.data           0x0000000000800100       0x34 load address 0x0000000000001ba2
                0x0000000000800100                PROVIDE (__data_start, .)
 *(.data)
 .data          0x0000000000800100        0x0 /usr/lib/gcc/avr/4.8.2/../../../avr/lib/avr5/crtm328p.o
 .data          0x0000000000800100        0x8 placaAdicionalChopper.o
                0x0000000000800100                minVoltage
                0x0000000000800101                criticalTemp
                0x0000000000800102                maxTemp
                0x0000000000800103                maxDV
                0x0000000000800104                maxDC
                0x0000000000800105                minDC
                0x0000000000800106                maxCurrent
                0x0000000000800107                channel
 .data          0x0000000000800108        0xe ATmega328.o
                0x0000000000800108                usartStream
 .data          0x0000000000800116        0x0 /usr/lib/gcc/avr/4.8.2/avr5/libgcc.a(_udivmodhi4.o)
 .data          0x0000000000800116        0x0 /usr/lib/gcc/avr/4.8.2/avr5/libgcc.a(_udivmodsi4.o)
 .data          0x0000000000800116        0x0 /usr/lib/gcc/avr/4.8.2/avr5/libgcc.a(_exit.o)
 .data          0x0000000000800116        0x0 /usr/lib/gcc/avr/4.8.2/avr5/libgcc.a(_tablejump.o)
 .data          0x0000000000800116        0x0 /usr/lib/gcc/avr/4.8.2/avr5/libgcc.a(_copy_data.o)
 .data          0x0000000000800116        0x0 /usr/lib/gcc/avr/4.8.2/avr5/libgcc.a(_clear_bss.o)
 .data          0x0000000000800116        0x0 /usr/lib/gcc/avr/4.8.2/avr5/libgcc.a(_ashrdi3.o)
 .data          0x0000000000800116        0x0 /usr/lib/gcc/avr/4.8.2/../../../avr/lib/avr5/libc.a(strcat.o)
 .data          0x0000000000800116        0x0 /usr/lib/gcc/avr/4.8.2/../../../avr/lib/avr5/libc.a(strcpy.o)
 .data          0x0000000000800116        0x0 /usr/lib/gcc/avr/4.8.2/../../../avr/lib/avr5/libc.a(iob.o)
 *(.data*)
 *(.rodata)
 *(.rodata*)
 .rodata.str1.1
                0x0000000000800116       0x1d placaAdicionalChopper.o
 *(.gnu.linkonce.d*)
                0x0000000000800134                . = ALIGN (0x2)
 *fill*         0x0000000000800133        0x1 
                0x0000000000800134                _edata = .
                0x0000000000800134                PROVIDE (__data_end, .)

.bss            0x0000000000800134       0x48
                0x0000000000800134                PROVIDE (__bss_start, .)
 *(.bss)
 .bss           0x0000000000800134        0x0 /usr/lib/gcc/avr/4.8.2/../../../avr/lib/avr5/crtm328p.o
 .bss           0x0000000000800134        0x5 placaAdicionalChopper.o
                0x0000000000800134                dcReq
                0x0000000000800135                freqReq
                0x0000000000800137                cont
 .bss           0x0000000000800139        0x0 ATmega328.o
 .bss           0x0000000000800139        0x0 /usr/lib/gcc/avr/4.8.2/avr5/libgcc.a(_udivmodhi4.o)
 .bss           0x0000000000800139        0x0 /usr/lib/gcc/avr/4.8.2/avr5/libgcc.a(_udivmodsi4.o)
 .bss           0x0000000000800139        0x0 /usr/lib/gcc/avr/4.8.2/avr5/libgcc.a(_exit.o)
 .bss           0x0000000000800139        0x0 /usr/lib/gcc/avr/4.8.2/avr5/libgcc.a(_tablejump.o)
 .bss           0x0000000000800139        0x0 /usr/lib/gcc/avr/4.8.2/avr5/libgcc.a(_copy_data.o)
 .bss           0x0000000000800139        0x0 /usr/lib/gcc/avr/4.8.2/avr5/libgcc.a(_clear_bss.o)
 .bss           0x0000000000800139        0x0 /usr/lib/gcc/avr/4.8.2/avr5/libgcc.a(_ashrdi3.o)
 .bss           0x0000000000800139        0x0 /usr/lib/gcc/avr/4.8.2/../../../avr/lib/avr5/libc.a(strcat.o)
 .bss           0x0000000000800139        0x0 /usr/lib/gcc/avr/4.8.2/../../../avr/lib/avr5/libc.a(strcpy.o)
 .bss           0x0000000000800139        0x0 /usr/lib/gcc/avr/4.8.2/../../../avr/lib/avr5/libc.a(iob.o)
 *(.bss*)
 *(COMMON)
 COMMON         0x0000000000800139        0x8 placaAdicionalChopper.o
                0x0000000000800139                flags
                0x000000000080013a                status
 COMMON         0x0000000000800141       0x35 ATmega328.o
                0x0000000000800141                usartReceiverBuffer
                0x0000000000800173                usartReceiverBufferNextWrite
                0x0000000000800174                usartReceiverBufferLength
                0x0000000000800175                usartReceiverBufferNextRead
 COMMON         0x0000000000800176        0x6 /usr/lib/gcc/avr/4.8.2/../../../avr/lib/avr5/libc.a(iob.o)
                0x0000000000800176                __iob
                0x000000000080017c                PROVIDE (__bss_end, .)
                0x0000000000001ba2                __data_load_start = LOADADDR (.data)
                0x0000000000001bd6                __data_load_end = (__data_load_start + SIZEOF (.data))

.noinit         0x000000000080017c        0x0
                0x000000000080017c                PROVIDE (__noinit_start, .)
 *(.noinit*)
                0x000000000080017c                PROVIDE (__noinit_end, .)
                0x000000000080017c                _end = .
                0x000000000080017c                PROVIDE (__heap_start, .)

.eeprom         0x0000000000810000        0x0
 *(.eeprom*)
                0x0000000000810000                __eeprom_end = .

.fuse
 *(.fuse)
 *(.lfuse)
 *(.hfuse)
 *(.efuse)

.lock
 *(.lock*)

.signature
 *(.signature*)

.user_signatures
 *(.user_signatures*)

.stab           0x0000000000000000      0xc54
 *(.stab)
 .stab          0x0000000000000000      0x6cc /usr/lib/gcc/avr/4.8.2/../../../avr/lib/avr5/crtm328p.o
 .stab          0x00000000000006cc       0x9c /usr/lib/gcc/avr/4.8.2/../../../avr/lib/avr5/libc.a(strcat.o)
                                         0xa8 (size before relaxing)
 .stab          0x0000000000000768       0x6c /usr/lib/gcc/avr/4.8.2/../../../avr/lib/avr5/libc.a(strcpy.o)
                                         0x78 (size before relaxing)
 .stab          0x00000000000007d4      0x480 /usr/lib/gcc/avr/4.8.2/../../../avr/lib/avr5/libc.a(iob.o)
                                        0x48c (size before relaxing)

.stabstr        0x0000000000000000      0xd41
 *(.stabstr)
 .stabstr       0x0000000000000000      0xd41 /usr/lib/gcc/avr/4.8.2/../../../avr/lib/avr5/crtm328p.o

.stab.excl
 *(.stab.excl)

.stab.exclstr
 *(.stab.exclstr)

.stab.index
 *(.stab.index)

.stab.indexstr
 *(.stab.indexstr)

.comment        0x0000000000000000       0x22
 *(.comment)
 .comment       0x0000000000000000       0x11 placaAdicionalChopper.o
                                         0x12 (size before relaxing)
 .comment       0x0000000000000011       0x11 ATmega328.o
                                         0x12 (size before relaxing)
 .comment       0x0000000000000000       0x12 /usr/lib/gcc/avr/4.8.2/../../../avr/lib/avr5/libc.a(iob.o)

.debug
 *(.debug)

.line
 *(.line)

.debug_srcinfo
 *(.debug_srcinfo)

.debug_sfnames
 *(.debug_sfnames)

.debug_aranges  0x0000000000000000       0x48
 *(.debug_aranges)
 .debug_aranges
                0x0000000000000000       0x28 placaAdicionalChopper.o
 .debug_aranges
                0x0000000000000028       0x20 ATmega328.o

.debug_pubnames
 *(.debug_pubnames)

.debug_info     0x0000000000000000     0x33d5
 *(.debug_info)
 .debug_info    0x0000000000000000      0xfb6 placaAdicionalChopper.o
 .debug_info    0x0000000000000fb6     0x241f ATmega328.o
 *(.gnu.linkonce.wi.*)

.debug_abbrev   0x0000000000000000      0x6bb
 *(.debug_abbrev)
 .debug_abbrev  0x0000000000000000      0x344 placaAdicionalChopper.o
 .debug_abbrev  0x0000000000000344      0x377 ATmega328.o

.debug_line     0x0000000000000000      0x83c
 *(.debug_line)
 .debug_line    0x0000000000000000      0x232 placaAdicionalChopper.o
 .debug_line    0x0000000000000232      0x60a ATmega328.o

.debug_frame    0x0000000000000000      0xde8
 *(.debug_frame)
 .debug_frame   0x0000000000000000      0x230 placaAdicionalChopper.o
 .debug_frame   0x0000000000000230      0xbb8 ATmega328.o

.debug_str      0x0000000000000000     0x2634
 *(.debug_str)
 .debug_str     0x0000000000000000     0x1066 placaAdicionalChopper.o
                                       0x10bd (size before relaxing)
 .debug_str     0x0000000000001066     0x15ce ATmega328.o
                                       0x2440 (size before relaxing)

.debug_loc      0x0000000000000000     0x1ae5
 *(.debug_loc)
 .debug_loc     0x0000000000000000      0x811 placaAdicionalChopper.o
 .debug_loc     0x0000000000000811     0x12d4 ATmega328.o

.debug_macinfo
 *(.debug_macinfo)

.debug_pubtypes
 *(.debug_pubtypes)

.debug_ranges   0x0000000000000000       0x30
 *(.debug_ranges)
 .debug_ranges  0x0000000000000000       0x30 placaAdicionalChopper.o

.debug_macro
 *(.debug_macro)
OUTPUT(placaAdicionalChopper.elf elf32-avr)
LOAD linker stubs
