Archive member included because of file (symbol)

/usr/lib/gcc/avr/4.8.2/avr5/libgcc.a(_udivmodhi4.o)
                              placaAdicionalChopper.o (__udivmodhi4)
/usr/lib/gcc/avr/4.8.2/avr5/libgcc.a(_udivmodsi4.o)
                              placaAdicionalChopper.o (__udivmodsi4)
/usr/lib/gcc/avr/4.8.2/avr5/libgcc.a(_exit.o)
                              /usr/lib/gcc/avr/4.8.2/../../../avr/lib/avr5/crtm328p.o (exit)
/usr/lib/gcc/avr/4.8.2/avr5/libgcc.a(_tablejump.o)
                              placaAdicionalChopper.o (__tablejump2__)
/usr/lib/gcc/avr/4.8.2/avr5/libgcc.a(_copy_data.o)
                              placaAdicionalChopper.o (__do_copy_data)
/usr/lib/gcc/avr/4.8.2/avr5/libgcc.a(_clear_bss.o)
                              placaAdicionalChopper.o (__do_clear_bss)
/usr/lib/gcc/avr/4.8.2/avr5/libgcc.a(_ashrdi3.o)
                              ATmega328.o (__lshrdi3)
/usr/lib/gcc/avr/4.8.2/../../../avr/lib/avr5/libc.a(strcat.o)
                              placaAdicionalChopper.o (strcat)
/usr/lib/gcc/avr/4.8.2/../../../avr/lib/avr5/libc.a(strcpy.o)
                              placaAdicionalChopper.o (strcpy)
/usr/lib/gcc/avr/4.8.2/../../../avr/lib/avr5/libc.a(iob.o)
                              ATmega328.o (__iob)

Allocating common symbols
Common symbol       size              file

usartReceiverBuffer
                    0x32              ATmega328.o
flags               0x1               placaAdicionalChopper.o
usartReceiverBufferNextWrite
                    0x1               ATmega328.o
usartReceiverBufferLength
                    0x1               ATmega328.o
usartReceiverBufferNextRead
                    0x1               ATmega328.o
__iob               0x6               /usr/lib/gcc/avr/4.8.2/../../../avr/lib/avr5/libc.a(iob.o)
status              0x9               placaAdicionalChopper.o

Memory Configuration

Name             Origin             Length             Attributes
text             0x0000000000000000 0x0000000000020000 xr
data             0x0000000000800060 0x000000000000ffa0 rw !x
eeprom           0x0000000000810000 0x0000000000010000 rw !x
fuse             0x0000000000820000 0x0000000000000400 rw !x
lock             0x0000000000830000 0x0000000000000400 rw !x
signature        0x0000000000840000 0x0000000000000400 rw !x
user_signatures  0x0000000000850000 0x0000000000000400 rw !x
*default*        0x0000000000000000 0xffffffffffffffff

Linker script and memory map

Address of section .data set to 0x800100
LOAD /usr/lib/gcc/avr/4.8.2/../../../avr/lib/avr5/crtm328p.o
LOAD placaAdicionalChopper.o
LOAD ATmega328.o
START GROUP
LOAD /usr/lib/gcc/avr/4.8.2/avr5/libgcc.a
LOAD /usr/lib/gcc/avr/4.8.2/../../../avr/lib/avr5/libm.a
LOAD /usr/lib/gcc/avr/4.8.2/../../../avr/lib/avr5/libc.a
END GROUP

.hash
 *(.hash)

.dynsym
 *(.dynsym)

.dynstr
 *(.dynstr)

.gnu.version
 *(.gnu.version)

.gnu.version_d
 *(.gnu.version_d)

.gnu.version_r
 *(.gnu.version_r)

.rel.init
 *(.rel.init)

.rela.init
 *(.rela.init)

.rel.text
 *(.rel.text)
 *(.rel.text.*)
 *(.rel.gnu.linkonce.t*)

.rela.text
 *(.rela.text)
 *(.rela.text.*)
 *(.rela.gnu.linkonce.t*)

.rel.fini
 *(.rel.fini)

.rela.fini
 *(.rela.fini)

.rel.rodata
 *(.rel.rodata)
 *(.rel.rodata.*)
 *(.rel.gnu.linkonce.r*)

.rela.rodata
 *(.rela.rodata)
 *(.rela.rodata.*)
 *(.rela.gnu.linkonce.r*)

.rel.data
 *(.rel.data)
 *(.rel.data.*)
 *(.rel.gnu.linkonce.d*)

.rela.data
 *(.rela.data)
 *(.rela.data.*)
 *(.rela.gnu.linkonce.d*)

.rel.ctors
 *(.rel.ctors)

.rela.ctors
 *(.rela.ctors)

.rel.dtors
 *(.rel.dtors)

.rela.dtors
 *(.rela.dtors)

.rel.got
 *(.rel.got)

.rela.got
 *(.rela.got)

.rel.bss
 *(.rel.bss)

.rela.bss
 *(.rela.bss)

.rel.plt
 *(.rel.plt)

.rela.plt
 *(.rela.plt)

.text           0x0000000000000000     0x1b0e
 *(.vectors)
 .vectors       0x0000000000000000       0x68 /usr/lib/gcc/avr/4.8.2/../../../avr/lib/avr5/crtm328p.o
                0x0000000000000000                __vectors
                0x0000000000000000                __vector_default
 *(.vectors)
 *(.progmem.gcc*)
 .progmem.gcc_sw_table
                0x0000000000000068       0x30 placaAdicionalChopper.o
 .progmem.gcc_sw_table
                0x0000000000000098       0x30 ATmega328.o
 *(.progmem*)
                0x00000000000000c8                . = ALIGN (0x2)
                0x00000000000000c8                __trampolines_start = .
 *(.trampolines)
 .trampolines   0x00000000000000c8        0x0 linker stubs
 *(.trampolines*)
                0x00000000000000c8                __trampolines_end = .
 *(.jumptables)
 *(.jumptables*)
 *(.lowtext)
 *(.lowtext*)
                0x00000000000000c8                __ctors_start = .
 *(.ctors)
                0x00000000000000c8                __ctors_end = .
                0x00000000000000c8                __dtors_start = .
 *(.dtors)
                0x00000000000000c8                __dtors_end = .
 SORT(*)(.ctors)
 SORT(*)(.dtors)
 *(.init0)
 .init0         0x00000000000000c8        0x0 /usr/lib/gcc/avr/4.8.2/../../../avr/lib/avr5/crtm328p.o
                0x00000000000000c8                __init
 *(.init0)
 *(.init1)
 *(.init1)
 *(.init2)
 .init2         0x00000000000000c8        0xc /usr/lib/gcc/avr/4.8.2/../../../avr/lib/avr5/crtm328p.o
 *(.init2)
 *(.init3)
 *(.init3)
 *(.init4)
 .init4         0x00000000000000d4       0x16 /usr/lib/gcc/avr/4.8.2/avr5/libgcc.a(_copy_data.o)
                0x00000000000000d4                __do_copy_data
 .init4         0x00000000000000ea       0x10 /usr/lib/gcc/avr/4.8.2/avr5/libgcc.a(_clear_bss.o)
                0x00000000000000ea                __do_clear_bss
 *(.init4)
 *(.init5)
 *(.init5)
 *(.init6)
 *(.init6)
 *(.init7)
 *(.init7)
 *(.init8)
 *(.init8)
 *(.init9)
 .init9         0x00000000000000fa        0x8 /usr/lib/gcc/avr/4.8.2/../../../avr/lib/avr5/crtm328p.o
 *(.init9)
 *(.text)
 .text          0x0000000000000102        0x4 /usr/lib/gcc/avr/4.8.2/../../../avr/lib/avr5/crtm328p.o
                0x0000000000000102                __vector_22
                0x0000000000000102                __vector_1
                0x0000000000000102                __vector_24
                0x0000000000000102                __bad_interrupt
                0x0000000000000102                __vector_6
                0x0000000000000102                __vector_3
                0x0000000000000102                __vector_23
                0x0000000000000102                __vector_25
                0x0000000000000102                __vector_13
                0x0000000000000102                __vector_17
                0x0000000000000102                __vector_19
                0x0000000000000102                __vector_7
                0x0000000000000102                __vector_5
                0x0000000000000102                __vector_4
                0x0000000000000102                __vector_9
                0x0000000000000102                __vector_2
                0x0000000000000102                __vector_15
                0x0000000000000102                __vector_8
                0x0000000000000102                __vector_14
                0x0000000000000102                __vector_10
                0x0000000000000102                __vector_20
 .text          0x0000000000000106      0x466 placaAdicionalChopper.o
                0x0000000000000106                seta_dc
                0x0000000000000150                esvaziaBuffer
                0x0000000000000160                stringTransmit
                0x0000000000000190                uint16ToString4
                0x00000000000001f8                uint8ToString4
                0x000000000000024e                string4ToUint16
                0x00000000000002a4                string4Touint8
                0x00000000000002c8                __vector_21
                0x00000000000003c8                __vector_11
                0x00000000000003f0                __vector_12
                0x0000000000000412                __vector_16
                0x0000000000000520                __vector_18
 .text          0x000000000000056c     0x10e4 ATmega328.o
                0x000000000000056c                usartReceiveStd
                0x000000000000057c                globalInterruptEnable
                0x0000000000000580                globalInterruptDisable
                0x0000000000000584                systemClockSetPrescaler
                0x00000000000005d0                eepromSetOperationMode
                0x00000000000005e2                eepromReadyActivateInterrupt
                0x00000000000005e6                eepromReadyDeactivateInterrupt
                0x00000000000005ea                eepromWrite
                0x0000000000000604                eepromRead
                0x0000000000000614                globalPullUpEnable
                0x000000000000061c                pullUpDisable
                0x0000000000000624                int0Config
                0x0000000000000682                int0ActivateInterrupt
                0x0000000000000686                int0DeactivateInterrupt
                0x000000000000068a                int0ClearInterruptRequest
                0x000000000000068e                int1Config
                0x00000000000006ec                int1ActivateInterrupt
                0x00000000000006f0                int1DeactivateInterrupt
                0x00000000000006f4                int1ClearInterruptRequest
                0x00000000000006f8                pcint7_0Enable
                0x0000000000000704                pcint7_0Disable
                0x0000000000000710                pcint7_0ClearInterruptRequest
                0x0000000000000714                pcint0ActivateInterrupt
                0x0000000000000750                pcint0DeactivateInterrupt
                0x000000000000075c                pcint1ActivateInterrupt
                0x0000000000000798                pcint1DeactivateInterrupt
                0x00000000000007a4                pcint2ActivateInterrupt
                0x00000000000007e0                pcint2DeactivateInterrupt
                0x00000000000007ec                pcint3ActivateInterrupt
                0x0000000000000828                pcint3DeactivateInterrupt
                0x0000000000000834                pcint4ActivateInterrupt
                0x0000000000000870                pcint4DeactivateInterrupt
                0x000000000000087c                pcint5ActivateInterrupt
                0x00000000000008b8                pcint5DeactivateInterrupt
                0x00000000000008c4                pcint6ActivateInterrupt
                0x0000000000000900                pcint6DeactivateInterrupt
                0x000000000000090c                pcint7ActivateInterrupt
                0x0000000000000948                pcint7DeactivateInterrupt
                0x0000000000000954                pcint14_8Enable
                0x0000000000000960                pcint14_8Disable
                0x000000000000096c                pcint14_8ClearInterruptRequest
                0x0000000000000970                pcint8ActivateInterrupt
                0x00000000000009ac                pcint8DeactivateInterrupt
                0x00000000000009b8                pcint9ActivateInterrupt
                0x00000000000009f4                pcint9DeactivateInterrupt
                0x0000000000000a00                pcint10ActivateInterrupt
                0x0000000000000a3c                pcint10DeactivateInterrupt
                0x0000000000000a48                pcint11ActivateInterrupt
                0x0000000000000a84                pcint11DeactivateInterrupt
                0x0000000000000a90                pcint12ActivateInterrupt
                0x0000000000000acc                pcint12DeactivateInterrupt
                0x0000000000000ad8                pcint13ActivateInterrupt
                0x0000000000000b14                pcint13DeactivateInterrupt
                0x0000000000000b20                pcint14ActivateInterrupt
                0x0000000000000b5c                pcint14DeactivateInterrupt
                0x0000000000000b68                pcint23_16Enable
                0x0000000000000b74                pcint23_16Disable
                0x0000000000000b80                pcint23_16ClearInterruptRequest
                0x0000000000000b84                pcint16ActivateInterrupt
                0x0000000000000bc0                pcint16DeactivateInterrupt
                0x0000000000000bcc                pcint17ActivateInterrupt
                0x0000000000000c08                pcint17DeactivateInterrupt
                0x0000000000000c14                pcint18ActivateInterrupt
                0x0000000000000c50                pcint18DeactivateInterrupt
                0x0000000000000c5c                pcint19ActivateInterrupt
                0x0000000000000c98                pcint19DeactivateInterrupt
                0x0000000000000ca4                pcint20ActivateInterrupt
                0x0000000000000ce0                pcint20DeactivateInterrupt
                0x0000000000000cec                pcint21ActivateInterrupt
                0x0000000000000d28                pcint21DeactivateInterrupt
                0x0000000000000d34                pcint22ActivateInterrupt
                0x0000000000000d70                pcint22DeactivateInterrupt
                0x0000000000000d7c                pcint23ActivateInterrupt
                0x0000000000000db8                pcint23DeactivateInterrupt
                0x0000000000000dc4                timer0Config
                0x0000000000000e40                timer0OutputConfig
                0x0000000000000e92                timer0ActivateOverflowInterrupt
                0x0000000000000e9e                timer0DeactivateOverflowInterrupt
                0x0000000000000eaa                timer0ClearOverflowInterruptRequest
                0x0000000000000eae                timer0ActivateCompareAInterrupt
                0x0000000000000eba                timer0DeactivateCompareAInterrupt
                0x0000000000000ec6                timer0ClearCompareAInterruptRequest
                0x0000000000000eca                timer0ActivateCompareBInterrupt
                0x0000000000000ed6                timer0DeactivateCompareBInterrupt
                0x0000000000000ee2                timer0ClearCompareBInterruptRequest
                0x0000000000000ee6                timer0ForceCompareA
                0x0000000000000eee                timer0ForceCompareB
                0x0000000000000ef6                timer0SetCounterValue
                0x0000000000000efa                timer0GetCounterValue
                0x0000000000000efe                timer0SetCompareAValue
                0x0000000000000f02                timer0GetCompareAValue
                0x0000000000000f06                timer0SetCompareBValue
                0x0000000000000f0a                timer0GetCompareBValue
                0x0000000000000f0e                timer1Config
                0x0000000000000f48                timer1OutputConfig
                0x0000000000000f74                timer1InputCaptureNoiseCancelerConfig
                0x0000000000000f84                timer1ActivateOverflowInterrupt
                0x0000000000000f92                timer1DeactivateOverflowInterrupt
                0x0000000000000fa0                timer1ClearOverflowInterruptRequest
                0x0000000000000fa6                timer1ActivateCompareAInterrupt
                0x0000000000000fb4                timer1DeactivateCompareAInterrupt
                0x0000000000000fc2                timer1ClearCompareAInterruptRequest
                0x0000000000000fc8                timer1ActivateCompareBInterrupt
                0x0000000000000fd6                timer1DeactivateCompareBInterrupt
                0x0000000000000fe4                timer1ClearCompareBInterruptRequest
                0x0000000000000fea                timer1ActivateInputCaptureInterrupt
                0x0000000000000ff8                timer1DeactivateInputCaptureInterrupt
                0x0000000000001006                timer1ClearInputCaptureInterruptRequest
                0x000000000000100c                timer1ForceCompareA
                0x000000000000101a                timer1ForceCompareB
                0x0000000000001028                timer1SetCounterValue
                0x000000000000103a                timer1GetCounterValue
                0x0000000000001044                timer1SetCompareAValue
                0x0000000000001056                timer1GetCompareAValue
                0x0000000000001060                timer1SetCompareBValue
                0x0000000000001072                timer1GetCompareBValue
                0x000000000000107c                timer1SetInputCaptureValue
                0x000000000000108e                timer1GetInputCaptureValue
                0x0000000000001098                timer2Config
                0x00000000000010c8                timer2OutputConfig
                0x00000000000010f4                timer2ActivateOverflowInterrupt
                0x0000000000001102                timer2DeactivateOverflowInterrupt
                0x0000000000001110                timer2ClearOverflowInterruptRequest
                0x0000000000001116                timer2ActivateCompareAInterrupt
                0x0000000000001124                timer2DeactivateCompareAInterrupt
                0x0000000000001132                timer2ClearCompareAInterruptRequest
                0x0000000000001138                timer2ActivateCompareBInterrupt
                0x0000000000001146                timer2DeactivateCompareBInterrupt
                0x0000000000001154                timer2ClearCompareBInterruptRequest
                0x000000000000115a                timer2ForceCompareA
                0x0000000000001168                timer2ForceCompareB
                0x0000000000001176                timer2SetCounterValue
                0x000000000000117e                timer2GetCounterValue
                0x0000000000001184                timer2SetCompareAValue
                0x000000000000118c                timer2GetCompareAValue
                0x0000000000001192                timer2SetCompareBValue
                0x000000000000119a                timer2GetCompareBValue
                0x00000000000011a0                adcConfig
                0x0000000000001222                adcSelectChannel
                0x0000000000001232                adcEnableDigitalInput
                0x0000000000001242                adcDisableDigitalInput
                0x0000000000001250                adcDataPresentation
                0x000000000000126a                adcEnable
                0x0000000000001278                adcDisable
                0x0000000000001286                adcClearInterruptRequest
                0x0000000000001294                adcActivateInterrupt
                0x00000000000012a2                adcDeactivateInterrupt
                0x00000000000012b0                adcStartConversion
                0x00000000000012be                adcIsBusy
                0x00000000000012ca                adcWaitUntilConversionFinish
                0x00000000000012d6                usartConfig
                0x00000000000013e0                usartEnableReceiver
                0x00000000000013ee                usartDisableReceiver
                0x00000000000013fc                usartEnableTransmitter
                0x000000000000140a                usartDisableTransmitter
                0x0000000000001418                usartActivateReceptionCompleteInterrupt
                0x0000000000001426                usartDeactivateReceptionCompleteInterrupt
                0x0000000000001434                usartActivateTransmissionCompleteInterrupt
                0x0000000000001442                usartDeactivateTransmissionCompleteInterrupt
                0x0000000000001450                usartActivateBufferEmptyInterrupt
                0x000000000000145e                usartDeactivateBufferEmptyInterrupt
                0x000000000000146c                usartStdio
                0x000000000000148c                usartIsReceptionComplete
                0x0000000000001498                usartIsTransmissionComplete
                0x00000000000014a4                usartIsBufferEmpty
                0x00000000000014b0                usartTransmitStd
                0x00000000000014c6                usartCheckError
                0x00000000000014f0                usartTransmit
                0x0000000000001506                usartTransmit9bits
                0x0000000000001538                usartReceive
                0x000000000000154a                usartReceive9bits
                0x0000000000001570                usartClearReceptionBuffer
                0x0000000000001580                usartAddDataToReceiverBuffer
                0x00000000000015e0                usartGetDataFromReceiverBuffer
                0x0000000000001624                usartIsReceiverBufferEmpty
                0x0000000000001630                usartGetCurrentBaudRate
                0x0000000000001638                spiInit
                0x000000000000163a                spiMasterTransmit
                0x0000000000001646                spiSlaveTransmit
 .text          0x0000000000001650        0x0 /usr/lib/gcc/avr/4.8.2/avr5/libgcc.a(_udivmodhi4.o)
 .text          0x0000000000001650        0x0 /usr/lib/gcc/avr/4.8.2/avr5/libgcc.a(_udivmodsi4.o)
 .text          0x0000000000001650        0x0 /usr/lib/gcc/avr/4.8.2/avr5/libgcc.a(_exit.o)
 .text          0x0000000000001650        0x0 /usr/lib/gcc/avr/4.8.2/avr5/libgcc.a(_tablejump.o)
 .text          0x0000000000001650        0x0 /usr/lib/gcc/avr/4.8.2/avr5/libgcc.a(_copy_data.o)
 .text          0x0000000000001650        0x0 /usr/lib/gcc/avr/4.8.2/avr5/libgcc.a(_clear_bss.o)
 .text          0x0000000000001650        0x0 /usr/lib/gcc/avr/4.8.2/avr5/libgcc.a(_ashrdi3.o)
 .text          0x0000000000001650        0x0 /usr/lib/gcc/avr/4.8.2/../../../avr/lib/avr5/libc.a(strcat.o)
 .text          0x0000000000001650        0x0 /usr/lib/gcc/avr/4.8.2/../../../avr/lib/avr5/libc.a(strcpy.o)
 .text          0x0000000000001650        0x0 /usr/lib/gcc/avr/4.8.2/../../../avr/lib/avr5/libc.a(iob.o)
                0x0000000000001650                . = ALIGN (0x2)
 *(.text.*)
 .text.startup  0x0000000000001650      0x3e2 placaAdicionalChopper.o
                0x0000000000001650                main
 .text.libgcc.mul
                0x0000000000001a32        0x0 /usr/lib/gcc/avr/4.8.2/avr5/libgcc.a(_udivmodhi4.o)
 .text.libgcc.div
                0x0000000000001a32       0x28 /usr/lib/gcc/avr/4.8.2/avr5/libgcc.a(_udivmodhi4.o)
                0x0000000000001a32                __udivmodhi4
 .text.libgcc   0x0000000000001a5a        0x0 /usr/lib/gcc/avr/4.8.2/avr5/libgcc.a(_udivmodhi4.o)
 .text.libgcc.prologue
                0x0000000000001a5a        0x0 /usr/lib/gcc/avr/4.8.2/avr5/libgcc.a(_udivmodhi4.o)
 .text.libgcc.builtins
                0x0000000000001a5a        0x0 /usr/lib/gcc/avr/4.8.2/avr5/libgcc.a(_udivmodhi4.o)
 .text.libgcc.fmul
                0x0000000000001a5a        0x0 /usr/lib/gcc/avr/4.8.2/avr5/libgcc.a(_udivmodhi4.o)
 .text.libgcc.fixed
                0x0000000000001a5a        0x0 /usr/lib/gcc/avr/4.8.2/avr5/libgcc.a(_udivmodhi4.o)
 .text.libgcc.mul
                0x0000000000001a5a        0x0 /usr/lib/gcc/avr/4.8.2/avr5/libgcc.a(_udivmodsi4.o)
 .text.libgcc.div
                0x0000000000001a5a       0x44 /usr/lib/gcc/avr/4.8.2/avr5/libgcc.a(_udivmodsi4.o)
                0x0000000000001a5a                __udivmodsi4
 .text.libgcc   0x0000000000001a9e        0x0 /usr/lib/gcc/avr/4.8.2/avr5/libgcc.a(_udivmodsi4.o)
 .text.libgcc.prologue
                0x0000000000001a9e        0x0 /usr/lib/gcc/avr/4.8.2/avr5/libgcc.a(_udivmodsi4.o)
 .text.libgcc.builtins
                0x0000000000001a9e        0x0 /usr/lib/gcc/avr/4.8.2/avr5/libgcc.a(_udivmodsi4.o)
 .text.libgcc.fmul
                0x0000000000001a9e        0x0 /usr/lib/gcc/avr/4.8.2/avr5/libgcc.a(_udivmodsi4.o)
 .text.libgcc.fixed
                0x0000000000001a9e        0x0 /usr/lib/gcc/avr/4.8.2/avr5/libgcc.a(_udivmodsi4.o)
 .text.libgcc.mul
                0x0000000000001a9e        0x0 /usr/lib/gcc/avr/4.8.2/avr5/libgcc.a(_exit.o)
 .text.libgcc.div
                0x0000000000001a9e        0x0 /usr/lib/gcc/avr/4.8.2/avr5/libgcc.a(_exit.o)
 .text.libgcc   0x0000000000001a9e        0x0 /usr/lib/gcc/avr/4.8.2/avr5/libgcc.a(_exit.o)
 .text.libgcc.prologue
                0x0000000000001a9e        0x0 /usr/lib/gcc/avr/4.8.2/avr5/libgcc.a(_exit.o)
 .text.libgcc.builtins
                0x0000000000001a9e        0x0 /usr/lib/gcc/avr/4.8.2/avr5/libgcc.a(_exit.o)
 .text.libgcc.fmul
                0x0000000000001a9e        0x0 /usr/lib/gcc/avr/4.8.2/avr5/libgcc.a(_exit.o)
 .text.libgcc.fixed
                0x0000000000001a9e        0x0 /usr/lib/gcc/avr/4.8.2/avr5/libgcc.a(_exit.o)
 .text.libgcc.mul
                0x0000000000001a9e        0x0 /usr/lib/gcc/avr/4.8.2/avr5/libgcc.a(_tablejump.o)
 .text.libgcc.div
                0x0000000000001a9e        0x0 /usr/lib/gcc/avr/4.8.2/avr5/libgcc.a(_tablejump.o)
 .text.libgcc   0x0000000000001a9e        0xc /usr/lib/gcc/avr/4.8.2/avr5/libgcc.a(_tablejump.o)
                0x0000000000001a9e                __tablejump2__
                0x0000000000001aa2                __tablejump__
 .text.libgcc.prologue
                0x0000000000001aaa        0x0 /usr/lib/gcc/avr/4.8.2/avr5/libgcc.a(_tablejump.o)
 .text.libgcc.builtins
                0x0000000000001aaa        0x0 /usr/lib/gcc/avr/4.8.2/avr5/libgcc.a(_tablejump.o)
 .text.libgcc.fmul
                0x0000000000001aaa        0x0 /usr/lib/gcc/avr/4.8.2/avr5/libgcc.a(_tablejump.o)
 .text.libgcc.fixed
                0x0000000000001aaa        0x0 /usr/lib/gcc/avr/4.8.2/avr5/libgcc.a(_tablejump.o)
 .text.libgcc.mul
                0x0000000000001aaa        0x0 /usr/lib/gcc/avr/4.8.2/avr5/libgcc.a(_copy_data.o)
 .text.libgcc.div
                0x0000000000001aaa        0x0 /usr/lib/gcc/avr/4.8.2/avr5/libgcc.a(_copy_data.o)
 .text.libgcc   0x0000000000001aaa        0x0 /usr/lib/gcc/avr/4.8.2/avr5/libgcc.a(_copy_data.o)
 .text.libgcc.prologue
                0x0000000000001aaa        0x0 /usr/lib/gcc/avr/4.8.2/avr5/libgcc.a(_copy_data.o)
 .text.libgcc.builtins
                0x0000000000001aaa        0x0 /usr/lib/gcc/avr/4.8.2/avr5/libgcc.a(_copy_data.o)
 .text.libgcc.fmul
                0x0000000000001aaa        0x0 /usr/lib/gcc/avr/4.8.2/avr5/libgcc.a(_copy_data.o)
 .text.libgcc.fixed
                0x0000000000001aaa        0x0 /usr/lib/gcc/avr/4.8.2/avr5/libgcc.a(_copy_data.o)
 .text.libgcc.mul
                0x0000000000001aaa        0x0 /usr/lib/gcc/avr/4.8.2/avr5/libgcc.a(_clear_bss.o)
 .text.libgcc.div
                0x0000000000001aaa        0x0 /usr/lib/gcc/avr/4.8.2/avr5/libgcc.a(_clear_bss.o)
 .text.libgcc   0x0000000000001aaa        0x0 /usr/lib/gcc/avr/4.8.2/avr5/libgcc.a(_clear_bss.o)
 .text.libgcc.prologue
                0x0000000000001aaa        0x0 /usr/lib/gcc/avr/4.8.2/avr5/libgcc.a(_clear_bss.o)
 .text.libgcc.builtins
                0x0000000000001aaa        0x0 /usr/lib/gcc/avr/4.8.2/avr5/libgcc.a(_clear_bss.o)
 .text.libgcc.fmul
                0x0000000000001aaa        0x0 /usr/lib/gcc/avr/4.8.2/avr5/libgcc.a(_clear_bss.o)
 .text.libgcc.fixed
                0x0000000000001aaa        0x0 /usr/lib/gcc/avr/4.8.2/avr5/libgcc.a(_clear_bss.o)
 .text.libgcc.mul
                0x0000000000001aaa        0x0 /usr/lib/gcc/avr/4.8.2/avr5/libgcc.a(_ashrdi3.o)
 .text.libgcc.div
                0x0000000000001aaa        0x0 /usr/lib/gcc/avr/4.8.2/avr5/libgcc.a(_ashrdi3.o)
 .text.libgcc   0x0000000000001aaa        0x0 /usr/lib/gcc/avr/4.8.2/avr5/libgcc.a(_ashrdi3.o)
 .text.libgcc.prologue
                0x0000000000001aaa        0x0 /usr/lib/gcc/avr/4.8.2/avr5/libgcc.a(_ashrdi3.o)
 .text.libgcc.builtins
                0x0000000000001aaa       0x3c /usr/lib/gcc/avr/4.8.2/avr5/libgcc.a(_ashrdi3.o)
                0x0000000000001aaa                __ashrdi3
                0x0000000000001aae                __lshrdi3
 .text.libgcc.fmul
                0x0000000000001ae6        0x0 /usr/lib/gcc/avr/4.8.2/avr5/libgcc.a(_ashrdi3.o)
 .text.libgcc.fixed
                0x0000000000001ae6        0x0 /usr/lib/gcc/avr/4.8.2/avr5/libgcc.a(_ashrdi3.o)
 .text.avr-libc
                0x0000000000001ae6       0x16 /usr/lib/gcc/avr/4.8.2/../../../avr/lib/avr5/libc.a(strcat.o)
                0x0000000000001ae6                strcat
 .text.avr-libc
                0x0000000000001afc        0xe /usr/lib/gcc/avr/4.8.2/../../../avr/lib/avr5/libc.a(strcpy.o)
                0x0000000000001afc                strcpy
                0x0000000000001b0a                . = ALIGN (0x2)
 *(.fini9)
 .fini9         0x0000000000001b0a        0x0 /usr/lib/gcc/avr/4.8.2/avr5/libgcc.a(_exit.o)
                0x0000000000001b0a                exit
                0x0000000000001b0a                _exit
 *(.fini9)
 *(.fini8)
 *(.fini8)
 *(.fini7)
 *(.fini7)
 *(.fini6)
 *(.fini6)
 *(.fini5)
 *(.fini5)
 *(.fini4)
 *(.fini4)
 *(.fini3)
 *(.fini3)
 *(.fini2)
 *(.fini2)
 *(.fini1)
 *(.fini1)
 *(.fini0)
 .fini0         0x0000000000001b0a        0x4 /usr/lib/gcc/avr/4.8.2/avr5/libgcc.a(_exit.o)
 *(.fini0)
                0x0000000000001b0e                _etext = .

.data           0x0000000000800100       0x34 load address 0x0000000000001b0e
                0x0000000000800100                PROVIDE (__data_start, .)
 *(.data)
 .data          0x0000000000800100        0x0 /usr/lib/gcc/avr/4.8.2/../../../avr/lib/avr5/crtm328p.o
 .data          0x0000000000800100        0x9 placaAdicionalChopper.o
                0x0000000000800100                minVoltage
                0x0000000000800101                criticalTemp
                0x0000000000800102                maxTemp
                0x0000000000800103                maxDV
                0x0000000000800104                maxDC
                0x0000000000800105                minDC
                0x0000000000800106                maxCurrent
                0x0000000000800107                cont
 .data          0x0000000000800109        0xe ATmega328.o
                0x0000000000800109                usartStream
 .data          0x0000000000800117        0x0 /usr/lib/gcc/avr/4.8.2/avr5/libgcc.a(_udivmodhi4.o)
 .data          0x0000000000800117        0x0 /usr/lib/gcc/avr/4.8.2/avr5/libgcc.a(_udivmodsi4.o)
 .data          0x0000000000800117        0x0 /usr/lib/gcc/avr/4.8.2/avr5/libgcc.a(_exit.o)
 .data          0x0000000000800117        0x0 /usr/lib/gcc/avr/4.8.2/avr5/libgcc.a(_tablejump.o)
 .data          0x0000000000800117        0x0 /usr/lib/gcc/avr/4.8.2/avr5/libgcc.a(_copy_data.o)
 .data          0x0000000000800117        0x0 /usr/lib/gcc/avr/4.8.2/avr5/libgcc.a(_clear_bss.o)
 .data          0x0000000000800117        0x0 /usr/lib/gcc/avr/4.8.2/avr5/libgcc.a(_ashrdi3.o)
 .data          0x0000000000800117        0x0 /usr/lib/gcc/avr/4.8.2/../../../avr/lib/avr5/libc.a(strcat.o)
 .data          0x0000000000800117        0x0 /usr/lib/gcc/avr/4.8.2/../../../avr/lib/avr5/libc.a(strcpy.o)
 .data          0x0000000000800117        0x0 /usr/lib/gcc/avr/4.8.2/../../../avr/lib/avr5/libc.a(iob.o)
 *(.data*)
 *(.rodata)
 *(.rodata*)
 .rodata.str1.1
                0x0000000000800117       0x1d placaAdicionalChopper.o
 *(.gnu.linkonce.d*)
                0x0000000000800134                . = ALIGN (0x2)
                0x0000000000800134                _edata = .
                0x0000000000800134                PROVIDE (__data_end, .)

.bss            0x0000000000800134       0x47
                0x0000000000800134                PROVIDE (__bss_start, .)
 *(.bss)
 .bss           0x0000000000800134        0x0 /usr/lib/gcc/avr/4.8.2/../../../avr/lib/avr5/crtm328p.o
 .bss           0x0000000000800134        0x2 placaAdicionalChopper.o
                0x0000000000800134                dcReq
                0x0000000000800135                channel
 .bss           0x0000000000800136        0x0 ATmega328.o
 .bss           0x0000000000800136        0x0 /usr/lib/gcc/avr/4.8.2/avr5/libgcc.a(_udivmodhi4.o)
 .bss           0x0000000000800136        0x0 /usr/lib/gcc/avr/4.8.2/avr5/libgcc.a(_udivmodsi4.o)
 .bss           0x0000000000800136        0x0 /usr/lib/gcc/avr/4.8.2/avr5/libgcc.a(_exit.o)
 .bss           0x0000000000800136        0x0 /usr/lib/gcc/avr/4.8.2/avr5/libgcc.a(_tablejump.o)
 .bss           0x0000000000800136        0x0 /usr/lib/gcc/avr/4.8.2/avr5/libgcc.a(_copy_data.o)
 .bss           0x0000000000800136        0x0 /usr/lib/gcc/avr/4.8.2/avr5/libgcc.a(_clear_bss.o)
 .bss           0x0000000000800136        0x0 /usr/lib/gcc/avr/4.8.2/avr5/libgcc.a(_ashrdi3.o)
 .bss           0x0000000000800136        0x0 /usr/lib/gcc/avr/4.8.2/../../../avr/lib/avr5/libc.a(strcat.o)
 .bss           0x0000000000800136        0x0 /usr/lib/gcc/avr/4.8.2/../../../avr/lib/avr5/libc.a(strcpy.o)
 .bss           0x0000000000800136        0x0 /usr/lib/gcc/avr/4.8.2/../../../avr/lib/avr5/libc.a(iob.o)
 *(.bss*)
 *(COMMON)
 COMMON         0x0000000000800136        0xa placaAdicionalChopper.o
                0x0000000000800136                flags
                0x0000000000800137                status
 COMMON         0x0000000000800140       0x35 ATmega328.o
                0x0000000000800140                usartReceiverBuffer
                0x0000000000800172                usartReceiverBufferNextWrite
                0x0000000000800173                usartReceiverBufferLength
                0x0000000000800174                usartReceiverBufferNextRead
 COMMON         0x0000000000800175        0x6 /usr/lib/gcc/avr/4.8.2/../../../avr/lib/avr5/libc.a(iob.o)
                0x0000000000800175                __iob
                0x000000000080017b                PROVIDE (__bss_end, .)
                0x0000000000001b0e                __data_load_start = LOADADDR (.data)
                0x0000000000001b42                __data_load_end = (__data_load_start + SIZEOF (.data))

.noinit         0x000000000080017b        0x0
                0x000000000080017b                PROVIDE (__noinit_start, .)
 *(.noinit*)
                0x000000000080017b                PROVIDE (__noinit_end, .)
                0x000000000080017b                _end = .
                0x000000000080017b                PROVIDE (__heap_start, .)

.eeprom         0x0000000000810000        0x0
 *(.eeprom*)
                0x0000000000810000                __eeprom_end = .

.fuse
 *(.fuse)
 *(.lfuse)
 *(.hfuse)
 *(.efuse)

.lock
 *(.lock*)

.signature
 *(.signature*)

.user_signatures
 *(.user_signatures*)

.stab           0x0000000000000000      0xc54
 *(.stab)
 .stab          0x0000000000000000      0x6cc /usr/lib/gcc/avr/4.8.2/../../../avr/lib/avr5/crtm328p.o
 .stab          0x00000000000006cc       0x9c /usr/lib/gcc/avr/4.8.2/../../../avr/lib/avr5/libc.a(strcat.o)
                                         0xa8 (size before relaxing)
 .stab          0x0000000000000768       0x6c /usr/lib/gcc/avr/4.8.2/../../../avr/lib/avr5/libc.a(strcpy.o)
                                         0x78 (size before relaxing)
 .stab          0x00000000000007d4      0x480 /usr/lib/gcc/avr/4.8.2/../../../avr/lib/avr5/libc.a(iob.o)
                                        0x48c (size before relaxing)

.stabstr        0x0000000000000000      0xd41
 *(.stabstr)
 .stabstr       0x0000000000000000      0xd41 /usr/lib/gcc/avr/4.8.2/../../../avr/lib/avr5/crtm328p.o

.stab.excl
 *(.stab.excl)

.stab.exclstr
 *(.stab.exclstr)

.stab.index
 *(.stab.index)

.stab.indexstr
 *(.stab.indexstr)

.comment        0x0000000000000000       0x11
 *(.comment)
 .comment       0x0000000000000000       0x11 placaAdicionalChopper.o
                                         0x12 (size before relaxing)
 .comment       0x0000000000000000       0x12 ATmega328.o
 .comment       0x0000000000000000       0x12 /usr/lib/gcc/avr/4.8.2/../../../avr/lib/avr5/libc.a(iob.o)

.debug
 *(.debug)

.line
 *(.line)

.debug_srcinfo
 *(.debug_srcinfo)

.debug_sfnames
 *(.debug_sfnames)

.debug_aranges  0x0000000000000000       0x48
 *(.debug_aranges)
 .debug_aranges
                0x0000000000000000       0x28 placaAdicionalChopper.o
 .debug_aranges
                0x0000000000000028       0x20 ATmega328.o

.debug_pubnames
 *(.debug_pubnames)

.debug_info     0x0000000000000000     0x33ab
 *(.debug_info)
 .debug_info    0x0000000000000000      0xf8c placaAdicionalChopper.o
 .debug_info    0x0000000000000f8c     0x241f ATmega328.o
 *(.gnu.linkonce.wi.*)

.debug_abbrev   0x0000000000000000      0x6cc
 *(.debug_abbrev)
 .debug_abbrev  0x0000000000000000      0x355 placaAdicionalChopper.o
 .debug_abbrev  0x0000000000000355      0x377 ATmega328.o

.debug_line     0x0000000000000000      0x80b
 *(.debug_line)
 .debug_line    0x0000000000000000      0x201 placaAdicionalChopper.o
 .debug_line    0x0000000000000201      0x60a ATmega328.o

.debug_frame    0x0000000000000000      0xde8
 *(.debug_frame)
 .debug_frame   0x0000000000000000      0x230 placaAdicionalChopper.o
 .debug_frame   0x0000000000000230      0xbb8 ATmega328.o

.debug_str      0x0000000000000000     0x253a
 *(.debug_str)
 .debug_str     0x0000000000000000     0x106b placaAdicionalChopper.o
                                       0x10c7 (size before relaxing)
 .debug_str     0x000000000000106b     0x14cf ATmega328.o
                                       0x23fc (size before relaxing)

.debug_loc      0x0000000000000000     0x1af1
 *(.debug_loc)
 .debug_loc     0x0000000000000000      0x81d placaAdicionalChopper.o
 .debug_loc     0x000000000000081d     0x12d4 ATmega328.o

.debug_macinfo
 *(.debug_macinfo)

.debug_pubtypes
 *(.debug_pubtypes)

.debug_ranges   0x0000000000000000       0x48
 *(.debug_ranges)
 .debug_ranges  0x0000000000000000       0x48 placaAdicionalChopper.o

.debug_macro
 *(.debug_macro)
OUTPUT(placaAdicionalChopper.elf elf32-avr)
LOAD linker stubs
