Archive member included because of file (symbol)

/usr/lib/gcc/avr/4.8.1/avr5/libgcc.a(_udivmodhi4.o)
                              placaAdicionalChopper.o (__udivmodhi4)
/usr/lib/gcc/avr/4.8.1/avr5/libgcc.a(_udivmodsi4.o)
                              placaAdicionalChopper.o (__udivmodsi4)
/usr/lib/gcc/avr/4.8.1/avr5/libgcc.a(_exit.o)
                              /usr/lib/gcc/avr/4.8.1/../../../avr/lib/avr5/crtm328p.o (exit)
/usr/lib/gcc/avr/4.8.1/avr5/libgcc.a(_copy_data.o)
                              placaAdicionalChopper.o (__do_copy_data)
/usr/lib/gcc/avr/4.8.1/avr5/libgcc.a(_clear_bss.o)
                              placaAdicionalChopper.o (__do_clear_bss)
/usr/lib/gcc/avr/4.8.1/avr5/libgcc.a(_ashrdi3.o)
                              ATmega328.o (__lshrdi3)
/usr/lib/gcc/avr/4.8.1/../../../avr/lib/avr5/libc.a(iob.o)
                              ATmega328.o (__iob)

Allocating common symbols
Common symbol       size              file

usartReceiverBuffer
                    0x32              ATmega328.o
usartReceiverBufferNextWrite
                    0x1               ATmega328.o
usartReceiverBufferLength
                    0x1               ATmega328.o
usartReceiverBufferNextRead
                    0x1               ATmega328.o
__iob               0x6               /usr/lib/gcc/avr/4.8.1/../../../avr/lib/avr5/libc.a(iob.o)

Memory Configuration

Name             Origin             Length             Attributes
text             0x0000000000000000 0x0000000000020000 xr
data             0x0000000000800060 0x000000000000ffa0 rw !x
eeprom           0x0000000000810000 0x0000000000010000 rw !x
fuse             0x0000000000820000 0x0000000000000400 rw !x
lock             0x0000000000830000 0x0000000000000400 rw !x
signature        0x0000000000840000 0x0000000000000400 rw !x
user_signatures  0x0000000000850000 0x0000000000000400 rw !x
*default*        0x0000000000000000 0xffffffffffffffff

Linker script and memory map

Address of section .data set to 0x800100
LOAD /usr/lib/gcc/avr/4.8.1/../../../avr/lib/avr5/crtm328p.o
LOAD placaAdicionalChopper.o
LOAD ATmega328.o
START GROUP
LOAD /usr/lib/gcc/avr/4.8.1/avr5/libgcc.a
LOAD /usr/lib/gcc/avr/4.8.1/../../../avr/lib/avr5/libm.a
LOAD /usr/lib/gcc/avr/4.8.1/../../../avr/lib/avr5/libc.a
END GROUP

.hash
 *(.hash)

.dynsym
 *(.dynsym)

.dynstr
 *(.dynstr)

.gnu.version
 *(.gnu.version)

.gnu.version_d
 *(.gnu.version_d)

.gnu.version_r
 *(.gnu.version_r)

.rel.init
 *(.rel.init)

.rela.init
 *(.rela.init)

.rel.text
 *(.rel.text)
 *(.rel.text.*)
 *(.rel.gnu.linkonce.t*)

.rela.text
 *(.rela.text)
 *(.rela.text.*)
 *(.rela.gnu.linkonce.t*)

.rel.fini
 *(.rel.fini)

.rela.fini
 *(.rela.fini)

.rel.rodata
 *(.rel.rodata)
 *(.rel.rodata.*)
 *(.rel.gnu.linkonce.r*)

.rela.rodata
 *(.rela.rodata)
 *(.rela.rodata.*)
 *(.rela.gnu.linkonce.r*)

.rel.data
 *(.rel.data)
 *(.rel.data.*)
 *(.rel.gnu.linkonce.d*)

.rela.data
 *(.rela.data)
 *(.rela.data.*)
 *(.rela.gnu.linkonce.d*)

.rel.ctors
 *(.rel.ctors)

.rela.ctors
 *(.rela.ctors)

.rel.dtors
 *(.rel.dtors)

.rela.dtors
 *(.rela.dtors)

.rel.got
 *(.rel.got)

.rela.got
 *(.rela.got)

.rel.bss
 *(.rel.bss)

.rela.bss
 *(.rela.bss)

.rel.plt
 *(.rel.plt)

.rela.plt
 *(.rela.plt)

.text           0x0000000000000000     0x14f8
 *(.vectors)
 .vectors       0x0000000000000000       0x68 /usr/lib/gcc/avr/4.8.1/../../../avr/lib/avr5/crtm328p.o
                0x0000000000000000                __vectors
                0x0000000000000000                __vector_default
 *(.vectors)
 *(.progmem.gcc*)
                0x0000000000000068                . = ALIGN (0x2)
                0x0000000000000068                __trampolines_start = .
 *(.trampolines)
 .trampolines   0x0000000000000068        0x0 linker stubs
 *(.trampolines*)
                0x0000000000000068                __trampolines_end = .
 *(.progmem*)
                0x0000000000000068                . = ALIGN (0x2)
 *(.jumptables)
 *(.jumptables*)
 *(.lowtext)
 *(.lowtext*)
                0x0000000000000068                __ctors_start = .
 *(.ctors)
                0x0000000000000068                __ctors_end = .
                0x0000000000000068                __dtors_start = .
 *(.dtors)
                0x0000000000000068                __dtors_end = .
 SORT(*)(.ctors)
 SORT(*)(.dtors)
 *(.init0)
 .init0         0x0000000000000068        0x0 /usr/lib/gcc/avr/4.8.1/../../../avr/lib/avr5/crtm328p.o
                0x0000000000000068                __init
 *(.init0)
 *(.init1)
 *(.init1)
 *(.init2)
 .init2         0x0000000000000068        0xc /usr/lib/gcc/avr/4.8.1/../../../avr/lib/avr5/crtm328p.o
 *(.init2)
 *(.init3)
 *(.init3)
 *(.init4)
 .init4         0x0000000000000074       0x16 /usr/lib/gcc/avr/4.8.1/avr5/libgcc.a(_copy_data.o)
                0x0000000000000074                __do_copy_data
 .init4         0x000000000000008a       0x10 /usr/lib/gcc/avr/4.8.1/avr5/libgcc.a(_clear_bss.o)
                0x000000000000008a                __do_clear_bss
 *(.init4)
 *(.init5)
 *(.init5)
 *(.init6)
 *(.init6)
 *(.init7)
 *(.init7)
 *(.init8)
 *(.init8)
 *(.init9)
 .init9         0x000000000000009a        0x8 /usr/lib/gcc/avr/4.8.1/../../../avr/lib/avr5/crtm328p.o
 *(.init9)
 *(.text)
 .text          0x00000000000000a2        0x4 /usr/lib/gcc/avr/4.8.1/../../../avr/lib/avr5/crtm328p.o
                0x00000000000000a2                __vector_22
                0x00000000000000a2                __vector_1
                0x00000000000000a2                __vector_24
                0x00000000000000a2                __bad_interrupt
                0x00000000000000a2                __vector_6
                0x00000000000000a2                __vector_3
                0x00000000000000a2                __vector_23
                0x00000000000000a2                __vector_25
                0x00000000000000a2                __vector_13
                0x00000000000000a2                __vector_17
                0x00000000000000a2                __vector_19
                0x00000000000000a2                __vector_7
                0x00000000000000a2                __vector_5
                0x00000000000000a2                __vector_4
                0x00000000000000a2                __vector_9
                0x00000000000000a2                __vector_2
                0x00000000000000a2                __vector_15
                0x00000000000000a2                __vector_8
                0x00000000000000a2                __vector_14
                0x00000000000000a2                __vector_10
                0x00000000000000a2                __vector_16
                0x00000000000000a2                __vector_18
                0x00000000000000a2                __vector_20
 .text          0x00000000000000a6      0x14c placaAdicionalChopper.o
                0x00000000000000a6                seta_dc
                0x00000000000000f4                __vector_21
                0x00000000000001a0                __vector_11
                0x00000000000001d0                __vector_12
 .text          0x00000000000001f2     0x11b0 ATmega328.o
                0x00000000000001f2                globalInterruptEnable
                0x00000000000001f6                globalInterruptDisable
                0x00000000000001fa                systemClockSetPrescaler
                0x000000000000025e                eepromSetOperationMode
                0x000000000000026c                eepromReadyActivateInterrupt
                0x0000000000000270                eepromReadyDeactivateInterrupt
                0x0000000000000274                eepromWrite
                0x000000000000028e                eepromRead
                0x000000000000029e                globalPullUpEnable
                0x00000000000002a6                pullUpDisable
                0x00000000000002ae                int0Config
                0x000000000000031c                int0ActivateInterrupt
                0x0000000000000320                int0DeactivateInterrupt
                0x0000000000000324                int0ClearInterruptRequest
                0x0000000000000328                int1Config
                0x0000000000000396                int1ActivateInterrupt
                0x000000000000039a                int1DeactivateInterrupt
                0x000000000000039e                int1ClearInterruptRequest
                0x00000000000003a2                pcint7_0Enable
                0x00000000000003ae                pcint7_0Disable
                0x00000000000003ba                pcint7_0ClearInterruptRequest
                0x00000000000003be                pcint0ActivateInterrupt
                0x00000000000003fc                pcint0DeactivateInterrupt
                0x0000000000000408                pcint1ActivateInterrupt
                0x0000000000000446                pcint1DeactivateInterrupt
                0x0000000000000452                pcint2ActivateInterrupt
                0x0000000000000490                pcint2DeactivateInterrupt
                0x000000000000049c                pcint3ActivateInterrupt
                0x00000000000004da                pcint3DeactivateInterrupt
                0x00000000000004e6                pcint4ActivateInterrupt
                0x0000000000000524                pcint4DeactivateInterrupt
                0x0000000000000530                pcint5ActivateInterrupt
                0x000000000000056e                pcint5DeactivateInterrupt
                0x000000000000057a                pcint6ActivateInterrupt
                0x00000000000005b8                pcint6DeactivateInterrupt
                0x00000000000005c4                pcint7ActivateInterrupt
                0x0000000000000602                pcint7DeactivateInterrupt
                0x000000000000060e                pcint14_8Enable
                0x000000000000061a                pcint14_8Disable
                0x0000000000000626                pcint14_8ClearInterruptRequest
                0x000000000000062a                pcint8ActivateInterrupt
                0x0000000000000668                pcint8DeactivateInterrupt
                0x0000000000000674                pcint9ActivateInterrupt
                0x00000000000006b2                pcint9DeactivateInterrupt
                0x00000000000006be                pcint10ActivateInterrupt
                0x00000000000006fc                pcint10DeactivateInterrupt
                0x0000000000000708                pcint11ActivateInterrupt
                0x0000000000000746                pcint11DeactivateInterrupt
                0x0000000000000752                pcint12ActivateInterrupt
                0x0000000000000790                pcint12DeactivateInterrupt
                0x000000000000079c                pcint13ActivateInterrupt
                0x00000000000007da                pcint13DeactivateInterrupt
                0x00000000000007e6                pcint14ActivateInterrupt
                0x0000000000000824                pcint14DeactivateInterrupt
                0x0000000000000830                pcint23_16Enable
                0x000000000000083c                pcint23_16Disable
                0x0000000000000848                pcint23_16ClearInterruptRequest
                0x000000000000084c                pcint16ActivateInterrupt
                0x000000000000088a                pcint16DeactivateInterrupt
                0x0000000000000896                pcint17ActivateInterrupt
                0x00000000000008d4                pcint17DeactivateInterrupt
                0x00000000000008e0                pcint18ActivateInterrupt
                0x000000000000091e                pcint18DeactivateInterrupt
                0x000000000000092a                pcint19ActivateInterrupt
                0x0000000000000968                pcint19DeactivateInterrupt
                0x0000000000000974                pcint20ActivateInterrupt
                0x00000000000009b2                pcint20DeactivateInterrupt
                0x00000000000009be                pcint21ActivateInterrupt
                0x00000000000009fc                pcint21DeactivateInterrupt
                0x0000000000000a08                pcint22ActivateInterrupt
                0x0000000000000a46                pcint22DeactivateInterrupt
                0x0000000000000a52                pcint23ActivateInterrupt
                0x0000000000000a90                pcint23DeactivateInterrupt
                0x0000000000000a9c                timer0Config
                0x0000000000000b2e                timer0OutputConfig
                0x0000000000000b92                timer0ActivateOverflowInterrupt
                0x0000000000000b9e                timer0DeactivateOverflowInterrupt
                0x0000000000000baa                timer0ClearOverflowInterruptRequest
                0x0000000000000bae                timer0ActivateCompareAInterrupt
                0x0000000000000bba                timer0DeactivateCompareAInterrupt
                0x0000000000000bc6                timer0ClearCompareAInterruptRequest
                0x0000000000000bca                timer0ActivateCompareBInterrupt
                0x0000000000000bd6                timer0DeactivateCompareBInterrupt
                0x0000000000000be2                timer0ClearCompareBInterruptRequest
                0x0000000000000be6                timer0ForceCompareA
                0x0000000000000bee                timer0ForceCompareB
                0x0000000000000bf6                timer0SetCounterValue
                0x0000000000000bfa                timer0GetCounterValue
                0x0000000000000bfe                timer0SetCompareAValue
                0x0000000000000c02                timer0GetCompareAValue
                0x0000000000000c06                timer0SetCompareBValue
                0x0000000000000c0a                timer0GetCompareBValue
                0x0000000000000c0e                timer1Config
                0x0000000000000c58                timer1OutputConfig
                0x0000000000000c84                timer1InputCaptureNoiseCancelerConfig
                0x0000000000000c94                timer1ActivateOverflowInterrupt
                0x0000000000000ca2                timer1DeactivateOverflowInterrupt
                0x0000000000000cb0                timer1ClearOverflowInterruptRequest
                0x0000000000000cb6                timer1ActivateCompareAInterrupt
                0x0000000000000cc4                timer1DeactivateCompareAInterrupt
                0x0000000000000cd2                timer1ClearCompareAInterruptRequest
                0x0000000000000cd8                timer1ActivateCompareBInterrupt
                0x0000000000000ce6                timer1DeactivateCompareBInterrupt
                0x0000000000000cf4                timer1ClearCompareBInterruptRequest
                0x0000000000000cfa                timer1ActivateInputCaptureInterrupt
                0x0000000000000d08                timer1DeactivateInputCaptureInterrupt
                0x0000000000000d16                timer1ClearInputCaptureInterruptRequest
                0x0000000000000d1c                timer1ForceCompareA
                0x0000000000000d2a                timer1ForceCompareB
                0x0000000000000d38                timer1SetCounterValue
                0x0000000000000d4a                timer1GetCounterValue
                0x0000000000000d56                timer1SetCompareAValue
                0x0000000000000d68                timer1GetCompareAValue
                0x0000000000000d74                timer1SetCompareBValue
                0x0000000000000d86                timer1GetCompareBValue
                0x0000000000000d92                timer1SetInputCaptureValue
                0x0000000000000da4                timer1GetInputCaptureValue
                0x0000000000000db0                timer2Config
                0x0000000000000de8                timer2OutputConfig
                0x0000000000000e14                timer2ActivateOverflowInterrupt
                0x0000000000000e22                timer2DeactivateOverflowInterrupt
                0x0000000000000e30                timer2ClearOverflowInterruptRequest
                0x0000000000000e36                timer2ActivateCompareAInterrupt
                0x0000000000000e44                timer2DeactivateCompareAInterrupt
                0x0000000000000e52                timer2ClearCompareAInterruptRequest
                0x0000000000000e58                timer2ActivateCompareBInterrupt
                0x0000000000000e66                timer2DeactivateCompareBInterrupt
                0x0000000000000e74                timer2ClearCompareBInterruptRequest
                0x0000000000000e7a                timer2ForceCompareA
                0x0000000000000e88                timer2ForceCompareB
                0x0000000000000e96                timer2SetCounterValue
                0x0000000000000e9e                timer2GetCounterValue
                0x0000000000000ea4                timer2SetCompareAValue
                0x0000000000000eac                timer2GetCompareAValue
                0x0000000000000eb2                timer2SetCompareBValue
                0x0000000000000eba                timer2GetCompareBValue
                0x0000000000000ec0                adcConfig
                0x0000000000000f58                adcSelectChannel
                0x0000000000000f68                adcEnableDigitalInput
                0x0000000000000f78                adcDisableDigitalInput
                0x0000000000000f86                adcDataPresentation
                0x0000000000000fa0                adcEnable
                0x0000000000000fae                adcDisable
                0x0000000000000fbc                adcClearInterruptRequest
                0x0000000000000fca                adcActivateInterrupt
                0x0000000000000fd8                adcDeactivateInterrupt
                0x0000000000000fe6                adcStartConversion
                0x0000000000000ff4                adcIsBusy
                0x0000000000001002                adcWaitUntilConversionFinish
                0x000000000000100e                usartConfig
                0x0000000000001110                usartEnableReceiver
                0x000000000000111e                usartDisableReceiver
                0x000000000000112c                usartEnableTransmitter
                0x000000000000113a                usartDisableTransmitter
                0x0000000000001148                usartActivateReceptionCompleteInterrupt
                0x0000000000001156                usartDeactivateReceptionCompleteInterrupt
                0x0000000000001164                usartActivateTransmissionCompleteInterrupt
                0x0000000000001172                usartDeactivateTransmissionCompleteInterrupt
                0x0000000000001180                usartActivateBufferEmptyInterrupt
                0x000000000000118e                usartDeactivateBufferEmptyInterrupt
                0x000000000000119c                usartStdio
                0x00000000000011bc                usartIsReceptionComplete
                0x00000000000011c8                usartIsTransmissionComplete
                0x00000000000011d6                usartIsBufferEmpty
                0x00000000000011e2                usartCheckError
                0x0000000000001218                usartTransmit
                0x000000000000122a                usartTransmit9bits
                0x0000000000001258                usartTransmitStd
                0x000000000000126a                usartReceive
                0x000000000000127c                usartReceive9bits
                0x00000000000012aa                usartReceiveStd
                0x00000000000012ba                usartClearReceptionBuffer
                0x00000000000012ca                usartAddDataToReceiverBuffer
                0x0000000000001328                usartGetDataFromReceiverBuffer
                0x0000000000001370                usartIsReceiverBufferEmpty
                0x0000000000001380                usartGetCurrentBaudRate
                0x000000000000138a                spiInit
                0x000000000000138c                spiMasterTransmit
                0x0000000000001398                spiSlaveTransmit
 .text          0x00000000000013a2        0x0 /usr/lib/gcc/avr/4.8.1/avr5/libgcc.a(_udivmodhi4.o)
 .text          0x00000000000013a2        0x0 /usr/lib/gcc/avr/4.8.1/avr5/libgcc.a(_udivmodsi4.o)
 .text          0x00000000000013a2        0x0 /usr/lib/gcc/avr/4.8.1/avr5/libgcc.a(_exit.o)
 .text          0x00000000000013a2        0x0 /usr/lib/gcc/avr/4.8.1/avr5/libgcc.a(_copy_data.o)
 .text          0x00000000000013a2        0x0 /usr/lib/gcc/avr/4.8.1/avr5/libgcc.a(_clear_bss.o)
 .text          0x00000000000013a2        0x0 /usr/lib/gcc/avr/4.8.1/avr5/libgcc.a(_ashrdi3.o)
 .text          0x00000000000013a2        0x0 /usr/lib/gcc/avr/4.8.1/../../../avr/lib/avr5/libc.a(iob.o)
                0x00000000000013a2                . = ALIGN (0x2)
 *(.text.*)
 .text.startup  0x00000000000013a2       0xaa placaAdicionalChopper.o
                0x00000000000013a2                main
 .text.libgcc.mul
                0x000000000000144c        0x0 /usr/lib/gcc/avr/4.8.1/avr5/libgcc.a(_udivmodhi4.o)
 .text.libgcc.div
                0x000000000000144c       0x28 /usr/lib/gcc/avr/4.8.1/avr5/libgcc.a(_udivmodhi4.o)
                0x000000000000144c                __udivmodhi4
 .text.libgcc   0x0000000000001474        0x0 /usr/lib/gcc/avr/4.8.1/avr5/libgcc.a(_udivmodhi4.o)
 .text.libgcc.prologue
                0x0000000000001474        0x0 /usr/lib/gcc/avr/4.8.1/avr5/libgcc.a(_udivmodhi4.o)
 .text.libgcc.builtins
                0x0000000000001474        0x0 /usr/lib/gcc/avr/4.8.1/avr5/libgcc.a(_udivmodhi4.o)
 .text.libgcc.fmul
                0x0000000000001474        0x0 /usr/lib/gcc/avr/4.8.1/avr5/libgcc.a(_udivmodhi4.o)
 .text.libgcc.fixed
                0x0000000000001474        0x0 /usr/lib/gcc/avr/4.8.1/avr5/libgcc.a(_udivmodhi4.o)
 .text.libgcc.mul
                0x0000000000001474        0x0 /usr/lib/gcc/avr/4.8.1/avr5/libgcc.a(_udivmodsi4.o)
 .text.libgcc.div
                0x0000000000001474       0x44 /usr/lib/gcc/avr/4.8.1/avr5/libgcc.a(_udivmodsi4.o)
                0x0000000000001474                __udivmodsi4
 .text.libgcc   0x00000000000014b8        0x0 /usr/lib/gcc/avr/4.8.1/avr5/libgcc.a(_udivmodsi4.o)
 .text.libgcc.prologue
                0x00000000000014b8        0x0 /usr/lib/gcc/avr/4.8.1/avr5/libgcc.a(_udivmodsi4.o)
 .text.libgcc.builtins
                0x00000000000014b8        0x0 /usr/lib/gcc/avr/4.8.1/avr5/libgcc.a(_udivmodsi4.o)
 .text.libgcc.fmul
                0x00000000000014b8        0x0 /usr/lib/gcc/avr/4.8.1/avr5/libgcc.a(_udivmodsi4.o)
 .text.libgcc.fixed
                0x00000000000014b8        0x0 /usr/lib/gcc/avr/4.8.1/avr5/libgcc.a(_udivmodsi4.o)
 .text.libgcc.mul
                0x00000000000014b8        0x0 /usr/lib/gcc/avr/4.8.1/avr5/libgcc.a(_exit.o)
 .text.libgcc.div
                0x00000000000014b8        0x0 /usr/lib/gcc/avr/4.8.1/avr5/libgcc.a(_exit.o)
 .text.libgcc   0x00000000000014b8        0x0 /usr/lib/gcc/avr/4.8.1/avr5/libgcc.a(_exit.o)
 .text.libgcc.prologue
                0x00000000000014b8        0x0 /usr/lib/gcc/avr/4.8.1/avr5/libgcc.a(_exit.o)
 .text.libgcc.builtins
                0x00000000000014b8        0x0 /usr/lib/gcc/avr/4.8.1/avr5/libgcc.a(_exit.o)
 .text.libgcc.fmul
                0x00000000000014b8        0x0 /usr/lib/gcc/avr/4.8.1/avr5/libgcc.a(_exit.o)
 .text.libgcc.fixed
                0x00000000000014b8        0x0 /usr/lib/gcc/avr/4.8.1/avr5/libgcc.a(_exit.o)
 .text.libgcc.mul
                0x00000000000014b8        0x0 /usr/lib/gcc/avr/4.8.1/avr5/libgcc.a(_copy_data.o)
 .text.libgcc.div
                0x00000000000014b8        0x0 /usr/lib/gcc/avr/4.8.1/avr5/libgcc.a(_copy_data.o)
 .text.libgcc   0x00000000000014b8        0x0 /usr/lib/gcc/avr/4.8.1/avr5/libgcc.a(_copy_data.o)
 .text.libgcc.prologue
                0x00000000000014b8        0x0 /usr/lib/gcc/avr/4.8.1/avr5/libgcc.a(_copy_data.o)
 .text.libgcc.builtins
                0x00000000000014b8        0x0 /usr/lib/gcc/avr/4.8.1/avr5/libgcc.a(_copy_data.o)
 .text.libgcc.fmul
                0x00000000000014b8        0x0 /usr/lib/gcc/avr/4.8.1/avr5/libgcc.a(_copy_data.o)
 .text.libgcc.fixed
                0x00000000000014b8        0x0 /usr/lib/gcc/avr/4.8.1/avr5/libgcc.a(_copy_data.o)
 .text.libgcc.mul
                0x00000000000014b8        0x0 /usr/lib/gcc/avr/4.8.1/avr5/libgcc.a(_clear_bss.o)
 .text.libgcc.div
                0x00000000000014b8        0x0 /usr/lib/gcc/avr/4.8.1/avr5/libgcc.a(_clear_bss.o)
 .text.libgcc   0x00000000000014b8        0x0 /usr/lib/gcc/avr/4.8.1/avr5/libgcc.a(_clear_bss.o)
 .text.libgcc.prologue
                0x00000000000014b8        0x0 /usr/lib/gcc/avr/4.8.1/avr5/libgcc.a(_clear_bss.o)
 .text.libgcc.builtins
                0x00000000000014b8        0x0 /usr/lib/gcc/avr/4.8.1/avr5/libgcc.a(_clear_bss.o)
 .text.libgcc.fmul
                0x00000000000014b8        0x0 /usr/lib/gcc/avr/4.8.1/avr5/libgcc.a(_clear_bss.o)
 .text.libgcc.fixed
                0x00000000000014b8        0x0 /usr/lib/gcc/avr/4.8.1/avr5/libgcc.a(_clear_bss.o)
 .text.libgcc.mul
                0x00000000000014b8        0x0 /usr/lib/gcc/avr/4.8.1/avr5/libgcc.a(_ashrdi3.o)
 .text.libgcc.div
                0x00000000000014b8        0x0 /usr/lib/gcc/avr/4.8.1/avr5/libgcc.a(_ashrdi3.o)
 .text.libgcc   0x00000000000014b8        0x0 /usr/lib/gcc/avr/4.8.1/avr5/libgcc.a(_ashrdi3.o)
 .text.libgcc.prologue
                0x00000000000014b8        0x0 /usr/lib/gcc/avr/4.8.1/avr5/libgcc.a(_ashrdi3.o)
 .text.libgcc.builtins
                0x00000000000014b8       0x3c /usr/lib/gcc/avr/4.8.1/avr5/libgcc.a(_ashrdi3.o)
                0x00000000000014b8                __ashrdi3
                0x00000000000014bc                __lshrdi3
 .text.libgcc.fmul
                0x00000000000014f4        0x0 /usr/lib/gcc/avr/4.8.1/avr5/libgcc.a(_ashrdi3.o)
 .text.libgcc.fixed
                0x00000000000014f4        0x0 /usr/lib/gcc/avr/4.8.1/avr5/libgcc.a(_ashrdi3.o)
                0x00000000000014f4                . = ALIGN (0x2)
 *(.fini9)
 .fini9         0x00000000000014f4        0x0 /usr/lib/gcc/avr/4.8.1/avr5/libgcc.a(_exit.o)
                0x00000000000014f4                exit
                0x00000000000014f4                _exit
 *(.fini9)
 *(.fini8)
 *(.fini8)
 *(.fini7)
 *(.fini7)
 *(.fini6)
 *(.fini6)
 *(.fini5)
 *(.fini5)
 *(.fini4)
 *(.fini4)
 *(.fini3)
 *(.fini3)
 *(.fini2)
 *(.fini2)
 *(.fini1)
 *(.fini1)
 *(.fini0)
 .fini0         0x00000000000014f4        0x4 /usr/lib/gcc/avr/4.8.1/avr5/libgcc.a(_exit.o)
 *(.fini0)
                0x00000000000014f8                _etext = .

.data           0x0000000000800100       0x1c load address 0x00000000000014f8
                0x0000000000800100                PROVIDE (__data_start, .)
 *(.data)
 .data          0x0000000000800100        0x0 /usr/lib/gcc/avr/4.8.1/../../../avr/lib/avr5/crtm328p.o
 .data          0x0000000000800100        0xd placaAdicionalChopper.o
                0x0000000000800100                minVotage
                0x0000000000800101                voltage
                0x0000000000800102                maxTemp
                0x0000000000800103                temperature
                0x0000000000800104                dms
                0x0000000000800105                on
                0x0000000000800106                maxDV
                0x0000000000800107                maxDC
                0x0000000000800108                minDC
                0x0000000000800109                maxCurrent
                0x000000000080010a                freq
                0x000000000080010c                mode
 .data          0x000000000080010d        0xe ATmega328.o
                0x000000000080010d                usartStream
 .data          0x000000000080011b        0x0 /usr/lib/gcc/avr/4.8.1/avr5/libgcc.a(_udivmodhi4.o)
 .data          0x000000000080011b        0x0 /usr/lib/gcc/avr/4.8.1/avr5/libgcc.a(_udivmodsi4.o)
 .data          0x000000000080011b        0x0 /usr/lib/gcc/avr/4.8.1/avr5/libgcc.a(_exit.o)
 .data          0x000000000080011b        0x0 /usr/lib/gcc/avr/4.8.1/avr5/libgcc.a(_copy_data.o)
 .data          0x000000000080011b        0x0 /usr/lib/gcc/avr/4.8.1/avr5/libgcc.a(_clear_bss.o)
 .data          0x000000000080011b        0x0 /usr/lib/gcc/avr/4.8.1/avr5/libgcc.a(_ashrdi3.o)
 .data          0x000000000080011b        0x0 /usr/lib/gcc/avr/4.8.1/../../../avr/lib/avr5/libc.a(iob.o)
 *(.data*)
 *(.rodata)
 *(.rodata*)
 *(.gnu.linkonce.d*)
                0x000000000080011c                . = ALIGN (0x2)
 *fill*         0x000000000080011b        0x1 
                0x000000000080011c                _edata = .
                0x000000000080011c                PROVIDE (__data_end, .)

.bss            0x000000000080011c       0x3f
                0x000000000080011c                PROVIDE (__bss_start, .)
 *(.bss)
 .bss           0x000000000080011c        0x0 /usr/lib/gcc/avr/4.8.1/../../../avr/lib/avr5/crtm328p.o
 .bss           0x000000000080011c        0x4 placaAdicionalChopper.o
                0x000000000080011c                dcReq
                0x000000000080011d                dc
                0x000000000080011e                current
                0x000000000080011f                channel
 .bss           0x0000000000800120        0x0 ATmega328.o
 .bss           0x0000000000800120        0x0 /usr/lib/gcc/avr/4.8.1/avr5/libgcc.a(_udivmodhi4.o)
 .bss           0x0000000000800120        0x0 /usr/lib/gcc/avr/4.8.1/avr5/libgcc.a(_udivmodsi4.o)
 .bss           0x0000000000800120        0x0 /usr/lib/gcc/avr/4.8.1/avr5/libgcc.a(_exit.o)
 .bss           0x0000000000800120        0x0 /usr/lib/gcc/avr/4.8.1/avr5/libgcc.a(_copy_data.o)
 .bss           0x0000000000800120        0x0 /usr/lib/gcc/avr/4.8.1/avr5/libgcc.a(_clear_bss.o)
 .bss           0x0000000000800120        0x0 /usr/lib/gcc/avr/4.8.1/avr5/libgcc.a(_ashrdi3.o)
 .bss           0x0000000000800120        0x0 /usr/lib/gcc/avr/4.8.1/../../../avr/lib/avr5/libc.a(iob.o)
 *(.bss*)
 *(COMMON)
 COMMON         0x0000000000800120       0x35 ATmega328.o
                0x0000000000800120                usartReceiverBuffer
                0x0000000000800152                usartReceiverBufferNextWrite
                0x0000000000800153                usartReceiverBufferLength
                0x0000000000800154                usartReceiverBufferNextRead
 COMMON         0x0000000000800155        0x6 /usr/lib/gcc/avr/4.8.1/../../../avr/lib/avr5/libc.a(iob.o)
                0x0000000000800155                __iob
                0x000000000080015b                PROVIDE (__bss_end, .)
                0x00000000000014f8                __data_load_start = LOADADDR (.data)
                0x0000000000001514                __data_load_end = (__data_load_start + SIZEOF (.data))

.noinit         0x000000000080015b        0x0
                0x000000000080015b                PROVIDE (__noinit_start, .)
 *(.noinit*)
                0x000000000080015b                PROVIDE (__noinit_end, .)
                0x000000000080015b                _end = .
                0x000000000080015b                PROVIDE (__heap_start, .)

.eeprom         0x0000000000810000        0x0
 *(.eeprom*)
                0x0000000000810000                __eeprom_end = .

.fuse
 *(.fuse)
 *(.lfuse)
 *(.hfuse)
 *(.efuse)

.lock
 *(.lock*)

.signature
 *(.signature*)

.user_signatures
 *(.user_signatures*)

.stab
 *(.stab)

.stabstr
 *(.stabstr)

.stab.excl
 *(.stab.excl)

.stab.exclstr
 *(.stab.exclstr)

.stab.index
 *(.stab.index)

.stab.indexstr
 *(.stab.indexstr)

.comment        0x0000000000000000       0x11
 *(.comment)
 .comment       0x0000000000000000       0x11 placaAdicionalChopper.o
                                         0x12 (size before relaxing)
 .comment       0x0000000000000000       0x12 /usr/lib/gcc/avr/4.8.1/../../../avr/lib/avr5/libc.a(iob.o)

.note.gnu.build-id
 *(.note.gnu.build-id)

.debug
 *(.debug)

.line
 *(.line)

.debug_srcinfo
 *(.debug_srcinfo)

.debug_sfnames
 *(.debug_sfnames)

.debug_aranges  0x0000000000000000       0x48
 *(.debug_aranges)
 .debug_aranges
                0x0000000000000000       0x28 placaAdicionalChopper.o
 .debug_aranges
                0x0000000000000028       0x20 ATmega328.o

.debug_pubnames
                0x0000000000000000     0x14c3
 *(.debug_pubnames)
 .debug_pubnames
                0x0000000000000000     0x14c3 ATmega328.o

.debug_info     0x0000000000000000     0x28f8
 *(.debug_info .gnu.linkonce.wi.*)
 .debug_info    0x0000000000000000      0x681 placaAdicionalChopper.o
 .debug_info    0x0000000000000681     0x2277 ATmega328.o

.debug_abbrev   0x0000000000000000      0x4d5
 *(.debug_abbrev)
 .debug_abbrev  0x0000000000000000      0x1bb placaAdicionalChopper.o
 .debug_abbrev  0x00000000000001bb      0x31a ATmega328.o

.debug_line     0x0000000000000000     0x1d7d
 *(.debug_line .debug_line.* .debug_line_end)
 .debug_line    0x0000000000000000       0xee placaAdicionalChopper.o
 .debug_line    0x00000000000000ee     0x1c8f ATmega328.o

.debug_frame    0x0000000000000000      0xc14
 *(.debug_frame)
 .debug_frame   0x0000000000000000       0xd4 placaAdicionalChopper.o
 .debug_frame   0x00000000000000d4      0xb40 ATmega328.o

.debug_str      0x0000000000000000     0x247c
 *(.debug_str)
 .debug_str     0x0000000000000000      0xa47 placaAdicionalChopper.o
                                        0xa80 (size before relaxing)
 .debug_str     0x0000000000000a47     0x1a35 ATmega328.o
                                       0x237e (size before relaxing)

.debug_loc      0x0000000000000000      0xb9b
 *(.debug_loc)
 .debug_loc     0x0000000000000000      0x1cc placaAdicionalChopper.o
 .debug_loc     0x00000000000001cc      0x9cf ATmega328.o

.debug_macinfo
 *(.debug_macinfo)

.debug_weaknames
 *(.debug_weaknames)

.debug_funcnames
 *(.debug_funcnames)

.debug_typenames
 *(.debug_typenames)

.debug_varnames
 *(.debug_varnames)

.debug_pubtypes
 *(.debug_pubtypes)

.debug_ranges   0x0000000000000000       0x30
 *(.debug_ranges)
 .debug_ranges  0x0000000000000000       0x30 placaAdicionalChopper.o

.debug_macro
 *(.debug_macro)
OUTPUT(placaAdicionalChopper.elf elf32-avr)
LOAD linker stubs
