Archive member included to satisfy reference by file (symbol)

c:/program files (x86)/atmel/studio/7.0/toolchain/avr8/avr8-gnu-toolchain/bin/../lib/gcc/avr/4.9.2/avr5\libgcc.a(_udivmodsi4.o)
                              ATmega328.o (__udivmodsi4)
c:/program files (x86)/atmel/studio/7.0/toolchain/avr8/avr8-gnu-toolchain/bin/../lib/gcc/avr/4.9.2/avr5\libgcc.a(_exit.o)
                              C:/Program Files (x86)/Atmel/Studio/7.0/Packs/atmel/ATmega_DFP/1.0.106/gcc/dev/atmega328p/avr5/crtatmega328p.o (exit)
c:/program files (x86)/atmel/studio/7.0/toolchain/avr8/avr8-gnu-toolchain/bin/../lib/gcc/avr/4.9.2/avr5\libgcc.a(_tablejump2.o)
                              ATmega328.o (__tablejump2__)
c:/program files (x86)/atmel/studio/7.0/toolchain/avr8/avr8-gnu-toolchain/bin/../lib/gcc/avr/4.9.2/avr5\libgcc.a(_copy_data.o)
                              ATmega328.o (__do_copy_data)
c:/program files (x86)/atmel/studio/7.0/toolchain/avr8/avr8-gnu-toolchain/bin/../lib/gcc/avr/4.9.2/avr5\libgcc.a(_clear_bss.o)
                              ATmega328.o (__do_clear_bss)
c:/program files (x86)/atmel/studio/7.0/toolchain/avr8/avr8-gnu-toolchain/bin/../lib/gcc/avr/4.9.2/avr5\libgcc.a(_ashrdi3.o)
                              ATmega328.o (__lshrdi3)
c:/program files (x86)/atmel/studio/7.0/toolchain/avr8/avr8-gnu-toolchain/bin/../lib/gcc/avr/4.9.2/../../../../avr/lib/avr5\libc.a(iob.o)
                              ATmega328.o (__iob)
c:/program files (x86)/atmel/studio/7.0/toolchain/avr8/avr8-gnu-toolchain/bin/../lib/gcc/avr/4.9.2/../../../../avr/lib/avr5\libc.a(printf_p.o)
                              mcp2515_regdump.o (printf_P)
c:/program files (x86)/atmel/studio/7.0/toolchain/avr8/avr8-gnu-toolchain/bin/../lib/gcc/avr/4.9.2/../../../../avr/lib/avr5\libc.a(vfprintf_std.o)
                              c:/program files (x86)/atmel/studio/7.0/toolchain/avr8/avr8-gnu-toolchain/bin/../lib/gcc/avr/4.9.2/../../../../avr/lib/avr5\libc.a(printf_p.o) (vfprintf)
c:/program files (x86)/atmel/studio/7.0/toolchain/avr8/avr8-gnu-toolchain/bin/../lib/gcc/avr/4.9.2/../../../../avr/lib/avr5\libc.a(strnlen_P.o)
                              c:/program files (x86)/atmel/studio/7.0/toolchain/avr8/avr8-gnu-toolchain/bin/../lib/gcc/avr/4.9.2/../../../../avr/lib/avr5\libc.a(vfprintf_std.o) (strnlen_P)
c:/program files (x86)/atmel/studio/7.0/toolchain/avr8/avr8-gnu-toolchain/bin/../lib/gcc/avr/4.9.2/../../../../avr/lib/avr5\libc.a(strnlen.o)
                              c:/program files (x86)/atmel/studio/7.0/toolchain/avr8/avr8-gnu-toolchain/bin/../lib/gcc/avr/4.9.2/../../../../avr/lib/avr5\libc.a(vfprintf_std.o) (strnlen)
c:/program files (x86)/atmel/studio/7.0/toolchain/avr8/avr8-gnu-toolchain/bin/../lib/gcc/avr/4.9.2/../../../../avr/lib/avr5\libc.a(fputc.o)
                              c:/program files (x86)/atmel/studio/7.0/toolchain/avr8/avr8-gnu-toolchain/bin/../lib/gcc/avr/4.9.2/../../../../avr/lib/avr5\libc.a(vfprintf_std.o) (fputc)
c:/program files (x86)/atmel/studio/7.0/toolchain/avr8/avr8-gnu-toolchain/bin/../lib/gcc/avr/4.9.2/../../../../avr/lib/avr5\libc.a(ultoa_invert.o)
                              c:/program files (x86)/atmel/studio/7.0/toolchain/avr8/avr8-gnu-toolchain/bin/../lib/gcc/avr/4.9.2/../../../../avr/lib/avr5\libc.a(vfprintf_std.o) (__ultoa_invert)
c:/program files (x86)/atmel/studio/7.0/toolchain/avr8/avr8-gnu-toolchain/bin/../lib/gcc/avr/4.9.2/avr5\libgcc.a(_prologue.o)
                              c:/program files (x86)/atmel/studio/7.0/toolchain/avr8/avr8-gnu-toolchain/bin/../lib/gcc/avr/4.9.2/../../../../avr/lib/avr5\libc.a(printf_p.o) (__prologue_saves__)
c:/program files (x86)/atmel/studio/7.0/toolchain/avr8/avr8-gnu-toolchain/bin/../lib/gcc/avr/4.9.2/avr5\libgcc.a(_epilogue.o)
                              c:/program files (x86)/atmel/studio/7.0/toolchain/avr8/avr8-gnu-toolchain/bin/../lib/gcc/avr/4.9.2/../../../../avr/lib/avr5\libc.a(printf_p.o) (__epilogue_restores__)

Allocating common symbols
Common symbol       size              file

usartReceiverBuffer
                    0x32              ATmega328.o
usartReceiverBufferNextWrite
                    0x1               ATmega328.o
usartReceiverBufferLength
                    0x1               ATmega328.o
usartReceiverBufferNextRead
                    0x1               ATmega328.o
__iob               0x6               c:/program files (x86)/atmel/studio/7.0/toolchain/avr8/avr8-gnu-toolchain/bin/../lib/gcc/avr/4.9.2/../../../../avr/lib/avr5\libc.a(iob.o)

Discarded input sections

 .data          0x00000000        0x0 C:/Program Files (x86)/Atmel/Studio/7.0/Packs/atmel/ATmega_DFP/1.0.106/gcc/dev/atmega328p/avr5/crtatmega328p.o
 .bss           0x00000000        0x0 C:/Program Files (x86)/Atmel/Studio/7.0/Packs/atmel/ATmega_DFP/1.0.106/gcc/dev/atmega328p/avr5/crtatmega328p.o
 .text          0x00000000        0x0 ATmega328.o
 .data          0x00000000        0x0 ATmega328.o
 .bss           0x00000000        0x0 ATmega328.o
 .text.usartReceiveStd
                0x00000000       0x12 ATmega328.o
 .text.globalInterruptEnable
                0x00000000        0x4 ATmega328.o
 .text.globalInterruptDisable
                0x00000000        0x4 ATmega328.o
 .text.systemClockSetPrescaler
                0x00000000       0x4c ATmega328.o
 .progmem.gcc_sw_table.systemClockSetPrescaler
                0x00000000       0x12 ATmega328.o
 .text.eepromSetOperationMode
                0x00000000       0x12 ATmega328.o
 .text.eepromReadyActivateInterrupt
                0x00000000        0x4 ATmega328.o
 .text.eepromReadyDeactivateInterrupt
                0x00000000        0x4 ATmega328.o
 .text.eepromWrite
                0x00000000       0x1a ATmega328.o
 .text.eepromRead
                0x00000000       0x10 ATmega328.o
 .text.globalPullUpEnable
                0x00000000        0x8 ATmega328.o
 .text.pullUpDisable
                0x00000000        0x8 ATmega328.o
 .text.int0Config
                0x00000000       0x72 ATmega328.o
 .text.int0ActivateInterrupt
                0x00000000        0x4 ATmega328.o
 .text.int0DeactivateInterrupt
                0x00000000        0x4 ATmega328.o
 .text.int0ClearInterruptRequest
                0x00000000        0x4 ATmega328.o
 .text.int1Config
                0x00000000       0x72 ATmega328.o
 .text.int1ActivateInterrupt
                0x00000000        0x4 ATmega328.o
 .text.int1DeactivateInterrupt
                0x00000000        0x4 ATmega328.o
 .text.int1ClearInterruptRequest
                0x00000000        0x4 ATmega328.o
 .text.pcint7_0Enable
                0x00000000        0xc ATmega328.o
 .text.pcint7_0Disable
                0x00000000        0xc ATmega328.o
 .text.pcint7_0ClearInterruptRequest
                0x00000000        0x4 ATmega328.o
 .text.pcint0ActivateInterrupt
                0x00000000       0x42 ATmega328.o
 .text.pcint0DeactivateInterrupt
                0x00000000        0xc ATmega328.o
 .text.pcint1ActivateInterrupt
                0x00000000       0x42 ATmega328.o
 .text.pcint1DeactivateInterrupt
                0x00000000        0xc ATmega328.o
 .text.pcint2ActivateInterrupt
                0x00000000       0x42 ATmega328.o
 .text.pcint2DeactivateInterrupt
                0x00000000        0xc ATmega328.o
 .text.pcint3ActivateInterrupt
                0x00000000       0x42 ATmega328.o
 .text.pcint3DeactivateInterrupt
                0x00000000        0xc ATmega328.o
 .text.pcint4ActivateInterrupt
                0x00000000       0x42 ATmega328.o
 .text.pcint4DeactivateInterrupt
                0x00000000        0xc ATmega328.o
 .text.pcint5ActivateInterrupt
                0x00000000       0x42 ATmega328.o
 .text.pcint5DeactivateInterrupt
                0x00000000        0xc ATmega328.o
 .text.pcint6ActivateInterrupt
                0x00000000       0x42 ATmega328.o
 .text.pcint6DeactivateInterrupt
                0x00000000        0xc ATmega328.o
 .text.pcint7ActivateInterrupt
                0x00000000       0x42 ATmega328.o
 .text.pcint7DeactivateInterrupt
                0x00000000        0xc ATmega328.o
 .text.pcint14_8Enable
                0x00000000        0xc ATmega328.o
 .text.pcint14_8Disable
                0x00000000        0xc ATmega328.o
 .text.pcint14_8ClearInterruptRequest
                0x00000000        0x4 ATmega328.o
 .text.pcint8ActivateInterrupt
                0x00000000       0x42 ATmega328.o
 .text.pcint8DeactivateInterrupt
                0x00000000        0xc ATmega328.o
 .text.pcint9ActivateInterrupt
                0x00000000       0x42 ATmega328.o
 .text.pcint9DeactivateInterrupt
                0x00000000        0xc ATmega328.o
 .text.pcint10ActivateInterrupt
                0x00000000       0x42 ATmega328.o
 .text.pcint10DeactivateInterrupt
                0x00000000        0xc ATmega328.o
 .text.pcint11ActivateInterrupt
                0x00000000       0x42 ATmega328.o
 .text.pcint11DeactivateInterrupt
                0x00000000        0xc ATmega328.o
 .text.pcint12ActivateInterrupt
                0x00000000       0x42 ATmega328.o
 .text.pcint12DeactivateInterrupt
                0x00000000        0xc ATmega328.o
 .text.pcint13ActivateInterrupt
                0x00000000       0x42 ATmega328.o
 .text.pcint13DeactivateInterrupt
                0x00000000        0xc ATmega328.o
 .text.pcint14ActivateInterrupt
                0x00000000       0x42 ATmega328.o
 .text.pcint14DeactivateInterrupt
                0x00000000        0xc ATmega328.o
 .text.pcint23_16Enable
                0x00000000        0xc ATmega328.o
 .text.pcint23_16Disable
                0x00000000        0xc ATmega328.o
 .text.pcint23_16ClearInterruptRequest
                0x00000000        0x4 ATmega328.o
 .text.pcint16ActivateInterrupt
                0x00000000       0x42 ATmega328.o
 .text.pcint16DeactivateInterrupt
                0x00000000        0xc ATmega328.o
 .text.pcint17ActivateInterrupt
                0x00000000       0x42 ATmega328.o
 .text.pcint17DeactivateInterrupt
                0x00000000        0xc ATmega328.o
 .text.pcint18ActivateInterrupt
                0x00000000       0x42 ATmega328.o
 .text.pcint18DeactivateInterrupt
                0x00000000        0xc ATmega328.o
 .text.pcint19ActivateInterrupt
                0x00000000       0x42 ATmega328.o
 .text.pcint19DeactivateInterrupt
                0x00000000        0xc ATmega328.o
 .text.pcint20ActivateInterrupt
                0x00000000       0x42 ATmega328.o
 .text.pcint20DeactivateInterrupt
                0x00000000        0xc ATmega328.o
 .text.pcint21ActivateInterrupt
                0x00000000       0x42 ATmega328.o
 .text.pcint21DeactivateInterrupt
                0x00000000        0xc ATmega328.o
 .text.pcint22ActivateInterrupt
                0x00000000       0x42 ATmega328.o
 .text.pcint22DeactivateInterrupt
                0x00000000        0xc ATmega328.o
 .text.pcint23ActivateInterrupt
                0x00000000       0x42 ATmega328.o
 .text.pcint23DeactivateInterrupt
                0x00000000        0xc ATmega328.o
 .text.timer0Config
                0x00000000       0x94 ATmega328.o
 .text.timer0OutputConfig
                0x00000000       0x8e ATmega328.o
 .text.timer0ActivateOverflowInterrupt
                0x00000000        0xc ATmega328.o
 .text.timer0DeactivateOverflowInterrupt
                0x00000000        0xc ATmega328.o
 .text.timer0ClearOverflowInterruptRequest
                0x00000000        0x4 ATmega328.o
 .text.timer0ActivateCompareAInterrupt
                0x00000000        0xc ATmega328.o
 .text.timer0DeactivateCompareAInterrupt
                0x00000000        0xc ATmega328.o
 .text.timer0ClearCompareAInterruptRequest
                0x00000000        0x4 ATmega328.o
 .text.timer0ActivateCompareBInterrupt
                0x00000000        0xc ATmega328.o
 .text.timer0DeactivateCompareBInterrupt
                0x00000000        0xc ATmega328.o
 .text.timer0ClearCompareBInterruptRequest
                0x00000000        0x4 ATmega328.o
 .text.timer0ForceCompareA
                0x00000000        0x8 ATmega328.o
 .text.timer0ForceCompareB
                0x00000000        0x8 ATmega328.o
 .text.timer0SetCounterValue
                0x00000000        0x4 ATmega328.o
 .text.timer0GetCounterValue
                0x00000000        0x4 ATmega328.o
 .text.timer0SetCompareAValue
                0x00000000        0x4 ATmega328.o
 .text.timer0GetCompareAValue
                0x00000000        0x4 ATmega328.o
 .text.timer0SetCompareBValue
                0x00000000        0x4 ATmega328.o
 .text.timer0GetCompareBValue
                0x00000000        0x4 ATmega328.o
 .text.timer1Config
                0x00000000       0x3a ATmega328.o
 .text.timer1OutputConfig
                0x00000000       0x2c ATmega328.o
 .text.timer1InputCaptureNoiseCancelerConfig
                0x00000000       0x10 ATmega328.o
 .text.timer1ActivateOverflowInterrupt
                0x00000000        0xe ATmega328.o
 .text.timer1DeactivateOverflowInterrupt
                0x00000000        0xe ATmega328.o
 .text.timer1ClearOverflowInterruptRequest
                0x00000000        0x6 ATmega328.o
 .text.timer1ActivateCompareAInterrupt
                0x00000000        0xe ATmega328.o
 .text.timer1DeactivateCompareAInterrupt
                0x00000000        0xe ATmega328.o
 .text.timer1ClearCompareAInterruptRequest
                0x00000000        0x6 ATmega328.o
 .text.timer1ActivateCompareBInterrupt
                0x00000000        0xe ATmega328.o
 .text.timer1DeactivateCompareBInterrupt
                0x00000000        0xe ATmega328.o
 .text.timer1ClearCompareBInterruptRequest
                0x00000000        0x6 ATmega328.o
 .text.timer1ActivateInputCaptureInterrupt
                0x00000000        0xe ATmega328.o
 .text.timer1DeactivateInputCaptureInterrupt
                0x00000000        0xe ATmega328.o
 .text.timer1ClearInputCaptureInterruptRequest
                0x00000000        0x6 ATmega328.o
 .text.timer1ForceCompareA
                0x00000000        0xe ATmega328.o
 .text.timer1ForceCompareB
                0x00000000        0xe ATmega328.o
 .text.timer1SetCounterValue
                0x00000000       0x14 ATmega328.o
 .text.timer1GetCounterValue
                0x00000000        0xa ATmega328.o
 .text.timer1SetCompareAValue
                0x00000000       0x14 ATmega328.o
 .text.timer1GetCompareAValue
                0x00000000        0xa ATmega328.o
 .text.timer1SetCompareBValue
                0x00000000       0x14 ATmega328.o
 .text.timer1GetCompareBValue
                0x00000000        0xa ATmega328.o
 .text.timer1SetInputCaptureValue
                0x00000000       0x14 ATmega328.o
 .text.timer1GetInputCaptureValue
                0x00000000        0xa ATmega328.o
 .text.timer2Config
                0x00000000       0x30 ATmega328.o
 .text.timer2OutputConfig
                0x00000000       0x2c ATmega328.o
 .text.timer2ActivateOverflowInterrupt
                0x00000000        0xe ATmega328.o
 .text.timer2DeactivateOverflowInterrupt
                0x00000000        0xe ATmega328.o
 .text.timer2ClearOverflowInterruptRequest
                0x00000000        0x6 ATmega328.o
 .text.timer2ActivateCompareAInterrupt
                0x00000000        0xe ATmega328.o
 .text.timer2DeactivateCompareAInterrupt
                0x00000000        0xe ATmega328.o
 .text.timer2ClearCompareAInterruptRequest
                0x00000000        0x6 ATmega328.o
 .text.timer2ActivateCompareBInterrupt
                0x00000000        0xe ATmega328.o
 .text.timer2DeactivateCompareBInterrupt
                0x00000000        0xe ATmega328.o
 .text.timer2ClearCompareBInterruptRequest
                0x00000000        0x6 ATmega328.o
 .text.timer2ForceCompareA
                0x00000000        0xe ATmega328.o
 .text.timer2ForceCompareB
                0x00000000        0xe ATmega328.o
 .text.timer2SetCounterValue
                0x00000000        0x8 ATmega328.o
 .text.timer2GetCounterValue
                0x00000000        0x6 ATmega328.o
 .text.timer2SetCompareAValue
                0x00000000        0x8 ATmega328.o
 .text.timer2GetCompareAValue
                0x00000000        0x6 ATmega328.o
 .text.timer2SetCompareBValue
                0x00000000        0x8 ATmega328.o
 .text.timer2GetCompareBValue
                0x00000000        0x6 ATmega328.o
 .text.adcConfig
                0x00000000       0xa0 ATmega328.o
 .progmem.gcc_sw_table.adcConfig
                0x00000000        0xe ATmega328.o
 .text.adcSelectChannel
                0x00000000       0x10 ATmega328.o
 .text.adcEnableDigitalInput
                0x00000000       0x10 ATmega328.o
 .text.adcDisableDigitalInput
                0x00000000        0xe ATmega328.o
 .text.adcDataPresentation
                0x00000000       0x1e ATmega328.o
 .text.adcEnable
                0x00000000        0xe ATmega328.o
 .text.adcDisable
                0x00000000        0xe ATmega328.o
 .text.adcClearInterruptRequest
                0x00000000        0xe ATmega328.o
 .text.adcActivateInterrupt
                0x00000000        0xe ATmega328.o
 .text.adcDeactivateInterrupt
                0x00000000        0xe ATmega328.o
 .text.adcStartConversion
                0x00000000        0xe ATmega328.o
 .text.adcIsBusy
                0x00000000        0xc ATmega328.o
 .text.adcWaitUntilConversionFinish
                0x00000000        0xe ATmega328.o
 .text.usartDisableReceiver
                0x00000000        0xe ATmega328.o
 .text.usartDisableTransmitter
                0x00000000        0xe ATmega328.o
 .text.usartDeactivateReceptionCompleteInterrupt
                0x00000000        0xe ATmega328.o
 .text.usartActivateTransmissionCompleteInterrupt
                0x00000000        0xe ATmega328.o
 .text.usartDeactivateTransmissionCompleteInterrupt
                0x00000000        0xe ATmega328.o
 .text.usartActivateBufferEmptyInterrupt
                0x00000000        0xe ATmega328.o
 .text.usartDeactivateBufferEmptyInterrupt
                0x00000000        0xe ATmega328.o
 .text.usartStdio
                0x00000000       0x18 ATmega328.o
 .text.usartIsReceptionComplete
                0x00000000        0xc ATmega328.o
 .text.usartIsTransmissionComplete
                0x00000000        0xc ATmega328.o
 .text.usartTransmitStd
                0x00000000       0x16 ATmega328.o
 .text.usartCheckError
                0x00000000       0x26 ATmega328.o
 .text.usartTransmit9bits
                0x00000000       0x3a ATmega328.o
 .text.usartReceive
                0x00000000       0x14 ATmega328.o
 .text.usartReceive9bits
                0x00000000       0x28 ATmega328.o
 .text.usartClearReceptionBuffer
                0x00000000       0x1a ATmega328.o
 .text.usartGetCurrentBaudRate
                0x00000000        0x8 ATmega328.o
 .text.spiInit  0x00000000        0x2 ATmega328.o
 .text.spiMasterTransmit
                0x00000000        0xc ATmega328.o
 .text.spiSlaveTransmit
                0x00000000        0xa ATmega328.o
 .data.usartStream
                0x00000000        0xe ATmega328.o
 .text          0x00000000        0x0 can_buffer.o
 .data          0x00000000        0x0 can_buffer.o
 .bss           0x00000000        0x0 can_buffer.o
 .text.can_buffer_init
                0x00000000       0x16 can_buffer.o
 .text.can_buffer_empty
                0x00000000       0x12 can_buffer.o
 .text.can_buffer_full
                0x00000000       0x16 can_buffer.o
 .text.can_buffer_get_enqueue_ptr
                0x00000000       0x38 can_buffer.o
 .text.can_buffer_enqueue
                0x00000000       0x1e can_buffer.o
 .text.can_buffer_get_dequeue_ptr
                0x00000000       0x38 can_buffer.o
 .text.can_buffer_dequeue
                0x00000000       0x1e can_buffer.o
 .debug_info    0x00000000      0x4d0 can_buffer.o
 .debug_abbrev  0x00000000      0x1b7 can_buffer.o
 .debug_loc     0x00000000      0x21a can_buffer.o
 .debug_aranges
                0x00000000       0x50 can_buffer.o
 .debug_ranges  0x00000000       0x40 can_buffer.o
 .debug_line    0x00000000      0x2bd can_buffer.o
 .debug_str     0x00000000      0x2ce can_buffer.o
 .comment       0x00000000       0x31 can_buffer.o
 .debug_frame   0x00000000       0x9c can_buffer.o
 .text          0x00000000        0x0 main.o
 .data          0x00000000        0x0 main.o
 .bss           0x00000000        0x0 main.o
 .progmem.data.can_filter
                0x00000000       0x20 main.o
 .text          0x00000000        0x0 mcp2515.o
 .data          0x00000000        0x0 mcp2515.o
 .bss           0x00000000        0x0 mcp2515.o
 .text          0x00000000        0x0 mcp2515_buffer.o
 .data          0x00000000        0x0 mcp2515_buffer.o
 .bss           0x00000000        0x0 mcp2515_buffer.o
 .text.can_check_free_buffer
                0x00000000       0x14 mcp2515_buffer.o
 .text          0x00000000        0x0 mcp2515_error_register.o
 .data          0x00000000        0x0 mcp2515_error_register.o
 .bss           0x00000000        0x0 mcp2515_error_register.o
 .text.can_read_error_register
                0x00000000       0x16 mcp2515_error_register.o
 .debug_info    0x00000000      0x111 mcp2515_error_register.o
 .debug_abbrev  0x00000000       0xcb mcp2515_error_register.o
 .debug_loc     0x00000000       0x68 mcp2515_error_register.o
 .debug_aranges
                0x00000000       0x20 mcp2515_error_register.o
 .debug_ranges  0x00000000       0x10 mcp2515_error_register.o
 .debug_line    0x00000000       0xdd mcp2515_error_register.o
 .debug_str     0x00000000      0x220 mcp2515_error_register.o
 .comment       0x00000000       0x31 mcp2515_error_register.o
 .debug_frame   0x00000000       0x2c mcp2515_error_register.o
 .text          0x00000000        0x0 mcp2515_get_dyn_filter.o
 .data          0x00000000        0x0 mcp2515_get_dyn_filter.o
 .bss           0x00000000        0x0 mcp2515_get_dyn_filter.o
 .text.can_get_filter
                0x00000000       0xd6 mcp2515_get_dyn_filter.o
 .debug_info    0x00000000      0x32f mcp2515_get_dyn_filter.o
 .debug_abbrev  0x00000000      0x149 mcp2515_get_dyn_filter.o
 .debug_loc     0x00000000      0x1ca mcp2515_get_dyn_filter.o
 .debug_aranges
                0x00000000       0x20 mcp2515_get_dyn_filter.o
 .debug_ranges  0x00000000       0x10 mcp2515_get_dyn_filter.o
 .debug_line    0x00000000      0x1a6 mcp2515_get_dyn_filter.o
 .debug_str     0x00000000      0x29b mcp2515_get_dyn_filter.o
 .comment       0x00000000       0x31 mcp2515_get_dyn_filter.o
 .debug_frame   0x00000000       0x40 mcp2515_get_dyn_filter.o
 .text          0x00000000        0x0 mcp2515_get_message.o
 .data          0x00000000        0x0 mcp2515_get_message.o
 .bss           0x00000000        0x0 mcp2515_get_message.o
 .text          0x00000000        0x0 mcp2515_read_id.o
 .data          0x00000000        0x0 mcp2515_read_id.o
 .bss           0x00000000        0x0 mcp2515_read_id.o
 .text          0x00000000        0x0 mcp2515_regdump.o
 .data          0x00000000        0x0 mcp2515_regdump.o
 .bss           0x00000000        0x0 mcp2515_regdump.o
 .rodata.str1.1
                0x00000000       0x2a mcp2515_regdump.o
 .text.mcp2515_regdump
                0x00000000      0x1f2 mcp2515_regdump.o
 .debug_info    0x00000000      0x2c8 mcp2515_regdump.o
 .debug_abbrev  0x00000000      0x13c mcp2515_regdump.o
 .debug_loc     0x00000000      0x19a mcp2515_regdump.o
 .debug_aranges
                0x00000000       0x20 mcp2515_regdump.o
 .debug_ranges  0x00000000       0x10 mcp2515_regdump.o
 .debug_line    0x00000000      0x156 mcp2515_regdump.o
 .debug_str     0x00000000      0x23a mcp2515_regdump.o
 .comment       0x00000000       0x31 mcp2515_regdump.o
 .debug_frame   0x00000000       0x84 mcp2515_regdump.o
 .text          0x00000000        0x0 mcp2515_send_message.o
 .data          0x00000000        0x0 mcp2515_send_message.o
 .bss           0x00000000        0x0 mcp2515_send_message.o
 .text          0x00000000        0x0 mcp2515_set_dyn_filter.o
 .data          0x00000000        0x0 mcp2515_set_dyn_filter.o
 .bss           0x00000000        0x0 mcp2515_set_dyn_filter.o
 .text.can_set_filter
                0x00000000       0xd4 mcp2515_set_dyn_filter.o
 .debug_info    0x00000000      0x417 mcp2515_set_dyn_filter.o
 .debug_abbrev  0x00000000      0x191 mcp2515_set_dyn_filter.o
 .debug_loc     0x00000000      0x1db mcp2515_set_dyn_filter.o
 .debug_aranges
                0x00000000       0x20 mcp2515_set_dyn_filter.o
 .debug_ranges  0x00000000       0x10 mcp2515_set_dyn_filter.o
 .debug_line    0x00000000      0x209 mcp2515_set_dyn_filter.o
 .debug_str     0x00000000      0x2ff mcp2515_set_dyn_filter.o
 .comment       0x00000000       0x31 mcp2515_set_dyn_filter.o
 .debug_frame   0x00000000       0x40 mcp2515_set_dyn_filter.o
 .text          0x00000000        0x0 mcp2515_set_mode.o
 .data          0x00000000        0x0 mcp2515_set_mode.o
 .bss           0x00000000        0x0 mcp2515_set_mode.o
 .text          0x00000000        0x0 mcp2515_sleep.o
 .data          0x00000000        0x0 mcp2515_sleep.o
 .bss           0x00000000        0x0 mcp2515_sleep.o
 .text.can_sleep
                0x00000000       0x1c mcp2515_sleep.o
 .text.can_wakeup
                0x00000000       0x26 mcp2515_sleep.o
 .debug_info    0x00000000      0x1c7 mcp2515_sleep.o
 .debug_abbrev  0x00000000       0xc5 mcp2515_sleep.o
 .debug_aranges
                0x00000000       0x28 mcp2515_sleep.o
 .debug_ranges  0x00000000       0x18 mcp2515_sleep.o
 .debug_line    0x00000000       0xfc mcp2515_sleep.o
 .debug_str     0x00000000      0x244 mcp2515_sleep.o
 .comment       0x00000000       0x31 mcp2515_sleep.o
 .debug_frame   0x00000000       0x34 mcp2515_sleep.o
 .text          0x00000000        0x0 mcp2515_static_filter.o
 .data          0x00000000        0x0 mcp2515_static_filter.o
 .bss           0x00000000        0x0 mcp2515_static_filter.o
 .text.can_static_filter
                0x00000000       0x86 mcp2515_static_filter.o
 .debug_info    0x00000000      0x213 mcp2515_static_filter.o
 .debug_abbrev  0x00000000      0x10c mcp2515_static_filter.o
 .debug_loc     0x00000000      0x129 mcp2515_static_filter.o
 .debug_aranges
                0x00000000       0x20 mcp2515_static_filter.o
 .debug_ranges  0x00000000       0x10 mcp2515_static_filter.o
 .debug_line    0x00000000      0x14e mcp2515_static_filter.o
 .debug_str     0x00000000      0x253 mcp2515_static_filter.o
 .comment       0x00000000       0x31 mcp2515_static_filter.o
 .debug_frame   0x00000000       0x40 mcp2515_static_filter.o
 .text          0x00000000        0x0 mcp2515_write_id.o
 .data          0x00000000        0x0 mcp2515_write_id.o
 .bss           0x00000000        0x0 mcp2515_write_id.o
 .text          0x00000000        0x0 spi.o
 .data          0x00000000        0x0 spi.o
 .bss           0x00000000        0x0 spi.o
 .text          0x00000000        0x0 c:/program files (x86)/atmel/studio/7.0/toolchain/avr8/avr8-gnu-toolchain/bin/../lib/gcc/avr/4.9.2/avr5\libgcc.a(_udivmodsi4.o)
 .data          0x00000000        0x0 c:/program files (x86)/atmel/studio/7.0/toolchain/avr8/avr8-gnu-toolchain/bin/../lib/gcc/avr/4.9.2/avr5\libgcc.a(_udivmodsi4.o)
 .bss           0x00000000        0x0 c:/program files (x86)/atmel/studio/7.0/toolchain/avr8/avr8-gnu-toolchain/bin/../lib/gcc/avr/4.9.2/avr5\libgcc.a(_udivmodsi4.o)
 .text.libgcc.mul
                0x00000000        0x0 c:/program files (x86)/atmel/studio/7.0/toolchain/avr8/avr8-gnu-toolchain/bin/../lib/gcc/avr/4.9.2/avr5\libgcc.a(_udivmodsi4.o)
 .text.libgcc   0x00000000        0x0 c:/program files (x86)/atmel/studio/7.0/toolchain/avr8/avr8-gnu-toolchain/bin/../lib/gcc/avr/4.9.2/avr5\libgcc.a(_udivmodsi4.o)
 .text.libgcc.prologue
                0x00000000        0x0 c:/program files (x86)/atmel/studio/7.0/toolchain/avr8/avr8-gnu-toolchain/bin/../lib/gcc/avr/4.9.2/avr5\libgcc.a(_udivmodsi4.o)
 .text.libgcc.builtins
                0x00000000        0x0 c:/program files (x86)/atmel/studio/7.0/toolchain/avr8/avr8-gnu-toolchain/bin/../lib/gcc/avr/4.9.2/avr5\libgcc.a(_udivmodsi4.o)
 .text.libgcc.fmul
                0x00000000        0x0 c:/program files (x86)/atmel/studio/7.0/toolchain/avr8/avr8-gnu-toolchain/bin/../lib/gcc/avr/4.9.2/avr5\libgcc.a(_udivmodsi4.o)
 .text.libgcc.fixed
                0x00000000        0x0 c:/program files (x86)/atmel/studio/7.0/toolchain/avr8/avr8-gnu-toolchain/bin/../lib/gcc/avr/4.9.2/avr5\libgcc.a(_udivmodsi4.o)
 .text          0x00000000        0x0 c:/program files (x86)/atmel/studio/7.0/toolchain/avr8/avr8-gnu-toolchain/bin/../lib/gcc/avr/4.9.2/avr5\libgcc.a(_exit.o)
 .data          0x00000000        0x0 c:/program files (x86)/atmel/studio/7.0/toolchain/avr8/avr8-gnu-toolchain/bin/../lib/gcc/avr/4.9.2/avr5\libgcc.a(_exit.o)
 .bss           0x00000000        0x0 c:/program files (x86)/atmel/studio/7.0/toolchain/avr8/avr8-gnu-toolchain/bin/../lib/gcc/avr/4.9.2/avr5\libgcc.a(_exit.o)
 .text.libgcc.mul
                0x00000000        0x0 c:/program files (x86)/atmel/studio/7.0/toolchain/avr8/avr8-gnu-toolchain/bin/../lib/gcc/avr/4.9.2/avr5\libgcc.a(_exit.o)
 .text.libgcc.div
                0x00000000        0x0 c:/program files (x86)/atmel/studio/7.0/toolchain/avr8/avr8-gnu-toolchain/bin/../lib/gcc/avr/4.9.2/avr5\libgcc.a(_exit.o)
 .text.libgcc   0x00000000        0x0 c:/program files (x86)/atmel/studio/7.0/toolchain/avr8/avr8-gnu-toolchain/bin/../lib/gcc/avr/4.9.2/avr5\libgcc.a(_exit.o)
 .text.libgcc.prologue
                0x00000000        0x0 c:/program files (x86)/atmel/studio/7.0/toolchain/avr8/avr8-gnu-toolchain/bin/../lib/gcc/avr/4.9.2/avr5\libgcc.a(_exit.o)
 .text.libgcc.builtins
                0x00000000        0x0 c:/program files (x86)/atmel/studio/7.0/toolchain/avr8/avr8-gnu-toolchain/bin/../lib/gcc/avr/4.9.2/avr5\libgcc.a(_exit.o)
 .text.libgcc.fmul
                0x00000000        0x0 c:/program files (x86)/atmel/studio/7.0/toolchain/avr8/avr8-gnu-toolchain/bin/../lib/gcc/avr/4.9.2/avr5\libgcc.a(_exit.o)
 .text.libgcc.fixed
                0x00000000        0x0 c:/program files (x86)/atmel/studio/7.0/toolchain/avr8/avr8-gnu-toolchain/bin/../lib/gcc/avr/4.9.2/avr5\libgcc.a(_exit.o)
 .text          0x00000000        0x0 c:/program files (x86)/atmel/studio/7.0/toolchain/avr8/avr8-gnu-toolchain/bin/../lib/gcc/avr/4.9.2/avr5\libgcc.a(_tablejump2.o)
 .data          0x00000000        0x0 c:/program files (x86)/atmel/studio/7.0/toolchain/avr8/avr8-gnu-toolchain/bin/../lib/gcc/avr/4.9.2/avr5\libgcc.a(_tablejump2.o)
 .bss           0x00000000        0x0 c:/program files (x86)/atmel/studio/7.0/toolchain/avr8/avr8-gnu-toolchain/bin/../lib/gcc/avr/4.9.2/avr5\libgcc.a(_tablejump2.o)
 .text.libgcc.mul
                0x00000000        0x0 c:/program files (x86)/atmel/studio/7.0/toolchain/avr8/avr8-gnu-toolchain/bin/../lib/gcc/avr/4.9.2/avr5\libgcc.a(_tablejump2.o)
 .text.libgcc.div
                0x00000000        0x0 c:/program files (x86)/atmel/studio/7.0/toolchain/avr8/avr8-gnu-toolchain/bin/../lib/gcc/avr/4.9.2/avr5\libgcc.a(_tablejump2.o)
 .text.libgcc   0x00000000        0xc c:/program files (x86)/atmel/studio/7.0/toolchain/avr8/avr8-gnu-toolchain/bin/../lib/gcc/avr/4.9.2/avr5\libgcc.a(_tablejump2.o)
 .text.libgcc.prologue
                0x00000000        0x0 c:/program files (x86)/atmel/studio/7.0/toolchain/avr8/avr8-gnu-toolchain/bin/../lib/gcc/avr/4.9.2/avr5\libgcc.a(_tablejump2.o)
 .text.libgcc.builtins
                0x00000000        0x0 c:/program files (x86)/atmel/studio/7.0/toolchain/avr8/avr8-gnu-toolchain/bin/../lib/gcc/avr/4.9.2/avr5\libgcc.a(_tablejump2.o)
 .text.libgcc.fmul
                0x00000000        0x0 c:/program files (x86)/atmel/studio/7.0/toolchain/avr8/avr8-gnu-toolchain/bin/../lib/gcc/avr/4.9.2/avr5\libgcc.a(_tablejump2.o)
 .text.libgcc.fixed
                0x00000000        0x0 c:/program files (x86)/atmel/studio/7.0/toolchain/avr8/avr8-gnu-toolchain/bin/../lib/gcc/avr/4.9.2/avr5\libgcc.a(_tablejump2.o)
 .text          0x00000000        0x0 c:/program files (x86)/atmel/studio/7.0/toolchain/avr8/avr8-gnu-toolchain/bin/../lib/gcc/avr/4.9.2/avr5\libgcc.a(_copy_data.o)
 .data          0x00000000        0x0 c:/program files (x86)/atmel/studio/7.0/toolchain/avr8/avr8-gnu-toolchain/bin/../lib/gcc/avr/4.9.2/avr5\libgcc.a(_copy_data.o)
 .bss           0x00000000        0x0 c:/program files (x86)/atmel/studio/7.0/toolchain/avr8/avr8-gnu-toolchain/bin/../lib/gcc/avr/4.9.2/avr5\libgcc.a(_copy_data.o)
 .text.libgcc.mul
                0x00000000        0x0 c:/program files (x86)/atmel/studio/7.0/toolchain/avr8/avr8-gnu-toolchain/bin/../lib/gcc/avr/4.9.2/avr5\libgcc.a(_copy_data.o)
 .text.libgcc.div
                0x00000000        0x0 c:/program files (x86)/atmel/studio/7.0/toolchain/avr8/avr8-gnu-toolchain/bin/../lib/gcc/avr/4.9.2/avr5\libgcc.a(_copy_data.o)
 .text.libgcc   0x00000000        0x0 c:/program files (x86)/atmel/studio/7.0/toolchain/avr8/avr8-gnu-toolchain/bin/../lib/gcc/avr/4.9.2/avr5\libgcc.a(_copy_data.o)
 .text.libgcc.prologue
                0x00000000        0x0 c:/program files (x86)/atmel/studio/7.0/toolchain/avr8/avr8-gnu-toolchain/bin/../lib/gcc/avr/4.9.2/avr5\libgcc.a(_copy_data.o)
 .text.libgcc.builtins
                0x00000000        0x0 c:/program files (x86)/atmel/studio/7.0/toolchain/avr8/avr8-gnu-toolchain/bin/../lib/gcc/avr/4.9.2/avr5\libgcc.a(_copy_data.o)
 .text.libgcc.fmul
                0x00000000        0x0 c:/program files (x86)/atmel/studio/7.0/toolchain/avr8/avr8-gnu-toolchain/bin/../lib/gcc/avr/4.9.2/avr5\libgcc.a(_copy_data.o)
 .text.libgcc.fixed
                0x00000000        0x0 c:/program files (x86)/atmel/studio/7.0/toolchain/avr8/avr8-gnu-toolchain/bin/../lib/gcc/avr/4.9.2/avr5\libgcc.a(_copy_data.o)
 .text          0x00000000        0x0 c:/program files (x86)/atmel/studio/7.0/toolchain/avr8/avr8-gnu-toolchain/bin/../lib/gcc/avr/4.9.2/avr5\libgcc.a(_clear_bss.o)
 .data          0x00000000        0x0 c:/program files (x86)/atmel/studio/7.0/toolchain/avr8/avr8-gnu-toolchain/bin/../lib/gcc/avr/4.9.2/avr5\libgcc.a(_clear_bss.o)
 .bss           0x00000000        0x0 c:/program files (x86)/atmel/studio/7.0/toolchain/avr8/avr8-gnu-toolchain/bin/../lib/gcc/avr/4.9.2/avr5\libgcc.a(_clear_bss.o)
 .text.libgcc.mul
                0x00000000        0x0 c:/program files (x86)/atmel/studio/7.0/toolchain/avr8/avr8-gnu-toolchain/bin/../lib/gcc/avr/4.9.2/avr5\libgcc.a(_clear_bss.o)
 .text.libgcc.div
                0x00000000        0x0 c:/program files (x86)/atmel/studio/7.0/toolchain/avr8/avr8-gnu-toolchain/bin/../lib/gcc/avr/4.9.2/avr5\libgcc.a(_clear_bss.o)
 .text.libgcc   0x00000000        0x0 c:/program files (x86)/atmel/studio/7.0/toolchain/avr8/avr8-gnu-toolchain/bin/../lib/gcc/avr/4.9.2/avr5\libgcc.a(_clear_bss.o)
 .text.libgcc.prologue
                0x00000000        0x0 c:/program files (x86)/atmel/studio/7.0/toolchain/avr8/avr8-gnu-toolchain/bin/../lib/gcc/avr/4.9.2/avr5\libgcc.a(_clear_bss.o)
 .text.libgcc.builtins
                0x00000000        0x0 c:/program files (x86)/atmel/studio/7.0/toolchain/avr8/avr8-gnu-toolchain/bin/../lib/gcc/avr/4.9.2/avr5\libgcc.a(_clear_bss.o)
 .text.libgcc.fmul
                0x00000000        0x0 c:/program files (x86)/atmel/studio/7.0/toolchain/avr8/avr8-gnu-toolchain/bin/../lib/gcc/avr/4.9.2/avr5\libgcc.a(_clear_bss.o)
 .text.libgcc.fixed
                0x00000000        0x0 c:/program files (x86)/atmel/studio/7.0/toolchain/avr8/avr8-gnu-toolchain/bin/../lib/gcc/avr/4.9.2/avr5\libgcc.a(_clear_bss.o)
 .text          0x00000000        0x0 c:/program files (x86)/atmel/studio/7.0/toolchain/avr8/avr8-gnu-toolchain/bin/../lib/gcc/avr/4.9.2/avr5\libgcc.a(_ashrdi3.o)
 .data          0x00000000        0x0 c:/program files (x86)/atmel/studio/7.0/toolchain/avr8/avr8-gnu-toolchain/bin/../lib/gcc/avr/4.9.2/avr5\libgcc.a(_ashrdi3.o)
 .bss           0x00000000        0x0 c:/program files (x86)/atmel/studio/7.0/toolchain/avr8/avr8-gnu-toolchain/bin/../lib/gcc/avr/4.9.2/avr5\libgcc.a(_ashrdi3.o)
 .text.libgcc.mul
                0x00000000        0x0 c:/program files (x86)/atmel/studio/7.0/toolchain/avr8/avr8-gnu-toolchain/bin/../lib/gcc/avr/4.9.2/avr5\libgcc.a(_ashrdi3.o)
 .text.libgcc.div
                0x00000000        0x0 c:/program files (x86)/atmel/studio/7.0/toolchain/avr8/avr8-gnu-toolchain/bin/../lib/gcc/avr/4.9.2/avr5\libgcc.a(_ashrdi3.o)
 .text.libgcc   0x00000000        0x0 c:/program files (x86)/atmel/studio/7.0/toolchain/avr8/avr8-gnu-toolchain/bin/../lib/gcc/avr/4.9.2/avr5\libgcc.a(_ashrdi3.o)
 .text.libgcc.prologue
                0x00000000        0x0 c:/program files (x86)/atmel/studio/7.0/toolchain/avr8/avr8-gnu-toolchain/bin/../lib/gcc/avr/4.9.2/avr5\libgcc.a(_ashrdi3.o)
 .text.libgcc.fmul
                0x00000000        0x0 c:/program files (x86)/atmel/studio/7.0/toolchain/avr8/avr8-gnu-toolchain/bin/../lib/gcc/avr/4.9.2/avr5\libgcc.a(_ashrdi3.o)
 .text.libgcc.fixed
                0x00000000        0x0 c:/program files (x86)/atmel/studio/7.0/toolchain/avr8/avr8-gnu-toolchain/bin/../lib/gcc/avr/4.9.2/avr5\libgcc.a(_ashrdi3.o)
 .text          0x00000000        0x0 c:/program files (x86)/atmel/studio/7.0/toolchain/avr8/avr8-gnu-toolchain/bin/../lib/gcc/avr/4.9.2/../../../../avr/lib/avr5\libc.a(iob.o)
 .data          0x00000000        0x0 c:/program files (x86)/atmel/studio/7.0/toolchain/avr8/avr8-gnu-toolchain/bin/../lib/gcc/avr/4.9.2/../../../../avr/lib/avr5\libc.a(iob.o)
 .bss           0x00000000        0x0 c:/program files (x86)/atmel/studio/7.0/toolchain/avr8/avr8-gnu-toolchain/bin/../lib/gcc/avr/4.9.2/../../../../avr/lib/avr5\libc.a(iob.o)
 .comment       0x00000000       0x31 c:/program files (x86)/atmel/studio/7.0/toolchain/avr8/avr8-gnu-toolchain/bin/../lib/gcc/avr/4.9.2/../../../../avr/lib/avr5\libc.a(iob.o)
 COMMON         0x00000000        0x6 c:/program files (x86)/atmel/studio/7.0/toolchain/avr8/avr8-gnu-toolchain/bin/../lib/gcc/avr/4.9.2/../../../../avr/lib/avr5\libc.a(iob.o)
 .text          0x00000000        0x0 c:/program files (x86)/atmel/studio/7.0/toolchain/avr8/avr8-gnu-toolchain/bin/../lib/gcc/avr/4.9.2/../../../../avr/lib/avr5\libc.a(printf_p.o)
 .data          0x00000000        0x0 c:/program files (x86)/atmel/studio/7.0/toolchain/avr8/avr8-gnu-toolchain/bin/../lib/gcc/avr/4.9.2/../../../../avr/lib/avr5\libc.a(printf_p.o)
 .bss           0x00000000        0x0 c:/program files (x86)/atmel/studio/7.0/toolchain/avr8/avr8-gnu-toolchain/bin/../lib/gcc/avr/4.9.2/../../../../avr/lib/avr5\libc.a(printf_p.o)
 .text.avr-libc
                0x00000000       0x4c c:/program files (x86)/atmel/studio/7.0/toolchain/avr8/avr8-gnu-toolchain/bin/../lib/gcc/avr/4.9.2/../../../../avr/lib/avr5\libc.a(printf_p.o)
 .comment       0x00000000       0x31 c:/program files (x86)/atmel/studio/7.0/toolchain/avr8/avr8-gnu-toolchain/bin/../lib/gcc/avr/4.9.2/../../../../avr/lib/avr5\libc.a(printf_p.o)
 .text          0x00000000        0x0 c:/program files (x86)/atmel/studio/7.0/toolchain/avr8/avr8-gnu-toolchain/bin/../lib/gcc/avr/4.9.2/../../../../avr/lib/avr5\libc.a(vfprintf_std.o)
 .data          0x00000000        0x0 c:/program files (x86)/atmel/studio/7.0/toolchain/avr8/avr8-gnu-toolchain/bin/../lib/gcc/avr/4.9.2/../../../../avr/lib/avr5\libc.a(vfprintf_std.o)
 .bss           0x00000000        0x0 c:/program files (x86)/atmel/studio/7.0/toolchain/avr8/avr8-gnu-toolchain/bin/../lib/gcc/avr/4.9.2/../../../../avr/lib/avr5\libc.a(vfprintf_std.o)
 .text.avr-libc
                0x00000000      0x3a4 c:/program files (x86)/atmel/studio/7.0/toolchain/avr8/avr8-gnu-toolchain/bin/../lib/gcc/avr/4.9.2/../../../../avr/lib/avr5\libc.a(vfprintf_std.o)
 .comment       0x00000000       0x2d c:/program files (x86)/atmel/studio/7.0/toolchain/avr8/avr8-gnu-toolchain/bin/../lib/gcc/avr/4.9.2/../../../../avr/lib/avr5\libc.a(vfprintf_std.o)
 .text          0x00000000        0x0 c:/program files (x86)/atmel/studio/7.0/toolchain/avr8/avr8-gnu-toolchain/bin/../lib/gcc/avr/4.9.2/../../../../avr/lib/avr5\libc.a(strnlen_P.o)
 .data          0x00000000        0x0 c:/program files (x86)/atmel/studio/7.0/toolchain/avr8/avr8-gnu-toolchain/bin/../lib/gcc/avr/4.9.2/../../../../avr/lib/avr5\libc.a(strnlen_P.o)
 .bss           0x00000000        0x0 c:/program files (x86)/atmel/studio/7.0/toolchain/avr8/avr8-gnu-toolchain/bin/../lib/gcc/avr/4.9.2/../../../../avr/lib/avr5\libc.a(strnlen_P.o)
 .text.avr-libc
                0x00000000       0x16 c:/program files (x86)/atmel/studio/7.0/toolchain/avr8/avr8-gnu-toolchain/bin/../lib/gcc/avr/4.9.2/../../../../avr/lib/avr5\libc.a(strnlen_P.o)
 .text          0x00000000        0x0 c:/program files (x86)/atmel/studio/7.0/toolchain/avr8/avr8-gnu-toolchain/bin/../lib/gcc/avr/4.9.2/../../../../avr/lib/avr5\libc.a(strnlen.o)
 .data          0x00000000        0x0 c:/program files (x86)/atmel/studio/7.0/toolchain/avr8/avr8-gnu-toolchain/bin/../lib/gcc/avr/4.9.2/../../../../avr/lib/avr5\libc.a(strnlen.o)
 .bss           0x00000000        0x0 c:/program files (x86)/atmel/studio/7.0/toolchain/avr8/avr8-gnu-toolchain/bin/../lib/gcc/avr/4.9.2/../../../../avr/lib/avr5\libc.a(strnlen.o)
 .text.avr-libc
                0x00000000       0x16 c:/program files (x86)/atmel/studio/7.0/toolchain/avr8/avr8-gnu-toolchain/bin/../lib/gcc/avr/4.9.2/../../../../avr/lib/avr5\libc.a(strnlen.o)
 .text          0x00000000        0x0 c:/program files (x86)/atmel/studio/7.0/toolchain/avr8/avr8-gnu-toolchain/bin/../lib/gcc/avr/4.9.2/../../../../avr/lib/avr5\libc.a(fputc.o)
 .data          0x00000000        0x0 c:/program files (x86)/atmel/studio/7.0/toolchain/avr8/avr8-gnu-toolchain/bin/../lib/gcc/avr/4.9.2/../../../../avr/lib/avr5\libc.a(fputc.o)
 .bss           0x00000000        0x0 c:/program files (x86)/atmel/studio/7.0/toolchain/avr8/avr8-gnu-toolchain/bin/../lib/gcc/avr/4.9.2/../../../../avr/lib/avr5\libc.a(fputc.o)
 .text.avr-libc
                0x00000000       0x70 c:/program files (x86)/atmel/studio/7.0/toolchain/avr8/avr8-gnu-toolchain/bin/../lib/gcc/avr/4.9.2/../../../../avr/lib/avr5\libc.a(fputc.o)
 .comment       0x00000000       0x31 c:/program files (x86)/atmel/studio/7.0/toolchain/avr8/avr8-gnu-toolchain/bin/../lib/gcc/avr/4.9.2/../../../../avr/lib/avr5\libc.a(fputc.o)
 .text          0x00000000        0x0 c:/program files (x86)/atmel/studio/7.0/toolchain/avr8/avr8-gnu-toolchain/bin/../lib/gcc/avr/4.9.2/../../../../avr/lib/avr5\libc.a(ultoa_invert.o)
 .data          0x00000000        0x0 c:/program files (x86)/atmel/studio/7.0/toolchain/avr8/avr8-gnu-toolchain/bin/../lib/gcc/avr/4.9.2/../../../../avr/lib/avr5\libc.a(ultoa_invert.o)
 .bss           0x00000000        0x0 c:/program files (x86)/atmel/studio/7.0/toolchain/avr8/avr8-gnu-toolchain/bin/../lib/gcc/avr/4.9.2/../../../../avr/lib/avr5\libc.a(ultoa_invert.o)
 .text.avr-libc
                0x00000000       0xbc c:/program files (x86)/atmel/studio/7.0/toolchain/avr8/avr8-gnu-toolchain/bin/../lib/gcc/avr/4.9.2/../../../../avr/lib/avr5\libc.a(ultoa_invert.o)
 .text          0x00000000        0x0 c:/program files (x86)/atmel/studio/7.0/toolchain/avr8/avr8-gnu-toolchain/bin/../lib/gcc/avr/4.9.2/avr5\libgcc.a(_prologue.o)
 .data          0x00000000        0x0 c:/program files (x86)/atmel/studio/7.0/toolchain/avr8/avr8-gnu-toolchain/bin/../lib/gcc/avr/4.9.2/avr5\libgcc.a(_prologue.o)
 .bss           0x00000000        0x0 c:/program files (x86)/atmel/studio/7.0/toolchain/avr8/avr8-gnu-toolchain/bin/../lib/gcc/avr/4.9.2/avr5\libgcc.a(_prologue.o)
 .text.libgcc.mul
                0x00000000        0x0 c:/program files (x86)/atmel/studio/7.0/toolchain/avr8/avr8-gnu-toolchain/bin/../lib/gcc/avr/4.9.2/avr5\libgcc.a(_prologue.o)
 .text.libgcc.div
                0x00000000        0x0 c:/program files (x86)/atmel/studio/7.0/toolchain/avr8/avr8-gnu-toolchain/bin/../lib/gcc/avr/4.9.2/avr5\libgcc.a(_prologue.o)
 .text.libgcc   0x00000000        0x0 c:/program files (x86)/atmel/studio/7.0/toolchain/avr8/avr8-gnu-toolchain/bin/../lib/gcc/avr/4.9.2/avr5\libgcc.a(_prologue.o)
 .text.libgcc.prologue
                0x00000000       0x38 c:/program files (x86)/atmel/studio/7.0/toolchain/avr8/avr8-gnu-toolchain/bin/../lib/gcc/avr/4.9.2/avr5\libgcc.a(_prologue.o)
 .text.libgcc.builtins
                0x00000000        0x0 c:/program files (x86)/atmel/studio/7.0/toolchain/avr8/avr8-gnu-toolchain/bin/../lib/gcc/avr/4.9.2/avr5\libgcc.a(_prologue.o)
 .text.libgcc.fmul
                0x00000000        0x0 c:/program files (x86)/atmel/studio/7.0/toolchain/avr8/avr8-gnu-toolchain/bin/../lib/gcc/avr/4.9.2/avr5\libgcc.a(_prologue.o)
 .text.libgcc.fixed
                0x00000000        0x0 c:/program files (x86)/atmel/studio/7.0/toolchain/avr8/avr8-gnu-toolchain/bin/../lib/gcc/avr/4.9.2/avr5\libgcc.a(_prologue.o)
 .text          0x00000000        0x0 c:/program files (x86)/atmel/studio/7.0/toolchain/avr8/avr8-gnu-toolchain/bin/../lib/gcc/avr/4.9.2/avr5\libgcc.a(_epilogue.o)
 .data          0x00000000        0x0 c:/program files (x86)/atmel/studio/7.0/toolchain/avr8/avr8-gnu-toolchain/bin/../lib/gcc/avr/4.9.2/avr5\libgcc.a(_epilogue.o)
 .bss           0x00000000        0x0 c:/program files (x86)/atmel/studio/7.0/toolchain/avr8/avr8-gnu-toolchain/bin/../lib/gcc/avr/4.9.2/avr5\libgcc.a(_epilogue.o)
 .text.libgcc.mul
                0x00000000        0x0 c:/program files (x86)/atmel/studio/7.0/toolchain/avr8/avr8-gnu-toolchain/bin/../lib/gcc/avr/4.9.2/avr5\libgcc.a(_epilogue.o)
 .text.libgcc.div
                0x00000000        0x0 c:/program files (x86)/atmel/studio/7.0/toolchain/avr8/avr8-gnu-toolchain/bin/../lib/gcc/avr/4.9.2/avr5\libgcc.a(_epilogue.o)
 .text.libgcc   0x00000000        0x0 c:/program files (x86)/atmel/studio/7.0/toolchain/avr8/avr8-gnu-toolchain/bin/../lib/gcc/avr/4.9.2/avr5\libgcc.a(_epilogue.o)
 .text.libgcc.prologue
                0x00000000       0x36 c:/program files (x86)/atmel/studio/7.0/toolchain/avr8/avr8-gnu-toolchain/bin/../lib/gcc/avr/4.9.2/avr5\libgcc.a(_epilogue.o)
 .text.libgcc.builtins
                0x00000000        0x0 c:/program files (x86)/atmel/studio/7.0/toolchain/avr8/avr8-gnu-toolchain/bin/../lib/gcc/avr/4.9.2/avr5\libgcc.a(_epilogue.o)
 .text.libgcc.fmul
                0x00000000        0x0 c:/program files (x86)/atmel/studio/7.0/toolchain/avr8/avr8-gnu-toolchain/bin/../lib/gcc/avr/4.9.2/avr5\libgcc.a(_epilogue.o)
 .text.libgcc.fixed
                0x00000000        0x0 c:/program files (x86)/atmel/studio/7.0/toolchain/avr8/avr8-gnu-toolchain/bin/../lib/gcc/avr/4.9.2/avr5\libgcc.a(_epilogue.o)

Memory Configuration

Name             Origin             Length             Attributes
text             0x00000000         0x00020000         xr
data             0x00800060         0x0000ffa0         rw !x
eeprom           0x00810000         0x00010000         rw !x
fuse             0x00820000         0x00000400         rw !x
lock             0x00830000         0x00000400         rw !x
signature        0x00840000         0x00000400         rw !x
user_signatures  0x00850000         0x00000400         rw !x
*default*        0x00000000         0xffffffff

Linker script and memory map

Address of section .data set to 0x800100
LOAD C:/Program Files (x86)/Atmel/Studio/7.0/Packs/atmel/ATmega_DFP/1.0.106/gcc/dev/atmega328p/avr5/crtatmega328p.o
LOAD ATmega328.o
LOAD can_buffer.o
LOAD main.o
LOAD mcp2515.o
LOAD mcp2515_buffer.o
LOAD mcp2515_error_register.o
LOAD mcp2515_get_dyn_filter.o
LOAD mcp2515_get_message.o
LOAD mcp2515_read_id.o
LOAD mcp2515_regdump.o
LOAD mcp2515_send_message.o
LOAD mcp2515_set_dyn_filter.o
LOAD mcp2515_set_mode.o
LOAD mcp2515_sleep.o
LOAD mcp2515_static_filter.o
LOAD mcp2515_write_id.o
LOAD spi.o
START GROUP
LOAD c:/program files (x86)/atmel/studio/7.0/toolchain/avr8/avr8-gnu-toolchain/bin/../lib/gcc/avr/4.9.2/../../../../avr/lib/avr5\libm.a
END GROUP
START GROUP
LOAD c:/program files (x86)/atmel/studio/7.0/toolchain/avr8/avr8-gnu-toolchain/bin/../lib/gcc/avr/4.9.2/avr5\libgcc.a
LOAD c:/program files (x86)/atmel/studio/7.0/toolchain/avr8/avr8-gnu-toolchain/bin/../lib/gcc/avr/4.9.2/../../../../avr/lib/avr5\libm.a
LOAD c:/program files (x86)/atmel/studio/7.0/toolchain/avr8/avr8-gnu-toolchain/bin/../lib/gcc/avr/4.9.2/../../../../avr/lib/avr5\libc.a
LOAD C:/Program Files (x86)/Atmel/Studio/7.0/Packs/atmel/ATmega_DFP/1.0.106/gcc/dev/atmega328p/avr5\libatmega328p.a
END GROUP
                0x00020000                __TEXT_REGION_LENGTH__ = DEFINED (__TEXT_REGION_LENGTH__)?__TEXT_REGION_LENGTH__:0x20000
                0x0000ffa0                __DATA_REGION_LENGTH__ = DEFINED (__DATA_REGION_LENGTH__)?__DATA_REGION_LENGTH__:0xffa0
                0x00010000                __EEPROM_REGION_LENGTH__ = DEFINED (__EEPROM_REGION_LENGTH__)?__EEPROM_REGION_LENGTH__:0x10000
                0x00000400                __FUSE_REGION_LENGTH__ = DEFINED (__FUSE_REGION_LENGTH__)?__FUSE_REGION_LENGTH__:0x400
                0x00000400                __LOCK_REGION_LENGTH__ = DEFINED (__LOCK_REGION_LENGTH__)?__LOCK_REGION_LENGTH__:0x400
                0x00000400                __SIGNATURE_REGION_LENGTH__ = DEFINED (__SIGNATURE_REGION_LENGTH__)?__SIGNATURE_REGION_LENGTH__:0x400
                0x00000400                __USER_SIGNATURE_REGION_LENGTH__ = DEFINED (__USER_SIGNATURE_REGION_LENGTH__)?__USER_SIGNATURE_REGION_LENGTH__:0x400

.hash
 *(.hash)

.dynsym
 *(.dynsym)

.dynstr
 *(.dynstr)

.gnu.version
 *(.gnu.version)

.gnu.version_d
 *(.gnu.version_d)

.gnu.version_r
 *(.gnu.version_r)

.rel.init
 *(.rel.init)

.rela.init
 *(.rela.init)

.rel.text
 *(.rel.text)
 *(.rel.text.*)
 *(.rel.gnu.linkonce.t*)

.rela.text
 *(.rela.text)
 *(.rela.text.*)
 *(.rela.gnu.linkonce.t*)

.rel.fini
 *(.rel.fini)

.rela.fini
 *(.rela.fini)

.rel.rodata
 *(.rel.rodata)
 *(.rel.rodata.*)
 *(.rel.gnu.linkonce.r*)

.rela.rodata
 *(.rela.rodata)
 *(.rela.rodata.*)
 *(.rela.gnu.linkonce.r*)

.rel.data
 *(.rel.data)
 *(.rel.data.*)
 *(.rel.gnu.linkonce.d*)

.rela.data
 *(.rela.data)
 *(.rela.data.*)
 *(.rela.gnu.linkonce.d*)

.rel.ctors
 *(.rel.ctors)

.rela.ctors
 *(.rela.ctors)

.rel.dtors
 *(.rel.dtors)

.rela.dtors
 *(.rela.dtors)

.rel.got
 *(.rel.got)

.rela.got
 *(.rela.got)

.rel.bss
 *(.rel.bss)

.rela.bss
 *(.rela.bss)

.rel.plt
 *(.rel.plt)

.rela.plt
 *(.rela.plt)

.text           0x00000000      0x922
 *(.vectors)
 .vectors       0x00000000       0x68 C:/Program Files (x86)/Atmel/Studio/7.0/Packs/atmel/ATmega_DFP/1.0.106/gcc/dev/atmega328p/avr5/crtatmega328p.o
                0x00000000                __vector_default
                0x00000000                __vectors
 *(.vectors)
 *(.progmem.gcc*)
                0x00000068                . = ALIGN (0x2)
                0x00000068                __trampolines_start = .
 *(.trampolines)
 .trampolines   0x00000068        0x0 linker stubs
 *(.trampolines*)
                0x00000068                __trampolines_end = .
 *libprintf_flt.a:*(.progmem.data)
 *libc.a:*(.progmem.data)
 *(.progmem*)
 .progmem.data._mcp2515_cnf
                0x00000068       0x18 mcp2515.o
                0x00000068                _mcp2515_cnf
                0x00000080                . = ALIGN (0x2)
 *(.jumptables)
 *(.jumptables*)
 *(.lowtext)
 *(.lowtext*)
                0x00000080                __ctors_start = .
 *(.ctors)
                0x00000080                __ctors_end = .
                0x00000080                __dtors_start = .
 *(.dtors)
                0x00000080                __dtors_end = .
 SORT(*)(.ctors)
 SORT(*)(.dtors)
 *(.init0)
 .init0         0x00000080        0x0 C:/Program Files (x86)/Atmel/Studio/7.0/Packs/atmel/ATmega_DFP/1.0.106/gcc/dev/atmega328p/avr5/crtatmega328p.o
                0x00000080                __init
 *(.init0)
 *(.init1)
 *(.init1)
 *(.init2)
 .init2         0x00000080        0xc C:/Program Files (x86)/Atmel/Studio/7.0/Packs/atmel/ATmega_DFP/1.0.106/gcc/dev/atmega328p/avr5/crtatmega328p.o
 *(.init2)
 *(.init3)
 *(.init3)
 *(.init4)
 .init4         0x0000008c       0x16 c:/program files (x86)/atmel/studio/7.0/toolchain/avr8/avr8-gnu-toolchain/bin/../lib/gcc/avr/4.9.2/avr5\libgcc.a(_copy_data.o)
                0x0000008c                __do_copy_data
 .init4         0x000000a2       0x10 c:/program files (x86)/atmel/studio/7.0/toolchain/avr8/avr8-gnu-toolchain/bin/../lib/gcc/avr/4.9.2/avr5\libgcc.a(_clear_bss.o)
                0x000000a2                __do_clear_bss
 *(.init4)
 *(.init5)
 *(.init5)
 *(.init6)
 *(.init6)
 *(.init7)
 *(.init7)
 *(.init8)
 *(.init8)
 *(.init9)
 .init9         0x000000b2        0x8 C:/Program Files (x86)/Atmel/Studio/7.0/Packs/atmel/ATmega_DFP/1.0.106/gcc/dev/atmega328p/avr5/crtatmega328p.o
 *(.init9)
 *(.text)
 .text          0x000000ba        0x4 C:/Program Files (x86)/Atmel/Studio/7.0/Packs/atmel/ATmega_DFP/1.0.106/gcc/dev/atmega328p/avr5/crtatmega328p.o
                0x000000ba                __vector_22
                0x000000ba                __vector_1
                0x000000ba                __vector_24
                0x000000ba                __vector_12
                0x000000ba                __bad_interrupt
                0x000000ba                __vector_6
                0x000000ba                __vector_3
                0x000000ba                __vector_23
                0x000000ba                __vector_25
                0x000000ba                __vector_11
                0x000000ba                __vector_13
                0x000000ba                __vector_17
                0x000000ba                __vector_19
                0x000000ba                __vector_7
                0x000000ba                __vector_5
                0x000000ba                __vector_4
                0x000000ba                __vector_9
                0x000000ba                __vector_2
                0x000000ba                __vector_21
                0x000000ba                __vector_15
                0x000000ba                __vector_8
                0x000000ba                __vector_14
                0x000000ba                __vector_10
                0x000000ba                __vector_16
                0x000000ba                __vector_20
                0x000000be                . = ALIGN (0x2)
 *(.text.*)
 .text.usartConfig
                0x000000be      0x15e ATmega328.o
                0x000000be                usartConfig
 .text.usartEnableReceiver
                0x0000021c        0xe ATmega328.o
                0x0000021c                usartEnableReceiver
 .text.usartEnableTransmitter
                0x0000022a        0xe ATmega328.o
                0x0000022a                usartEnableTransmitter
 .text.usartActivateReceptionCompleteInterrupt
                0x00000238        0xe ATmega328.o
                0x00000238                usartActivateReceptionCompleteInterrupt
 .text.usartIsBufferEmpty
                0x00000246        0xc ATmega328.o
                0x00000246                usartIsBufferEmpty
 .text.usartTransmit
                0x00000252       0x16 ATmega328.o
                0x00000252                usartTransmit
 .text.usartAddDataToReceiverBuffer
                0x00000268       0x6a ATmega328.o
                0x00000268                usartAddDataToReceiverBuffer
 .text.usartGetDataFromReceiverBuffer
                0x000002d2       0x44 ATmega328.o
                0x000002d2                usartGetDataFromReceiverBuffer
 .text.usartIsReceiverBufferEmpty
                0x00000316        0xc ATmega328.o
                0x00000316                usartIsReceiverBufferEmpty
 .text.stringTransmit
                0x00000322       0x2c main.o
                0x00000322                stringTransmit
 .text.main     0x0000034e       0xe6 main.o
                0x0000034e                main
 .text.__vector_18
                0x00000434       0x4c main.o
                0x00000434                __vector_18
 .text.mcp2515_write_register
                0x00000480       0x24 mcp2515.o
                0x00000480                mcp2515_write_register
 .text.mcp2515_read_register
                0x000004a4       0x1e mcp2515.o
                0x000004a4                mcp2515_read_register
 .text.mcp2515_bit_modify
                0x000004c2       0x30 mcp2515.o
                0x000004c2                mcp2515_bit_modify
 .text.mcp2515_read_status
                0x000004f2       0x10 mcp2515.o
                0x000004f2                mcp2515_read_status
 .text.can_init
                0x00000502       0xf2 mcp2515.o
                0x00000502                can_init
 .text.can_check_message
                0x000005f4        0x8 mcp2515_buffer.o
                0x000005f4                can_check_message
 .text.can_get_message
                0x000005fc       0xf0 mcp2515_get_message.o
                0x000005fc                can_get_message
 .text.mcp2515_read_id
                0x000006ec       0x76 mcp2515_read_id.o
                0x000006ec                mcp2515_read_id
 .text.can_send_message
                0x00000762       0xb0 mcp2515_send_message.o
                0x00000762                can_send_message
 .text.can_set_mode
                0x00000812       0x40 mcp2515_set_mode.o
                0x00000812                can_set_mode
 .text.mcp2515_write_id
                0x00000852       0x36 mcp2515_write_id.o
                0x00000852                mcp2515_write_id
 .text.mcp2515_spi_init
                0x00000888        0xa spi.o
                0x00000888                mcp2515_spi_init
 .text.spi_putc
                0x00000892        0xc spi.o
                0x00000892                spi_putc
 .text.libgcc.div
                0x0000089e       0x44 c:/program files (x86)/atmel/studio/7.0/toolchain/avr8/avr8-gnu-toolchain/bin/../lib/gcc/avr/4.9.2/avr5\libgcc.a(_udivmodsi4.o)
                0x0000089e                __udivmodsi4
 .text.libgcc.builtins
                0x000008e2       0x3c c:/program files (x86)/atmel/studio/7.0/toolchain/avr8/avr8-gnu-toolchain/bin/../lib/gcc/avr/4.9.2/avr5\libgcc.a(_ashrdi3.o)
                0x000008e2                __ashrdi3
                0x000008e6                __lshrdi3
                0x0000091e                . = ALIGN (0x2)
 *(.fini9)
 .fini9         0x0000091e        0x0 c:/program files (x86)/atmel/studio/7.0/toolchain/avr8/avr8-gnu-toolchain/bin/../lib/gcc/avr/4.9.2/avr5\libgcc.a(_exit.o)
                0x0000091e                _exit
                0x0000091e                exit
 *(.fini9)
 *(.fini8)
 *(.fini8)
 *(.fini7)
 *(.fini7)
 *(.fini6)
 *(.fini6)
 *(.fini5)
 *(.fini5)
 *(.fini4)
 *(.fini4)
 *(.fini3)
 *(.fini3)
 *(.fini2)
 *(.fini2)
 *(.fini1)
 *(.fini1)
 *(.fini0)
 .fini0         0x0000091e        0x4 c:/program files (x86)/atmel/studio/7.0/toolchain/avr8/avr8-gnu-toolchain/bin/../lib/gcc/avr/4.9.2/avr5\libgcc.a(_exit.o)
 *(.fini0)
                0x00000922                _etext = .

.data           0x00800100       0xa2 load address 0x00000922
                0x00800100                PROVIDE (__data_start, .)
 *(.data)
 *(.data*)
 *(.rodata)
 *(.rodata*)
 .rodata.str1.1
                0x00800100       0xa1 main.o
 *(.gnu.linkonce.d*)
                0x008001a2                . = ALIGN (0x2)
 *fill*         0x008001a1        0x1 
                0x008001a2                _edata = .
                0x008001a2                PROVIDE (__data_end, .)

.bss            0x008001a2       0x35
                0x008001a2                PROVIDE (__bss_start, .)
 *(.bss)
 *(.bss*)
 *(COMMON)
 COMMON         0x008001a2       0x35 ATmega328.o
                0x008001a2                usartReceiverBuffer
                0x008001d4                usartReceiverBufferNextWrite
                0x008001d5                usartReceiverBufferLength
                0x008001d6                usartReceiverBufferNextRead
                0x008001d7                PROVIDE (__bss_end, .)
                0x00000922                __data_load_start = LOADADDR (.data)
                0x000009c4                __data_load_end = (__data_load_start + SIZEOF (.data))

.noinit         0x008001d7        0x0
                [!provide]                PROVIDE (__noinit_start, .)
 *(.noinit*)
                [!provide]                PROVIDE (__noinit_end, .)
                0x008001d7                _end = .
                [!provide]                PROVIDE (__heap_start, .)

.eeprom         0x00810000        0x0
 *(.eeprom*)
                0x00810000                __eeprom_end = .

.fuse
 *(.fuse)
 *(.lfuse)
 *(.hfuse)
 *(.efuse)

.lock
 *(.lock*)

.signature
 *(.signature*)

.user_signatures
 *(.user_signatures*)

.stab
 *(.stab)

.stabstr
 *(.stabstr)

.stab.excl
 *(.stab.excl)

.stab.exclstr
 *(.stab.exclstr)

.stab.index
 *(.stab.index)

.stab.indexstr
 *(.stab.indexstr)

.comment        0x00000000       0x60
 *(.comment)
 .comment       0x00000000       0x30 ATmega328.o
                                 0x31 (size before relaxing)
 .comment       0x00000030       0x31 main.o
 .comment       0x00000030       0x31 mcp2515.o
 .comment       0x00000030       0x30 mcp2515_buffer.o
                                 0x31 (size before relaxing)
 .comment       0x00000060       0x31 mcp2515_get_message.o
 .comment       0x00000060       0x31 mcp2515_read_id.o
 .comment       0x00000060       0x31 mcp2515_send_message.o
 .comment       0x00000060       0x31 mcp2515_set_mode.o
 .comment       0x00000060       0x31 mcp2515_write_id.o
 .comment       0x00000060       0x31 spi.o

.note.gnu.avr.deviceinfo
                0x00000000       0x40
 .note.gnu.avr.deviceinfo
                0x00000000       0x40 C:/Program Files (x86)/Atmel/Studio/7.0/Packs/atmel/ATmega_DFP/1.0.106/gcc/dev/atmega328p/avr5/crtatmega328p.o

.note.gnu.build-id
 *(.note.gnu.build-id)

.debug
 *(.debug)

.line
 *(.line)

.debug_srcinfo
 *(.debug_srcinfo)

.debug_sfnames
 *(.debug_sfnames)

.debug_aranges  0x00000000      0x710
 *(.debug_aranges)
 .debug_aranges
                0x00000000      0x5b0 ATmega328.o
 .debug_aranges
                0x000005b0       0x30 main.o
 .debug_aranges
                0x000005e0       0x40 mcp2515.o
 .debug_aranges
                0x00000620       0x28 mcp2515_buffer.o
 .debug_aranges
                0x00000648       0x20 mcp2515_get_message.o
 .debug_aranges
                0x00000668       0x20 mcp2515_read_id.o
 .debug_aranges
                0x00000688       0x20 mcp2515_send_message.o
 .debug_aranges
                0x000006a8       0x20 mcp2515_set_mode.o
 .debug_aranges
                0x000006c8       0x20 mcp2515_write_id.o
 .debug_aranges
                0x000006e8       0x28 spi.o

.debug_pubnames
 *(.debug_pubnames)

.debug_info     0x00000000     0x3c76
 *(.debug_info .gnu.linkonce.wi.*)
 .debug_info    0x00000000     0x2436 ATmega328.o
 .debug_info    0x00002436      0x742 main.o
 .debug_info    0x00002b78      0x52d mcp2515.o
 .debug_info    0x000030a5       0xee mcp2515_buffer.o
 .debug_info    0x00003193      0x2f8 mcp2515_get_message.o
 .debug_info    0x0000348b      0x1b7 mcp2515_read_id.o
 .debug_info    0x00003642      0x2dd mcp2515_send_message.o
 .debug_info    0x0000391f      0x142 mcp2515_set_mode.o
 .debug_info    0x00003a61      0x15a mcp2515_write_id.o
 .debug_info    0x00003bbb       0xbb spi.o

.debug_abbrev   0x00000000      0xeba
 *(.debug_abbrev)
 .debug_abbrev  0x00000000      0x388 ATmega328.o
 .debug_abbrev  0x00000388      0x217 main.o
 .debug_abbrev  0x0000059f      0x1d6 mcp2515.o
 .debug_abbrev  0x00000775       0xaf mcp2515_buffer.o
 .debug_abbrev  0x00000824      0x13b mcp2515_get_message.o
 .debug_abbrev  0x0000095f      0x125 mcp2515_read_id.o
 .debug_abbrev  0x00000a84      0x1b5 mcp2515_send_message.o
 .debug_abbrev  0x00000c39       0xe5 mcp2515_set_mode.o
 .debug_abbrev  0x00000d1e      0x122 mcp2515_write_id.o
 .debug_abbrev  0x00000e40       0x7a spi.o

.debug_line     0x00000000     0x2bb5
 *(.debug_line .debug_line.* .debug_line_end)
 .debug_line    0x00000000     0x1ee5 ATmega328.o
 .debug_line    0x00001ee5      0x1b6 main.o
 .debug_line    0x0000209b      0x2d5 mcp2515.o
 .debug_line    0x00002370       0xe8 mcp2515_buffer.o
 .debug_line    0x00002458      0x187 mcp2515_get_message.o
 .debug_line    0x000025df      0x122 mcp2515_read_id.o
 .debug_line    0x00002701      0x1ee mcp2515_send_message.o
 .debug_line    0x000028ef      0x10d mcp2515_set_mode.o
 .debug_line    0x000029fc       0xe5 mcp2515_write_id.o
 .debug_line    0x00002ae1       0xd4 spi.o

.debug_frame    0x00000000      0xea0
 *(.debug_frame)
 .debug_frame   0x00000000      0xbc0 ATmega328.o
 .debug_frame   0x00000bc0       0xac main.o
 .debug_frame   0x00000c6c       0xb0 mcp2515.o
 .debug_frame   0x00000d1c       0x34 mcp2515_buffer.o
 .debug_frame   0x00000d50       0x4c mcp2515_get_message.o
 .debug_frame   0x00000d9c       0x34 mcp2515_read_id.o
 .debug_frame   0x00000dd0       0x48 mcp2515_send_message.o
 .debug_frame   0x00000e18       0x30 mcp2515_set_mode.o
 .debug_frame   0x00000e48       0x24 mcp2515_write_id.o
 .debug_frame   0x00000e6c       0x34 spi.o

.debug_str      0x00000000     0x27a5
 *(.debug_str)
 .debug_str     0x00000000     0x2382 ATmega328.o
                               0x2442 (size before relaxing)
 .debug_str     0x00002382      0x1a2 main.o
                                0x835 (size before relaxing)
 .debug_str     0x00002524       0xf2 mcp2515.o
                                0x33e (size before relaxing)
 .debug_str     0x00002616       0xb8 mcp2515_buffer.o
                                0x218 (size before relaxing)
 .debug_str     0x000026ce       0x30 mcp2515_get_message.o
                                0x251 (size before relaxing)
 .debug_str     0x000026fe       0x30 mcp2515_read_id.o
                                0x210 (size before relaxing)
 .debug_str     0x0000272e       0x3c mcp2515_send_message.o
                                0x28f (size before relaxing)
 .debug_str     0x0000276a       0x18 mcp2515_set_mode.o
                                0x24d (size before relaxing)
 .debug_str     0x00002782       0x18 mcp2515_write_id.o
                                0x20c (size before relaxing)
 .debug_str     0x0000279a        0xb spi.o
                                0x1e3 (size before relaxing)

.debug_loc      0x00000000     0x2392
 *(.debug_loc)
 .debug_loc     0x00000000     0x1812 ATmega328.o
 .debug_loc     0x00001812      0x1f5 main.o
 .debug_loc     0x00001a07      0x4b0 mcp2515.o
 .debug_loc     0x00001eb7       0x13 mcp2515_buffer.o
 .debug_loc     0x00001eca      0x197 mcp2515_get_message.o
 .debug_loc     0x00002061       0xcd mcp2515_read_id.o
 .debug_loc     0x0000212e      0x17a mcp2515_send_message.o
 .debug_loc     0x000022a8       0x6f mcp2515_set_mode.o
 .debug_loc     0x00002317       0x5c mcp2515_write_id.o
 .debug_loc     0x00002373       0x1f spi.o

.debug_macinfo
 *(.debug_macinfo)

.debug_weaknames
 *(.debug_weaknames)

.debug_funcnames
 *(.debug_funcnames)

.debug_typenames
 *(.debug_typenames)

.debug_varnames
 *(.debug_varnames)

.debug_pubtypes
 *(.debug_pubtypes)

.debug_ranges   0x00000000      0x690
 *(.debug_ranges)
 .debug_ranges  0x00000000      0x5c0 ATmega328.o
 .debug_ranges  0x000005c0       0x20 main.o
 .debug_ranges  0x000005e0       0x30 mcp2515.o
 .debug_ranges  0x00000610       0x18 mcp2515_buffer.o
 .debug_ranges  0x00000628       0x10 mcp2515_get_message.o
 .debug_ranges  0x00000638       0x10 mcp2515_read_id.o
 .debug_ranges  0x00000648       0x10 mcp2515_send_message.o
 .debug_ranges  0x00000658       0x10 mcp2515_set_mode.o
 .debug_ranges  0x00000668       0x10 mcp2515_write_id.o
 .debug_ranges  0x00000678       0x18 spi.o

.debug_macro
 *(.debug_macro)
OUTPUT(GccApplication1.elf elf32-avr)
LOAD linker stubs
